*** Using Compiler 'V5.06 update 5 (build 528)', folder: 'C:\Keil_v5\ARM\ARMCC\Bin'
Build target 'Target 1'
assembling startup_stm32f10x_md.s...
compiling core_cm3.c...
compiling stm32f10x_dac.c...
compiling stm32f10x_adc.c...
compiling system_stm32f10x.c...
compiling stm32f10x_pwr.c...
compiling Delay.c...
compiling stm32f10x_can.c...
compiling LED.c...
compiling stm32f10x_dbgmcu.c...
compiling Serial.c...
Hardware\Serial.c(293): warning:  #1-D: last line of file ends without a newline
  }
Hardware\Serial.c: 1 warning, 0 errors
compiling stm32f10x_dma.c...
compiling stm32f10x_crc.c...
compiling misc.c...
compiling stm32f10x_bkp.c...
compiling stm32f10x_cec.c...
compiling stm32f10x_it.c...
compiling stm32f10x_gpio.c...
compiling OLED.c...
compiling Key.c...
compiling stm32f10x_exti.c...
compiling stm32f10x_wwdg.c...
compiling main.c...
.\Hardware\control.h(20): warning:  #1-D: last line of file ends without a newline
  #endif
User\main.c: 1 warning, 0 errors
compiling stm32f10x_usart.c...
compiling stm32f10x_flash.c...
compiling stm32f10x_fsmc.c...
compiling control.c...
compiling stm32f10x_sdio.c...
compiling stm32f10x_iwdg.c...
compiling stm32f10x_rtc.c...
compiling stm32f10x_spi.c...
compiling stm32f10x_i2c.c...
compiling stm32f10x_rcc.c...
compiling stm32f10x_tim.c...
linking...
Program Size: Code=9084 RO-data=1788 RW-data=100 ZI-data=1044  
".\Objects\Project.axf" - 0 Error(s), 2 Warning(s).
Build Time Elapsed:  00:00:02
