*** Using Compiler 'V5.06 update 5 (build 528)', folder: 'C:\Keil_v5\ARM\ARMCC\Bin'
Rebuild target 'Target 1'
assembling startup_stm32f10x_md.s...
compiling core_cm3.c...
compiling system_stm32f10x.c...
compiling stm32f10x_can.c...
compiling stm32f10x_exti.c...
compiling stm32f10x_dbgmcu.c...
compiling stm32f10x_dac.c...
compiling stm32f10x_spi.c...
compiling stm32f10x_cec.c...
compiling misc.c...
compiling stm32f10x_rtc.c...
compiling stm32f10x_flash.c...
compiling stm32f10x_wwdg.c...
compiling stm32f10x_tim.c...
compiling stm32f10x_crc.c...
compiling stm32f10x_adc.c...
compiling Key.c...
compiling main.c...
compiling stm32f10x_sdio.c...
compiling OLED.c...
compiling stm32f10x_iwdg.c...
compiling Delay.c...
compiling stm32f10x_it.c...
compiling Serial.c...
compiling stm32f10x_pwr.c...
compiling stm32f10x_bkp.c...
compiling stm32f10x_dma.c...
compiling LED.c...
compiling stm32f10x_gpio.c...
compiling stm32f10x_usart.c...
compiling stm32f10x_i2c.c...
compiling stm32f10x_rcc.c...
compiling stm32f10x_fsmc.c...
linking...
Program Size: Code=4388 RO-data=268 RW-data=56 ZI-data=1040  
FromELF: creating hex file...
".\Objects\Project.axf" - 0 Error(s), 0 Warning(s).
Build Time Elapsed:  00:00:03
