******************************************************************************
            TI ARM Clang Linker PC v4.0.3                      
******************************************************************************
>> Linked Mon Jul 27 13:18:59 2026

OUTPUT FILE NAME:   <Modular_testing_totalGPIO_NEW_gyro_Replicate_HC copy.out>
ENTRY POINT SYMBOL: "_c_int00_noargs"  address: 000034dd


MEMORY CONFIGURATION

         name            origin    length      used     unused   attr    fill
----------------------  --------  ---------  --------  --------  ----  --------
  FLASH                 00000000   00020000  00004fe8  0001b018  R  X
  SRAM                  20200000   00008000  00000ad3  0000752d  RW X
  BCR_CONFIG            41c00000   000000ff  00000000  000000ff  R   
  BSL_CONFIG            41c00100   00000080  00000000  00000080  R   


SEGMENT ALLOCATION MAP

run origin  load origin   length   init length attrs members
----------  ----------- ---------- ----------- ----- -------
00000000    00000000    00004fe8   00004fe8    r-x
  00000000    00000000    000000c0   000000c0    r-- .intvecs
  000000c0    000000c0    00003640   00003640    r-x .text
  00003700    00003700    000018b0   000018b0    r-- .rodata
  00004fb0    00004fb0    00000038   00000038    r-- .cinit
20200000    20200000    000008d4   00000000    rw-
  20200000    20200000    0000078b   00000000    rw- .bss
  2020078c    2020078c    00000148   00000000    rw- .data
20207e00    20207e00    00000200   00000000    rw-
  20207e00    20207e00    00000200   00000000    rw- .stack


SECTION ALLOCATION MAP

 output                                  attributes/
section   page    origin      length       input sections
--------  ----  ----------  ----------   ----------------
.intvecs   0    00000000    000000c0     
                  00000000    000000c0     startup_mspm0g350x_ticlang.o (.intvecs)

.text      0    000000c0    00003640     
                  000000c0    00000578     empty.o (.text.main)
                  00000638    0000038e     oled.o (.text.OLED_ShowNum)
                  000009c6    00000002     startup_mspm0g350x_ticlang.o (.text.Default_Handler)
                  000009c8    00000324     oled.o (.text.OLED_WriteBlock)
                  00000cec    0000030c     GyroControl.o (.text.GyroControl_Update)
                  00000ff8    000002a8     ti_msp_dl_config.o (.text.SYSCFG_DL_SYSCTL_SYSPLL_init)
                  000012a0    00000270     line.o (.text.track_zhixian1)
                  00001510    00000228     gyro.o (.text.Gyro_ParseByte)
                  00001738    000001b4     oled.o (.text.OLED_Init)
                  000018ec    00000188     oled.o (.text.OLED_ShowChar)
                  00001a74    00000144     oled.o (.text.OLED_Clear)
                  00001bb8    0000013c     ti_msp_dl_config.o (.text.SYSCFG_DL_GPIO_init)
                  00001cf4    00000138     oled.o (.text.OLED_Refresh)
                  00001e2c    00000104     driverlib.a : dl_timer.o (.text.DL_Timer_initFourCCPWMMode)
                  00001f30    000000fc                 : dl_timer.o (.text.DL_Timer_initTimerMode)
                  0000202c    000000e0     ti_msp_dl_config.o (.text.SYSCFG_DL_PWM_0_init)
                  0000210c    000000dc     driverlib.a : dl_sysctl_mspm0g1x0x_g3x0x.o (.text.DL_SYSCTL_configSYSPLL)
                  000021e8    000000d8     libclang_rt.builtins.a : addsf3.S.obj (.text)
                  000022c0    000000c0     PID.o (.text.Position_PID)
                  00002380    000000c0     time.o (.text.TIMA1_IRQHandler)
                  00002440    000000c0     time.o (.text.TIMG0_IRQHandler)
                  00002500    000000bc     ti_msp_dl_config.o (.text.SYSCFG_DL_SYSCTL_init)
                  000025bc    000000b0     GyroControl.o (.text.GyroControl_NormalizeAngle)
                  0000266c    000000ac     PID.o (.text.PID_Iint)
                  00002718    000000a8     Motor.o (.text.Motor_SetSpeed)
                  000027c0    0000009c     PID.o (.text.Incremental_PID)
                  0000285c    0000009a     libc.a : memcpy16.S.obj (.text:memcpy)
                  000028f6    00000002     libclang_rt.builtins.a : aeabi_div0.c.obj (.text.__aeabi_idiv0)
                  000028f8    0000008c                            : mulsf3.S.obj (.text.__mulsf3)
                  00002984    0000008c     Motor.o (.text.motor)
                  00002a10    00000088     Encoder.o (.text.Encoder_Init)
                  00002a98    00000088     empty.o (.text.UART1_IRQHandler)
                  00002b20    00000084     GyroControl.o (.text.GyroControl_Init)
                  00002ba4    00000084     ti_msp_dl_config.o (.text.SYSCFG_DL_Gyro_init)
                  00002c28    00000082     libclang_rt.builtins.a : divsf3.S.obj (.text.__divsf3)
                  00002caa    00000002     --HOLE-- [fill = 0]
                  00002cac    00000080     ti_msp_dl_config.o (.text.SYSCFG_DL_HC_init)
                  00002d2c    0000007c     libc.a : copy_decompress_lzss.c.obj (.text:decompress:lzss)
                  00002da8    00000070     oled.o (.text.OLED_ClearArea)
                  00002e18    00000070     ti_msp_dl_config.o (.text.SYSCFG_DL_initPower)
                  00002e88    00000064     Encoder_GPIO.o (.text.GROUP1_IRQHandler)
                  00002eec    00000064     sensor.o (.text.digtal)
                  00002f50    00000062     libclang_rt.builtins.a : aeabi_fcmp.S.obj (.text.__aeabi_fcmp)
                  00002fb2    00000062     libc.a : memset16.S.obj (.text:memset)
                  00003014    00000060     oled.o (.text.OLED_ShowString)
                  00003074    0000005e     driverlib.a : dl_i2c.o (.text.DL_I2C_fillControllerTXFIFO)
                  000030d2    00000002     --HOLE-- [fill = 0]
                  000030d4    00000054     ti_msp_dl_config.o (.text.SYSCFG_DL_OLED_init)
                  00003128    00000050     line.o (.text.checkLineFound)
                  00003178    0000004c     ti_msp_dl_config.o (.text.SYSCFG_DL_Pathfinding_TIM_init)
                  000031c4    00000048     driverlib.a : dl_uart.o (.text.DL_UART_init)
                  0000320c    00000048     ti_msp_dl_config.o (.text.SYSCFG_DL_PID_TIM_init)
                  00003254    00000044     driverlib.a : dl_sysctl_mspm0g1x0x_g3x0x.o (.text.DL_SYSCTL_switchMCLKfromSYSOSCtoHSCLK)
                  00003298    00000040     libclang_rt.builtins.a : aeabi_uidivmod.S.obj (.text.__aeabi_uidivmod)
                  000032d8    0000003c     ti_msp_dl_config.o (.text.SYSCFG_DL_init)
                  00003314    0000003c     libclang_rt.builtins.a : floatsisf.S.obj (.text.__floatsisf)
                  00003350    0000003c                            : comparesf2.S.obj (.text.__gtsf2)
                  0000338c    0000003c     libc.a : autoinit.c.obj (.text:__TI_auto_init_nobinit_nopinit)
                  000033c8    0000003a     libclang_rt.builtins.a : comparesf2.S.obj (.text.__eqsf2)
                  00003402    00000002     --HOLE-- [fill = 0]
                  00003404    0000003a                            : muldsi3.S.obj (.text.__muldsi3)
                  0000343e    00000002     --HOLE-- [fill = 0]
                  00003440    00000038                            : fixsfsi.S.obj (.text.__fixsfsi)
                  00003478    00000032                            : fixunssfsi.S.obj (.text.__fixunssfsi)
                  000034aa    00000002     --HOLE-- [fill = 0]
                  000034ac    00000030     bsp_hc05.o (.text.BLE_send_String)
                  000034dc    00000028     libc.a : boot_cortex_m.c.obj (.text:_c_int00_noargs)
                  00003504    00000026     driverlib.a : dl_i2c.o (.text.DL_I2C_setClockConfig)
                  0000352a    00000002     --HOLE-- [fill = 0]
                  0000352c    00000024     bsp_hc05.o (.text.Clear_BLERX_BUFF)
                  00003550    00000020     Encoder_GPIO.o (.text.Encoder_GPIO_Init)
                  00003570    00000020     Motor.o (.text.Motor_Init)
                  00003590    00000020     empty.o (.text.UART2_IRQHandler)
                  000035b0    0000001c     driverlib.a : dl_sysctl_mspm0g1x0x_g3x0x.o (.text.DL_SYSCTL_configFCC)
                  000035cc    0000001c                 : dl_timer.o (.text.DL_Timer_setCaptCompUpdateMethod)
                  000035e8    0000001c                 : dl_timer.o (.text.DL_Timer_setClockConfig)
                  00003604    00000018     bsp_hc05.o (.text.Bluetooth_Init)
                  0000361c    00000018     driverlib.a : dl_timer.o (.text.DL_Timer_setCaptureCompareOutCtl)
                  00003634    00000012                 : dl_uart.o (.text.DL_UART_setClockConfig)
                  00003646    00000012     libc.a : copy_decompress_none.c.obj (.text:decompress:none)
                  00003658    00000010     driverlib.a : dl_timer.o (.text.DL_Timer_setCaptureCompareValue)
                  00003668    00000010     Encoder.o (.text.Encoder3_Get)
                  00003678    00000010     Encoder_GPIO.o (.text.Encoder4_Get)
                  00003688    00000010     time.o (.text.delay_ms)
                  00003698    00000010     libc.a : copy_zero_init.c.obj (.text:decompress:ZI)
                  000036a8    0000000c     GyroControl.o (.text.GyroControl_SetTarget)
                  000036b4    0000000c     gyro.o (.text.Gyro_GetRateZ)
                  000036c0    0000000c     gyro.o (.text.Gyro_GetYaw)
                  000036cc    0000000c     libclang_rt.builtins.a : aeabi_memset.S.obj (.text.__aeabi_memclr)
                  000036d8    0000000a     driverlib.a : dl_common.o (.text.DL_Common_delayCycles)
                  000036e2    00000002     --HOLE-- [fill = 0]
                  000036e4    00000008     libclang_rt.builtins.a : aeabi_memcpy.S.obj (.text.__aeabi_memcpy)
                  000036ec    00000006     libc.a : exit.c.obj (.text:abort)
                  000036f2    00000004     libsysbm.a : hostexit.c.obj (.text.HOSTexit)
                  000036f6    00000004     startup_mspm0g350x_ticlang.o (.text.Reset_Handler)
                  000036fa    00000004     libc.a : pre_init.c.obj (.text._system_pre_init)
                  000036fe    00000002     --HOLE-- [fill = 0]

.cinit     0    00004fb0    00000038     
                  00004fb0    00000010     (.cinit..data.load) [load image, compression = lzss]
                  00004fc0    0000000c     (__TI_handler_table)
                  00004fcc    00000008     (.cinit..bss.load) [load image, compression = zero_init]
                  00004fd4    00000010     (__TI_cinit_table)
                  00004fe4    00000004     --HOLE-- [fill = 0]

.rodata    0    00003700    000018b0     
                  00003700    00000d5c     oled.o (.rodata.asc2_2412)
                  0000445c    000005f0     oled.o (.rodata.asc2_1608)
                  00004a4c    00000474     oled.o (.rodata.asc2_1206)
                  00004ec0    00000028     ti_msp_dl_config.o (.rodata.gSYSPLLConfig)
                  00004ee8    0000001c     oled.o (.rodata.OLED_Init.init_cmds)
                  00004f04    00000014     ti_msp_dl_config.o (.rodata.gPID_TIMTimerConfig)
                  00004f18    00000014     ti_msp_dl_config.o (.rodata.gPathfinding_TIMTimerConfig)
                  00004f2c    00000010     empty.o (.rodata.str1.9517790425240694019.1)
                  00004f3c    0000000c     empty.o (.rodata.str1.254342170260855183.1)
                  00004f48    0000000a     ti_msp_dl_config.o (.rodata.gGyroConfig)
                  00004f52    0000000a     ti_msp_dl_config.o (.rodata.gHCConfig)
                  00004f5c    00000008     ti_msp_dl_config.o (.rodata.gPWM_0Config)
                  00004f64    00000008     empty.o (.rodata.str1.15170238581331914936.1)
                  00004f6c    00000005     empty.o (.rodata.str1.11822412164550770238.1)
                  00004f71    00000005     empty.o (.rodata.str1.14685083708502177989.1)
                  00004f76    00000005     empty.o (.rodata.str1.17669528882079347314.1)
                  00004f7b    00000005     empty.o (.rodata.str1.7386103758396746866.1)
                  00004f80    00000004     Motor.o (.rodata.cst4)
                  00004f84    00000004     empty.o (.rodata.str1.150872071346279890.1)
                  00004f88    00000004     empty.o (.rodata.str1.15706828512682300538.1)
                  00004f8c    00000003     ti_msp_dl_config.o (.rodata.gPID_TIMClockConfig)
                  00004f8f    00000003     ti_msp_dl_config.o (.rodata.gPWM_0ClockConfig)
                  00004f92    00000003     ti_msp_dl_config.o (.rodata.gPathfinding_TIMClockConfig)
                  00004f95    00000003     empty.o (.rodata.str1.11898133897667081452.1)
                  00004f98    00000003     empty.o (.rodata.str1.16704889451495720520.1)
                  00004f9b    00000003     empty.o (.rodata.str1.17686411042290499047.1)
                  00004f9e    00000003     empty.o (.rodata.str1.2196762768037919588.1)
                  00004fa1    00000003     empty.o (.rodata.str1.7401042497206923953.1)
                  00004fa4    00000002     ti_msp_dl_config.o (.rodata.gGyroClockConfig)
                  00004fa6    00000002     ti_msp_dl_config.o (.rodata.gHCClockConfig)
                  00004fa8    00000002     ti_msp_dl_config.o (.rodata.gOLEDClockConfig)
                  00004faa    00000002     empty.o (.rodata.str1.9410084661655729462.1)
                  00004fac    00000004     --HOLE-- [fill = 0]

.init_array 
*          0    00000000    00000000     UNINITIALIZED

.binit     0    00000000    00000000     

.bss       0    20200000    0000078b     UNINITIALIZED
                  20200000    00000400     (.common:OLED_GRAM)
                  20200400    00000100     (.common:BLERX_BUFF)
                  20200500    000000bc     (.common:gPWM_0Backup)
                  202005bc    000000bc     (.common:gPathfinding_TIMBackup)
                  20200678    00000038     (.common:PID_findway)
                  202006b0    00000030     (.common:PID_MotorA)
                  202006e0    00000030     (.common:PID_MotorB)
                  20200710    00000028     (.common:GyroControl)
                  20200738    00000024     (.common:GyroPID_Angle)
                  2020075c    00000024     (.common:GyroPID_Gyro)
                  20200780    0000000b     gyro.o (.bss.Gyro_ParseByte.ucRxBuffer)

.data      0    2020078c    00000148     UNINITIALIZED
                  2020078c    00000100     empty.o (.data.last_ble_data)
                  2020088c    00000004     line.o (.data.base_speed)
                  20200890    00000004     Encoder_GPIO.o (.data.encoder_count)
                  20200894    00000004     gyro.o (.data.g_accel.0)
                  20200898    00000004     gyro.o (.data.g_accel.1)
                  2020089c    00000004     gyro.o (.data.g_accel.2)
                  202008a0    00000004     gyro.o (.data.g_angle.0)
                  202008a4    00000004     gyro.o (.data.g_angle.1)
                  202008a8    00000004     gyro.o (.data.g_angle.2)
                  202008ac    00000004     gyro.o (.data.g_rate.0)
                  202008b0    00000004     gyro.o (.data.g_rate.1)
                  202008b4    00000004     gyro.o (.data.g_rate.2)
                  202008b8    00000004     time.o (.data.i)
                  202008bc    00000004     line.o (.data.targetYaw)
                  202008c0    00000004     time.o (.data.timer6Count)
                  202008c4    00000004     line.o (.data.yawWhenLost)
                  202008c8    00000001     bsp_hc05.o (.data.BLERX_FLAG)
                  202008c9    00000001     bsp_hc05.o (.data.BLERX_LEN)
                  202008ca    00000001     gyro.o (.data.Gyro_ParseByte.ucRxCnt)
                  202008cb    00000001     sensor.o (.data.check)
                  202008cc    00000001     line.o (.data.controlMode)
                  202008cd    00000001     line.o (.data.controlModelast)
                  202008ce    00000001     empty.o (.data.frame_incomplete)
                  202008cf    00000001     empty.o (.data.frame_started)
                  202008d0    00000001     GyroControl.o (.data.gyroDir)
                  202008d1    00000001     line.o (.data.gyroToLineFlag)
                  202008d2    00000001     line.o (.data.isLineLost)
                  202008d3    00000001     time.o (.data.pid_enabled)

.stack     0    20207e00    00000200     UNINITIALIZED
                  20207e00    00000004     libc.a : boot_cortex_m.c.obj (.stack)
                  20207e04    000001fc     --HOLE--

__llvm_prf_cnts 
*          0    20200000    00000000     UNINITIALIZED

__llvm_prf_bits 
*          0    20200000    00000000     UNINITIALIZED

MODULE SUMMARY

       Module                         code    ro data   rw data
       ------                         ----    -------   -------
    .\
       oled.o                         3386    6108      1024   
       ti_msp_dl_config.o             2072    123       376    
       empty.o                        1568    81        258    
       GyroControl.o                  1100    0         113    
       line.o                         704     0         16     
       PID.o                          520     0         152    
       gyro.o                         576     0         48     
       time.o                         400     0         9      
       bsp_hc05.o                     108     0         258    
       Motor.o                        340     4         0      
       startup_mspm0g350x_ticlang.o   6       192       0      
       Encoder.o                      152     0         0      
       Encoder_GPIO.o                 148     0         4      
       sensor.o                       100     0         1      
    +--+------------------------------+-------+---------+---------+
       Total:                         11180   6508      2259   
                                                               
    C:/ti/mspm0_sdk_2_11_00_07/source/ti/driverlib/lib/ticlang/m0p/mspm0g1x0x_g3x0x/driverlib.a
       dl_timer.o                     608     0         0      
       dl_sysctl_mspm0g1x0x_g3x0x.o   316     0         0      
       dl_i2c.o                       132     0         0      
       dl_uart.o                      90      0         0      
       dl_common.o                    10      0         0      
    +--+------------------------------+-------+---------+---------+
       Total:                         1156    0         0      
                                                               
    C:\ti\ccs2020\ccs\tools\compiler\ti-cgt-armllvm_4.0.3.LTS\lib\armv6m-ti-none-eabi/c/libc.a
       memcpy16.S.obj                 154     0         0      
       copy_decompress_lzss.c.obj     124     0         0      
       memset16.S.obj                 98      0         0      
       autoinit.c.obj                 60      0         0      
       boot_cortex_m.c.obj            40      0         0      
       copy_decompress_none.c.obj     18      0         0      
       copy_zero_init.c.obj           16      0         0      
       exit.c.obj                     6       0         0      
       pre_init.c.obj                 4       0         0      
    +--+------------------------------+-------+---------+---------+
       Total:                         520     0         0      
                                                               
    C:\ti\ccs2020\ccs\tools\compiler\ti-cgt-armllvm_4.0.3.LTS\lib\armv6m-ti-none-eabi/c/libsysbm.a
       hostexit.c.obj                 4       0         0      
    +--+------------------------------+-------+---------+---------+
       Total:                         4       0         0      
                                                               
    C:\ti\ccs2020\ccs\tools\compiler\ti-cgt-armllvm_4.0.3.LTS\lib\armv6m-ti-none-eabi/libclang_rt.builtins.a
       addsf3.S.obj                   216     0         0      
       mulsf3.S.obj                   140     0         0      
       divsf3.S.obj                   130     0         0      
       comparesf2.S.obj               118     0         0      
       aeabi_fcmp.S.obj               98      0         0      
       aeabi_uidivmod.S.obj           64      0         0      
       floatsisf.S.obj                60      0         0      
       muldsi3.S.obj                  58      0         0      
       fixsfsi.S.obj                  56      0         0      
       fixunssfsi.S.obj               50      0         0      
       aeabi_memset.S.obj             12      0         0      
       aeabi_memcpy.S.obj             8       0         0      
       aeabi_div0.c.obj               2       0         0      
    +--+------------------------------+-------+---------+---------+
       Total:                         1012    0         0      
                                                               
       Stack:                         0       0         512    
       Linker Generated:              0       52        0      
    +--+------------------------------+-------+---------+---------+
       Grand Total:                   13872   6560      2771   


LINKER GENERATED COPY TABLES

__TI_cinit_table @ 00004fd4 records: 2, size/record: 8, table size: 16
	.data: load addr=00004fb0, load size=00000010 bytes, run addr=2020078c, run size=00000148 bytes, compression=lzss
	.bss: load addr=00004fcc, load size=00000008 bytes, run addr=20200000, run size=0000078b bytes, compression=zero_init


LINKER GENERATED HANDLER TABLE

__TI_handler_table @ 00004fc0 records: 3, size/record: 4, table size: 12
	index: 0, handler: __TI_decompress_lzss
	index: 1, handler: __TI_decompress_none
	index: 2, handler: __TI_zero_init


GLOBAL SYMBOLS: SORTED ALPHABETICALLY BY Name 

address   name                                 
-------   ----                                 
000009c7  ADC0_IRQHandler                      
000009c7  ADC1_IRQHandler                      
000009c7  AES_IRQHandler                       
20200400  BLERX_BUFF                           
202008c8  BLERX_FLAG                           
202008c9  BLERX_LEN                            
000034ad  BLE_send_String                      
00003605  Bluetooth_Init                       
000036f2  C$$EXIT                              
000009c7  CANFD0_IRQHandler                    
0000352d  Clear_BLERX_BUFF                     
000009c7  DAC0_IRQHandler                      
000036d9  DL_Common_delayCycles                
00003075  DL_I2C_fillControllerTXFIFO          
00003505  DL_I2C_setClockConfig                
000035b1  DL_SYSCTL_configFCC                  
0000210d  DL_SYSCTL_configSYSPLL               
00003255  DL_SYSCTL_switchMCLKfromSYSOSCtoHSCLK
00001e2d  DL_Timer_initFourCCPWMMode           
00001f31  DL_Timer_initTimerMode               
000035cd  DL_Timer_setCaptCompUpdateMethod     
0000361d  DL_Timer_setCaptureCompareOutCtl     
00003659  DL_Timer_setCaptureCompareValue      
000035e9  DL_Timer_setClockConfig              
000031c5  DL_UART_init                         
00003635  DL_UART_setClockConfig               
000009c7  DMA_IRQHandler                       
000009c7  Default_Handler                      
00003669  Encoder3_Get                         
00003679  Encoder4_Get                         
00003551  Encoder_GPIO_Init                    
00002a11  Encoder_Init                         
000009c7  GROUP0_IRQHandler                    
00002e89  GROUP1_IRQHandler                    
20200710  GyroControl                          
00002b21  GyroControl_Init                     
000025bd  GyroControl_NormalizeAngle           
000036a9  GyroControl_SetTarget                
00000ced  GyroControl_Update                   
20200738  GyroPID_Angle                        
2020075c  GyroPID_Gyro                         
000036b5  Gyro_GetRateZ                        
000036c1  Gyro_GetYaw                          
00001511  Gyro_ParseByte                       
000036f3  HOSTexit                             
000009c7  HardFault_Handler                    
000009c7  I2C0_IRQHandler                      
000009c7  I2C1_IRQHandler                      
000027c1  Incremental_PID                      
00003571  Motor_Init                           
00002719  Motor_SetSpeed                       
000009c7  NMI_Handler                          
00001a75  OLED_Clear                           
00002da9  OLED_ClearArea                       
20200000  OLED_GRAM                            
00001739  OLED_Init                            
00001cf5  OLED_Refresh                         
000018ed  OLED_ShowChar                        
00000639  OLED_ShowNum                         
00003015  OLED_ShowString                      
0000266d  PID_Iint                             
202006b0  PID_MotorA                           
202006e0  PID_MotorB                           
20200678  PID_findway                          
000009c7  PendSV_Handler                       
000022c1  Position_PID                         
000009c7  RTC_IRQHandler                       
000036f7  Reset_Handler                        
000009c7  SPI0_IRQHandler                      
000009c7  SPI1_IRQHandler                      
000009c7  SVC_Handler                          
00001bb9  SYSCFG_DL_GPIO_init                  
00002ba5  SYSCFG_DL_Gyro_init                  
00002cad  SYSCFG_DL_HC_init                    
000030d5  SYSCFG_DL_OLED_init                  
0000320d  SYSCFG_DL_PID_TIM_init               
0000202d  SYSCFG_DL_PWM_0_init                 
00003179  SYSCFG_DL_Pathfinding_TIM_init       
00000ff9  SYSCFG_DL_SYSCTL_SYSPLL_init         
00002501  SYSCFG_DL_SYSCTL_init                
000032d9  SYSCFG_DL_init                       
00002e19  SYSCFG_DL_initPower                  
000009c7  SysTick_Handler                      
000009c7  TIMA0_IRQHandler                     
00002381  TIMA1_IRQHandler                     
00002441  TIMG0_IRQHandler                     
000009c7  TIMG12_IRQHandler                    
000009c7  TIMG6_IRQHandler                     
000009c7  TIMG7_IRQHandler                     
000009c7  TIMG8_IRQHandler                     
000009c7  UART0_IRQHandler                     
00002a99  UART1_IRQHandler                     
00003591  UART2_IRQHandler                     
000009c7  UART3_IRQHandler                     
20208000  __STACK_END                          
00000200  __STACK_SIZE                         
00000000  __TI_ATRegion0_region_sz             
00000000  __TI_ATRegion0_src_addr              
00000000  __TI_ATRegion0_trg_addr              
00000000  __TI_ATRegion1_region_sz             
00000000  __TI_ATRegion1_src_addr              
00000000  __TI_ATRegion1_trg_addr              
00000000  __TI_ATRegion2_region_sz             
00000000  __TI_ATRegion2_src_addr              
00000000  __TI_ATRegion2_trg_addr              
00004fd4  __TI_CINIT_Base                      
00004fe4  __TI_CINIT_Limit                     
00004fe4  __TI_CINIT_Warm                      
00004fc0  __TI_Handler_Table_Base              
00004fcc  __TI_Handler_Table_Limit             
0000338d  __TI_auto_init_nobinit_nopinit       
00002d2d  __TI_decompress_lzss                 
00003647  __TI_decompress_none                 
ffffffff  __TI_pprof_out_hndl                  
ffffffff  __TI_prof_data_size                  
ffffffff  __TI_prof_data_start                 
00000000  __TI_static_base__                   
00003699  __TI_zero_init                       
000021f3  __addsf3                             
00003441  __aeabi_f2iz                         
00003479  __aeabi_f2uiz                        
000021f3  __aeabi_fadd                         
00002f51  __aeabi_fcmpeq                       
00002f8d  __aeabi_fcmpge                       
00002fa1  __aeabi_fcmpgt                       
00002f79  __aeabi_fcmple                       
00002f65  __aeabi_fcmplt                       
00002c29  __aeabi_fdiv                         
000028f9  __aeabi_fmul                         
000021e9  __aeabi_fsub                         
00003315  __aeabi_i2f                          
000028f7  __aeabi_idiv0                        
000036cd  __aeabi_memclr                       
000036cd  __aeabi_memclr4                      
000036cd  __aeabi_memclr8                      
000036e5  __aeabi_memcpy                       
000036e5  __aeabi_memcpy4                      
000036e5  __aeabi_memcpy8                      
00003299  __aeabi_uidiv                        
00003299  __aeabi_uidivmod                     
ffffffff  __binit__                            
000033c9  __cmpsf2                             
00002c29  __divsf3                             
000033c9  __eqsf2                              
00003441  __fixsfsi                            
00003479  __fixunssfsi                         
00003315  __floatsisf                          
00003351  __gesf2                              
00003351  __gtsf2                              
000033c9  __lesf2                              
000033c9  __ltsf2                              
UNDEFED   __mpu_init                           
00003405  __muldsi3                            
000028f9  __mulsf3                             
000033c9  __nesf2                              
20207e00  __stack                              
20200000  __start___llvm_prf_bits              
20200000  __start___llvm_prf_cnts              
20200000  __stop___llvm_prf_bits               
20200000  __stop___llvm_prf_cnts               
000021e9  __subsf3                             
000034dd  _c_int00_noargs                      
UNDEFED   _system_post_cinit                   
000036fb  _system_pre_init                     
000036ed  abort                                
00004a4c  asc2_1206                            
0000445c  asc2_1608                            
00003700  asc2_2412                            
2020088c  base_speed                           
ffffffff  binit                                
202008cb  check                                
00003129  checkLineFound                       
202008cc  controlMode                          
202008cd  controlModelast                      
00003689  delay_ms                             
00002eed  digtal                               
20200500  gPWM_0Backup                         
202005bc  gPathfinding_TIMBackup               
202008d0  gyroDir                              
202008d1  gyroToLineFlag                       
00000000  interruptVectors                     
202008d2  isLineLost                           
000000c1  main                                 
0000285d  memcpy                               
00002fb3  memset                               
00002985  motor                                
202008d3  pid_enabled                          
202008bc  targetYaw                            
202008c0  timer6Count                          
000012a1  track_zhixian1                       
202008c4  yawWhenLost                          


GLOBAL SYMBOLS: SORTED BY Symbol Address 

address   name                                 
-------   ----                                 
00000000  __TI_ATRegion0_region_sz             
00000000  __TI_ATRegion0_src_addr              
00000000  __TI_ATRegion0_trg_addr              
00000000  __TI_ATRegion1_region_sz             
00000000  __TI_ATRegion1_src_addr              
00000000  __TI_ATRegion1_trg_addr              
00000000  __TI_ATRegion2_region_sz             
00000000  __TI_ATRegion2_src_addr              
00000000  __TI_ATRegion2_trg_addr              
00000000  __TI_static_base__                   
00000000  interruptVectors                     
000000c1  main                                 
00000200  __STACK_SIZE                         
00000639  OLED_ShowNum                         
000009c7  ADC0_IRQHandler                      
000009c7  ADC1_IRQHandler                      
000009c7  AES_IRQHandler                       
000009c7  CANFD0_IRQHandler                    
000009c7  DAC0_IRQHandler                      
000009c7  DMA_IRQHandler                       
000009c7  Default_Handler                      
000009c7  GROUP0_IRQHandler                    
000009c7  HardFault_Handler                    
000009c7  I2C0_IRQHandler                      
000009c7  I2C1_IRQHandler                      
000009c7  NMI_Handler                          
000009c7  PendSV_Handler                       
000009c7  RTC_IRQHandler                       
000009c7  SPI0_IRQHandler                      
000009c7  SPI1_IRQHandler                      
000009c7  SVC_Handler                          
000009c7  SysTick_Handler                      
000009c7  TIMA0_IRQHandler                     
000009c7  TIMG12_IRQHandler                    
000009c7  TIMG6_IRQHandler                     
000009c7  TIMG7_IRQHandler                     
000009c7  TIMG8_IRQHandler                     
000009c7  UART0_IRQHandler                     
000009c7  UART3_IRQHandler                     
00000ced  GyroControl_Update                   
00000ff9  SYSCFG_DL_SYSCTL_SYSPLL_init         
000012a1  track_zhixian1                       
00001511  Gyro_ParseByte                       
00001739  OLED_Init                            
000018ed  OLED_ShowChar                        
00001a75  OLED_Clear                           
00001bb9  SYSCFG_DL_GPIO_init                  
00001cf5  OLED_Refresh                         
00001e2d  DL_Timer_initFourCCPWMMode           
00001f31  DL_Timer_initTimerMode               
0000202d  SYSCFG_DL_PWM_0_init                 
0000210d  DL_SYSCTL_configSYSPLL               
000021e9  __aeabi_fsub                         
000021e9  __subsf3                             
000021f3  __addsf3                             
000021f3  __aeabi_fadd                         
000022c1  Position_PID                         
00002381  TIMA1_IRQHandler                     
00002441  TIMG0_IRQHandler                     
00002501  SYSCFG_DL_SYSCTL_init                
000025bd  GyroControl_NormalizeAngle           
0000266d  PID_Iint                             
00002719  Motor_SetSpeed                       
000027c1  Incremental_PID                      
0000285d  memcpy                               
000028f7  __aeabi_idiv0                        
000028f9  __aeabi_fmul                         
000028f9  __mulsf3                             
00002985  motor                                
00002a11  Encoder_Init                         
00002a99  UART1_IRQHandler                     
00002b21  GyroControl_Init                     
00002ba5  SYSCFG_DL_Gyro_init                  
00002c29  __aeabi_fdiv                         
00002c29  __divsf3                             
00002cad  SYSCFG_DL_HC_init                    
00002d2d  __TI_decompress_lzss                 
00002da9  OLED_ClearArea                       
00002e19  SYSCFG_DL_initPower                  
00002e89  GROUP1_IRQHandler                    
00002eed  digtal                               
00002f51  __aeabi_fcmpeq                       
00002f65  __aeabi_fcmplt                       
00002f79  __aeabi_fcmple                       
00002f8d  __aeabi_fcmpge                       
00002fa1  __aeabi_fcmpgt                       
00002fb3  memset                               
00003015  OLED_ShowString                      
00003075  DL_I2C_fillControllerTXFIFO          
000030d5  SYSCFG_DL_OLED_init                  
00003129  checkLineFound                       
00003179  SYSCFG_DL_Pathfinding_TIM_init       
000031c5  DL_UART_init                         
0000320d  SYSCFG_DL_PID_TIM_init               
00003255  DL_SYSCTL_switchMCLKfromSYSOSCtoHSCLK
00003299  __aeabi_uidiv                        
00003299  __aeabi_uidivmod                     
000032d9  SYSCFG_DL_init                       
00003315  __aeabi_i2f                          
00003315  __floatsisf                          
00003351  __gesf2                              
00003351  __gtsf2                              
0000338d  __TI_auto_init_nobinit_nopinit       
000033c9  __cmpsf2                             
000033c9  __eqsf2                              
000033c9  __lesf2                              
000033c9  __ltsf2                              
000033c9  __nesf2                              
00003405  __muldsi3                            
00003441  __aeabi_f2iz                         
00003441  __fixsfsi                            
00003479  __aeabi_f2uiz                        
00003479  __fixunssfsi                         
000034ad  BLE_send_String                      
000034dd  _c_int00_noargs                      
00003505  DL_I2C_setClockConfig                
0000352d  Clear_BLERX_BUFF                     
00003551  Encoder_GPIO_Init                    
00003571  Motor_Init                           
00003591  UART2_IRQHandler                     
000035b1  DL_SYSCTL_configFCC                  
000035cd  DL_Timer_setCaptCompUpdateMethod     
000035e9  DL_Timer_setClockConfig              
00003605  Bluetooth_Init                       
0000361d  DL_Timer_setCaptureCompareOutCtl     
00003635  DL_UART_setClockConfig               
00003647  __TI_decompress_none                 
00003659  DL_Timer_setCaptureCompareValue      
00003669  Encoder3_Get                         
00003679  Encoder4_Get                         
00003689  delay_ms                             
00003699  __TI_zero_init                       
000036a9  GyroControl_SetTarget                
000036b5  Gyro_GetRateZ                        
000036c1  Gyro_GetYaw                          
000036cd  __aeabi_memclr                       
000036cd  __aeabi_memclr4                      
000036cd  __aeabi_memclr8                      
000036d9  DL_Common_delayCycles                
000036e5  __aeabi_memcpy                       
000036e5  __aeabi_memcpy4                      
000036e5  __aeabi_memcpy8                      
000036ed  abort                                
000036f2  C$$EXIT                              
000036f3  HOSTexit                             
000036f7  Reset_Handler                        
000036fb  _system_pre_init                     
00003700  asc2_2412                            
0000445c  asc2_1608                            
00004a4c  asc2_1206                            
00004fc0  __TI_Handler_Table_Base              
00004fcc  __TI_Handler_Table_Limit             
00004fd4  __TI_CINIT_Base                      
00004fe4  __TI_CINIT_Limit                     
00004fe4  __TI_CINIT_Warm                      
20200000  OLED_GRAM                            
20200000  __start___llvm_prf_bits              
20200000  __start___llvm_prf_cnts              
20200000  __stop___llvm_prf_bits               
20200000  __stop___llvm_prf_cnts               
20200400  BLERX_BUFF                           
20200500  gPWM_0Backup                         
202005bc  gPathfinding_TIMBackup               
20200678  PID_findway                          
202006b0  PID_MotorA                           
202006e0  PID_MotorB                           
20200710  GyroControl                          
20200738  GyroPID_Angle                        
2020075c  GyroPID_Gyro                         
2020088c  base_speed                           
202008bc  targetYaw                            
202008c0  timer6Count                          
202008c4  yawWhenLost                          
202008c8  BLERX_FLAG                           
202008c9  BLERX_LEN                            
202008cb  check                                
202008cc  controlMode                          
202008cd  controlModelast                      
202008d0  gyroDir                              
202008d1  gyroToLineFlag                       
202008d2  isLineLost                           
202008d3  pid_enabled                          
20207e00  __stack                              
20208000  __STACK_END                          
ffffffff  __TI_pprof_out_hndl                  
ffffffff  __TI_prof_data_size                  
ffffffff  __TI_prof_data_start                 
ffffffff  __binit__                            
ffffffff  binit                                
UNDEFED   __mpu_init                           
UNDEFED   _system_post_cinit                   

[191 symbols]
