<?xml version="1.0" encoding="ISO-8859-1" ?>
<link_info>
   <banner>TI ARM Clang Linker PC v4.0.3.LTS</banner>
   <copyright>Copyright (c) 1996-2018 Texas Instruments Incorporated</copyright>
   <command_line>C:\ti\ccs2020\ccs\tools\compiler\ti-cgt-armllvm_4.0.3.LTS\bin\tiarmlnk -IC:\ti\ccs2020\ccs\tools\compiler\ti-cgt-armllvm_4.0.3.LTS\lib -o Modular_testing_OLED_PWM_Encoder_TIM_Pathfinding_Sysclk_Gyro.out -mModular_testing_OLED_PWM_Encoder_TIM_Pathfinding_Sysclk_Gyro.map -iC:/ti/mspm0_sdk_2_11_00_07/source -iC:/Users/l/workspace_ccstheia/Modular_testing_OLED_PWM_Encoder_TIM_Pathfinding_Sysclk_Gyro -iC:/Users/l/workspace_ccstheia/Modular_testing_OLED_PWM_Encoder_TIM_Pathfinding_Sysclk_Gyro/Debug/syscfg -iC:/ti/ccs2020/ccs/tools/compiler/ti-cgt-armllvm_4.0.3.LTS/lib --diag_wrap=off --display_error_number --warn_sections --xml_link_info=Modular_testing_OLED_PWM_Encoder_TIM_Pathfinding_Sysclk_Gyro_linkInfo.xml --rom_model ./Encoder.o ./Encoder_GPIO.o ./Motor.o ./PID.o ./PID_Control.o ./Speed.o ./empty.o ./ti_msp_dl_config.o ./startup_mspm0g350x_ticlang.o ./gyro.o ./line.o ./oled.o ./sensor.o -l./device_linker.cmd -ldevice.cmd.genlibs -llibc.a --start-group -llibc++.a -llibc++abi.a -llibc.a -llibsys.a -llibsysbm.a -llibclang_rt.builtins.a -llibclang_rt.profile.a --end-group --cg_opt_level=2</command_line>
   <link_time>0x6a5f1c73</link_time>
   <link_errors>0x0</link_errors>
   <output_file>C:\Users\l\workspace_ccstheia\Modular_testing_OLED_PWM_Encoder_TIM_Pathfinding_Sysclk_Gyro\Debug\Modular_testing_OLED_PWM_Encoder_TIM_Pathfinding_Sysclk_Gyro.out</output_file>
   <entry_point>
      <name>_c_int00_noargs</name>
      <address>0x2b25</address>
   </entry_point>
   <input_file_list>
      <input_file id="fl-1">
         <path>C:\Users\l\workspace_ccstheia\Modular_testing_OLED_PWM_Encoder_TIM_Pathfinding_Sysclk_Gyro\Debug\.\</path>
         <kind>object</kind>
         <file>Encoder.o</file>
         <name>Encoder.o</name>
      </input_file>
      <input_file id="fl-2">
         <path>C:\Users\l\workspace_ccstheia\Modular_testing_OLED_PWM_Encoder_TIM_Pathfinding_Sysclk_Gyro\Debug\.\</path>
         <kind>object</kind>
         <file>Encoder_GPIO.o</file>
         <name>Encoder_GPIO.o</name>
      </input_file>
      <input_file id="fl-3">
         <path>C:\Users\l\workspace_ccstheia\Modular_testing_OLED_PWM_Encoder_TIM_Pathfinding_Sysclk_Gyro\Debug\.\</path>
         <kind>object</kind>
         <file>Motor.o</file>
         <name>Motor.o</name>
      </input_file>
      <input_file id="fl-4">
         <path>C:\Users\l\workspace_ccstheia\Modular_testing_OLED_PWM_Encoder_TIM_Pathfinding_Sysclk_Gyro\Debug\.\</path>
         <kind>object</kind>
         <file>PID.o</file>
         <name>PID.o</name>
      </input_file>
      <input_file id="fl-5">
         <path>C:\Users\l\workspace_ccstheia\Modular_testing_OLED_PWM_Encoder_TIM_Pathfinding_Sysclk_Gyro\Debug\.\</path>
         <kind>object</kind>
         <file>PID_Control.o</file>
         <name>PID_Control.o</name>
      </input_file>
      <input_file id="fl-6">
         <path>C:\Users\l\workspace_ccstheia\Modular_testing_OLED_PWM_Encoder_TIM_Pathfinding_Sysclk_Gyro\Debug\.\</path>
         <kind>object</kind>
         <file>Speed.o</file>
         <name>Speed.o</name>
      </input_file>
      <input_file id="fl-7">
         <path>C:\Users\l\workspace_ccstheia\Modular_testing_OLED_PWM_Encoder_TIM_Pathfinding_Sysclk_Gyro\Debug\.\</path>
         <kind>object</kind>
         <file>empty.o</file>
         <name>empty.o</name>
      </input_file>
      <input_file id="fl-8">
         <path>C:\Users\l\workspace_ccstheia\Modular_testing_OLED_PWM_Encoder_TIM_Pathfinding_Sysclk_Gyro\Debug\.\</path>
         <kind>object</kind>
         <file>ti_msp_dl_config.o</file>
         <name>ti_msp_dl_config.o</name>
      </input_file>
      <input_file id="fl-9">
         <path>C:\Users\l\workspace_ccstheia\Modular_testing_OLED_PWM_Encoder_TIM_Pathfinding_Sysclk_Gyro\Debug\.\</path>
         <kind>object</kind>
         <file>startup_mspm0g350x_ticlang.o</file>
         <name>startup_mspm0g350x_ticlang.o</name>
      </input_file>
      <input_file id="fl-a">
         <path>C:\Users\l\workspace_ccstheia\Modular_testing_OLED_PWM_Encoder_TIM_Pathfinding_Sysclk_Gyro\Debug\.\</path>
         <kind>object</kind>
         <file>gyro.o</file>
         <name>gyro.o</name>
      </input_file>
      <input_file id="fl-b">
         <path>C:\Users\l\workspace_ccstheia\Modular_testing_OLED_PWM_Encoder_TIM_Pathfinding_Sysclk_Gyro\Debug\.\</path>
         <kind>object</kind>
         <file>line.o</file>
         <name>line.o</name>
      </input_file>
      <input_file id="fl-c">
         <path>C:\Users\l\workspace_ccstheia\Modular_testing_OLED_PWM_Encoder_TIM_Pathfinding_Sysclk_Gyro\Debug\.\</path>
         <kind>object</kind>
         <file>oled.o</file>
         <name>oled.o</name>
      </input_file>
      <input_file id="fl-d">
         <path>C:\Users\l\workspace_ccstheia\Modular_testing_OLED_PWM_Encoder_TIM_Pathfinding_Sysclk_Gyro\Debug\.\</path>
         <kind>object</kind>
         <file>sensor.o</file>
         <name>sensor.o</name>
      </input_file>
      <input_file id="fl-1a">
         <path>C:\Users\l\workspace_ccstheia\Modular_testing_OLED_PWM_Encoder_TIM_Pathfinding_Sysclk_Gyro\Debug\</path>
         <kind>object</kind>
         <file>&lt;internal&gt;</file>
         <name>&lt;internal&gt;</name>
      </input_file>
      <input_file id="fl-1b">
         <path>C:\ti\mspm0_sdk_2_11_00_07\source\ti\driverlib\lib\ticlang\m0p\mspm0g1x0x_g3x0x\</path>
         <kind>archive</kind>
         <file>driverlib.a</file>
         <name>dl_common.o</name>
      </input_file>
      <input_file id="fl-1c">
         <path>C:\ti\mspm0_sdk_2_11_00_07\source\ti\driverlib\lib\ticlang\m0p\mspm0g1x0x_g3x0x\</path>
         <kind>archive</kind>
         <file>driverlib.a</file>
         <name>dl_i2c.o</name>
      </input_file>
      <input_file id="fl-1d">
         <path>C:\ti\mspm0_sdk_2_11_00_07\source\ti\driverlib\lib\ticlang\m0p\mspm0g1x0x_g3x0x\</path>
         <kind>archive</kind>
         <file>driverlib.a</file>
         <name>dl_timer.o</name>
      </input_file>
      <input_file id="fl-1e">
         <path>C:\ti\mspm0_sdk_2_11_00_07\source\ti\driverlib\lib\ticlang\m0p\mspm0g1x0x_g3x0x\</path>
         <kind>archive</kind>
         <file>driverlib.a</file>
         <name>dl_uart.o</name>
      </input_file>
      <input_file id="fl-1f">
         <path>C:\ti\mspm0_sdk_2_11_00_07\source\ti\driverlib\lib\ticlang\m0p\mspm0g1x0x_g3x0x\</path>
         <kind>archive</kind>
         <file>driverlib.a</file>
         <name>dl_sysctl_mspm0g1x0x_g3x0x.o</name>
      </input_file>
      <input_file id="fl-36">
         <path>C:\ti\ccs2020\ccs\tools\compiler\ti-cgt-armllvm_4.0.3.LTS\lib\armv6m-ti-none-eabi\c\</path>
         <kind>archive</kind>
         <file>libc.a</file>
         <name>boot_cortex_m.c.obj</name>
      </input_file>
      <input_file id="fl-37">
         <path>C:\ti\ccs2020\ccs\tools\compiler\ti-cgt-armllvm_4.0.3.LTS\lib\armv6m-ti-none-eabi\c\</path>
         <kind>archive</kind>
         <file>libc.a</file>
         <name>mathacl_init.c.obj</name>
      </input_file>
      <input_file id="fl-38">
         <path>C:\ti\ccs2020\ccs\tools\compiler\ti-cgt-armllvm_4.0.3.LTS\lib\armv6m-ti-none-eabi\c\</path>
         <kind>archive</kind>
         <file>libc.a</file>
         <name>autoinit.c.obj</name>
      </input_file>
      <input_file id="fl-39">
         <path>C:\ti\ccs2020\ccs\tools\compiler\ti-cgt-armllvm_4.0.3.LTS\lib\armv6m-ti-none-eabi\c\</path>
         <kind>archive</kind>
         <file>libc.a</file>
         <name>pre_init.c.obj</name>
      </input_file>
      <input_file id="fl-3a">
         <path>C:\ti\ccs2020\ccs\tools\compiler\ti-cgt-armllvm_4.0.3.LTS\lib\armv6m-ti-none-eabi\c\</path>
         <kind>archive</kind>
         <file>libc.a</file>
         <name>cpy_tbl.c.obj</name>
      </input_file>
      <input_file id="fl-3b">
         <path>C:\ti\ccs2020\ccs\tools\compiler\ti-cgt-armllvm_4.0.3.LTS\lib\armv6m-ti-none-eabi\c\</path>
         <kind>archive</kind>
         <file>libc.a</file>
         <name>copy_zero_init.c.obj</name>
      </input_file>
      <input_file id="fl-3c">
         <path>C:\ti\ccs2020\ccs\tools\compiler\ti-cgt-armllvm_4.0.3.LTS\lib\armv6m-ti-none-eabi\c\</path>
         <kind>archive</kind>
         <file>libc.a</file>
         <name>copy_decompress_none.c.obj</name>
      </input_file>
      <input_file id="fl-3d">
         <path>C:\ti\ccs2020\ccs\tools\compiler\ti-cgt-armllvm_4.0.3.LTS\lib\armv6m-ti-none-eabi\c\</path>
         <kind>archive</kind>
         <file>libc.a</file>
         <name>copy_decompress_lzss.c.obj</name>
      </input_file>
      <input_file id="fl-3e">
         <path>C:\ti\ccs2020\ccs\tools\compiler\ti-cgt-armllvm_4.0.3.LTS\lib\armv6m-ti-none-eabi\c\</path>
         <kind>archive</kind>
         <file>libc.a</file>
         <name>exit.c.obj</name>
      </input_file>
      <input_file id="fl-3f">
         <path>C:\ti\ccs2020\ccs\tools\compiler\ti-cgt-armllvm_4.0.3.LTS\lib\armv6m-ti-none-eabi\c\</path>
         <kind>archive</kind>
         <file>libc.a</file>
         <name>_lock.c.obj</name>
      </input_file>
      <input_file id="fl-40">
         <path>C:\ti\ccs2020\ccs\tools\compiler\ti-cgt-armllvm_4.0.3.LTS\lib\armv6m-ti-none-eabi\c\</path>
         <kind>archive</kind>
         <file>libc.a</file>
         <name>args_main.c.obj</name>
      </input_file>
      <input_file id="fl-e0">
         <path>C:\ti\ccs2020\ccs\tools\compiler\ti-cgt-armllvm_4.0.3.LTS\lib\armv6m-ti-none-eabi\c\</path>
         <kind>archive</kind>
         <file>libsysbm.a</file>
         <name>hostexit.c.obj</name>
      </input_file>
      <input_file id="fl-e1">
         <path>C:\ti\ccs2020\ccs\tools\compiler\ti-cgt-armllvm_4.0.3.LTS\lib\armv6m-ti-none-eabi\</path>
         <kind>archive</kind>
         <file>libclang_rt.builtins.a</file>
         <name>addsf3.S.obj</name>
      </input_file>
      <input_file id="fl-e2">
         <path>C:\ti\ccs2020\ccs\tools\compiler\ti-cgt-armllvm_4.0.3.LTS\lib\armv6m-ti-none-eabi\</path>
         <kind>archive</kind>
         <file>libclang_rt.builtins.a</file>
         <name>mulsf3.S.obj</name>
      </input_file>
      <input_file id="fl-e3">
         <path>C:\ti\ccs2020\ccs\tools\compiler\ti-cgt-armllvm_4.0.3.LTS\lib\armv6m-ti-none-eabi\</path>
         <kind>archive</kind>
         <file>libclang_rt.builtins.a</file>
         <name>divsf3.S.obj</name>
      </input_file>
      <input_file id="fl-e4">
         <path>C:\ti\ccs2020\ccs\tools\compiler\ti-cgt-armllvm_4.0.3.LTS\lib\armv6m-ti-none-eabi\</path>
         <kind>archive</kind>
         <file>libclang_rt.builtins.a</file>
         <name>fixsfsi.S.obj</name>
      </input_file>
      <input_file id="fl-e5">
         <path>C:\ti\ccs2020\ccs\tools\compiler\ti-cgt-armllvm_4.0.3.LTS\lib\armv6m-ti-none-eabi\</path>
         <kind>archive</kind>
         <file>libclang_rt.builtins.a</file>
         <name>fixunssfsi.S.obj</name>
      </input_file>
      <input_file id="fl-e6">
         <path>C:\ti\ccs2020\ccs\tools\compiler\ti-cgt-armllvm_4.0.3.LTS\lib\armv6m-ti-none-eabi\</path>
         <kind>archive</kind>
         <file>libclang_rt.builtins.a</file>
         <name>floatsisf.S.obj</name>
      </input_file>
      <input_file id="fl-e7">
         <path>C:\ti\ccs2020\ccs\tools\compiler\ti-cgt-armllvm_4.0.3.LTS\lib\armv6m-ti-none-eabi\</path>
         <kind>archive</kind>
         <file>libclang_rt.builtins.a</file>
         <name>floatunsisf.S.obj</name>
      </input_file>
      <input_file id="fl-e8">
         <path>C:\ti\ccs2020\ccs\tools\compiler\ti-cgt-armllvm_4.0.3.LTS\lib\armv6m-ti-none-eabi\</path>
         <kind>archive</kind>
         <file>libclang_rt.builtins.a</file>
         <name>aeabi_fcmp.S.obj</name>
      </input_file>
      <input_file id="fl-e9">
         <path>C:\ti\ccs2020\ccs\tools\compiler\ti-cgt-armllvm_4.0.3.LTS\lib\armv6m-ti-none-eabi\</path>
         <kind>archive</kind>
         <file>libclang_rt.builtins.a</file>
         <name>aeabi_idivmod.S.obj</name>
      </input_file>
      <input_file id="fl-ea">
         <path>C:\ti\ccs2020\ccs\tools\compiler\ti-cgt-armllvm_4.0.3.LTS\lib\armv6m-ti-none-eabi\</path>
         <kind>archive</kind>
         <file>libclang_rt.builtins.a</file>
         <name>aeabi_memcpy.S.obj</name>
      </input_file>
      <input_file id="fl-eb">
         <path>C:\ti\ccs2020\ccs\tools\compiler\ti-cgt-armllvm_4.0.3.LTS\lib\armv6m-ti-none-eabi\</path>
         <kind>archive</kind>
         <file>libclang_rt.builtins.a</file>
         <name>aeabi_memset.S.obj</name>
      </input_file>
      <input_file id="fl-ec">
         <path>C:\ti\ccs2020\ccs\tools\compiler\ti-cgt-armllvm_4.0.3.LTS\lib\armv6m-ti-none-eabi\</path>
         <kind>archive</kind>
         <file>libclang_rt.builtins.a</file>
         <name>aeabi_uidivmod.S.obj</name>
      </input_file>
      <input_file id="fl-ed">
         <path>C:\ti\ccs2020\ccs\tools\compiler\ti-cgt-armllvm_4.0.3.LTS\lib\armv6m-ti-none-eabi\</path>
         <kind>archive</kind>
         <file>libclang_rt.builtins.a</file>
         <name>comparesf2.S.obj</name>
      </input_file>
      <input_file id="fl-ee">
         <path>C:\ti\ccs2020\ccs\tools\compiler\ti-cgt-armllvm_4.0.3.LTS\lib\armv6m-ti-none-eabi\</path>
         <kind>archive</kind>
         <file>libclang_rt.builtins.a</file>
         <name>muldsi3.S.obj</name>
      </input_file>
      <input_file id="fl-ef">
         <path>C:\ti\ccs2020\ccs\tools\compiler\ti-cgt-armllvm_4.0.3.LTS\lib\armv6m-ti-none-eabi\</path>
         <kind>archive</kind>
         <file>libclang_rt.builtins.a</file>
         <name>aeabi_div0.c.obj</name>
      </input_file>
      <input_file id="fl-f0">
         <path>C:\ti\ccs2020\ccs\tools\compiler\ti-cgt-armllvm_4.0.3.LTS\lib\armv6m-ti-none-eabi\c\</path>
         <kind>archive</kind>
         <file>libc.a</file>
         <name>memcpy16.S.obj</name>
      </input_file>
      <input_file id="fl-f1">
         <path>C:\ti\ccs2020\ccs\tools\compiler\ti-cgt-armllvm_4.0.3.LTS\lib\armv6m-ti-none-eabi\c\</path>
         <kind>archive</kind>
         <file>libc.a</file>
         <name>memset16.S.obj</name>
      </input_file>
   </input_file_list>
   <object_component_list>
      <object_component id="oc-18">
         <name>.intvecs</name>
         <load_address>0x0</load_address>
         <readonly>true</readonly>
         <run_address>0x0</run_address>
         <size>0xc0</size>
         <alignment>0x4</alignment>
         <input_file_ref idref="fl-9"/>
      </object_component>
      <object_component id="oc-f3">
         <name>.text.OLED_ShowNum</name>
         <load_address>0xc0</load_address>
         <readonly>true</readonly>
         <executable>true</executable>
         <run_address>0xc0</run_address>
         <size>0x38e</size>
         <alignment>0x2</alignment>
         <input_file_ref idref="fl-c"/>
      </object_component>
      <object_component id="oc-33">
         <name>.text.Default_Handler</name>
         <load_address>0x44e</load_address>
         <readonly>true</readonly>
         <executable>true</executable>
         <run_address>0x44e</run_address>
         <size>0x2</size>
         <alignment>0x2</alignment>
         <input_file_ref idref="fl-9"/>
      </object_component>
      <object_component id="oc-87">
         <name>.text.main</name>
         <load_address>0x450</load_address>
         <readonly>true</readonly>
         <executable>true</executable>
         <run_address>0x450</run_address>
         <size>0x364</size>
         <alignment>0x4</alignment>
         <input_file_ref idref="fl-7"/>
      </object_component>
      <object_component id="oc-156">
         <name>.text.OLED_WriteBlock</name>
         <load_address>0x7b4</load_address>
         <readonly>true</readonly>
         <executable>true</executable>
         <run_address>0x7b4</run_address>
         <size>0x324</size>
         <alignment>0x4</alignment>
         <input_file_ref idref="fl-c"/>
      </object_component>
      <object_component id="oc-187">
         <name>.text.SYSCFG_DL_SYSCTL_SYSPLL_init</name>
         <load_address>0xad8</load_address>
         <readonly>true</readonly>
         <executable>true</executable>
         <run_address>0xad8</run_address>
         <size>0x2a8</size>
         <alignment>0x4</alignment>
         <input_file_ref idref="fl-8"/>
      </object_component>
      <object_component id="oc-66">
         <name>.text.Gyro_ParseByte</name>
         <load_address>0xd80</load_address>
         <readonly>true</readonly>
         <executable>true</executable>
         <run_address>0xd80</run_address>
         <size>0x228</size>
         <alignment>0x4</alignment>
         <input_file_ref idref="fl-a"/>
      </object_component>
      <object_component id="oc-e0">
         <name>.text.OLED_Init</name>
         <load_address>0xfa8</load_address>
         <readonly>true</readonly>
         <executable>true</executable>
         <run_address>0xfa8</run_address>
         <size>0x1b4</size>
         <alignment>0x4</alignment>
         <input_file_ref idref="fl-c"/>
      </object_component>
      <object_component id="oc-ca">
         <name>.text.track_zhixian1</name>
         <load_address>0x115c</load_address>
         <readonly>true</readonly>
         <executable>true</executable>
         <run_address>0x115c</run_address>
         <size>0x194</size>
         <alignment>0x4</alignment>
         <input_file_ref idref="fl-b"/>
      </object_component>
      <object_component id="oc-15b">
         <name>.text.OLED_ShowChar</name>
         <load_address>0x12f0</load_address>
         <readonly>true</readonly>
         <executable>true</executable>
         <run_address>0x12f0</run_address>
         <size>0x188</size>
         <alignment>0x4</alignment>
         <input_file_ref idref="fl-c"/>
      </object_component>
      <object_component id="oc-e6">
         <name>.text.OLED_Clear</name>
         <load_address>0x1478</load_address>
         <readonly>true</readonly>
         <executable>true</executable>
         <run_address>0x1478</run_address>
         <size>0x144</size>
         <alignment>0x4</alignment>
         <input_file_ref idref="fl-c"/>
      </object_component>
      <object_component id="oc-e8">
         <name>.text.OLED_Refresh</name>
         <load_address>0x15bc</load_address>
         <readonly>true</readonly>
         <executable>true</executable>
         <run_address>0x15bc</run_address>
         <size>0x138</size>
         <alignment>0x4</alignment>
         <input_file_ref idref="fl-c"/>
      </object_component>
      <object_component id="oc-149">
         <name>.text.SYSCFG_DL_GPIO_init</name>
         <load_address>0x16f4</load_address>
         <readonly>true</readonly>
         <executable>true</executable>
         <run_address>0x16f4</run_address>
         <size>0x108</size>
         <alignment>0x4</alignment>
         <input_file_ref idref="fl-8"/>
      </object_component>
      <object_component id="oc-18a">
         <name>.text.DL_Timer_initFourCCPWMMode</name>
         <load_address>0x17fc</load_address>
         <readonly>true</readonly>
         <executable>true</executable>
         <run_address>0x17fc</run_address>
         <size>0x104</size>
         <alignment>0x4</alignment>
         <input_file_ref idref="fl-1d"/>
      </object_component>
      <object_component id="oc-18f">
         <name>.text.DL_Timer_initTimerMode</name>
         <load_address>0x1900</load_address>
         <readonly>true</readonly>
         <executable>true</executable>
         <run_address>0x1900</run_address>
         <size>0xfc</size>
         <alignment>0x4</alignment>
         <input_file_ref idref="fl-1d"/>
      </object_component>
      <object_component id="oc-6f">
         <name>.text.PID_Control_Update</name>
         <load_address>0x19fc</load_address>
         <readonly>true</readonly>
         <executable>true</executable>
         <run_address>0x19fc</run_address>
         <size>0xe0</size>
         <alignment>0x4</alignment>
         <input_file_ref idref="fl-5"/>
      </object_component>
      <object_component id="oc-14c">
         <name>.text.SYSCFG_DL_PWM_0_init</name>
         <load_address>0x1adc</load_address>
         <readonly>true</readonly>
         <executable>true</executable>
         <run_address>0x1adc</run_address>
         <size>0xe0</size>
         <alignment>0x4</alignment>
         <input_file_ref idref="fl-8"/>
      </object_component>
      <object_component id="oc-181">
         <name>.text.DL_SYSCTL_configSYSPLL</name>
         <load_address>0x1bbc</load_address>
         <readonly>true</readonly>
         <executable>true</executable>
         <run_address>0x1bbc</run_address>
         <size>0xdc</size>
         <alignment>0x4</alignment>
         <input_file_ref idref="fl-1f"/>
      </object_component>
      <object_component id="oc-b3">
         <name>.text</name>
         <load_address>0x1c98</load_address>
         <readonly>true</readonly>
         <executable>true</executable>
         <run_address>0x1c98</run_address>
         <size>0xd8</size>
         <alignment>0x4</alignment>
         <input_file_ref idref="fl-e1"/>
      </object_component>
      <object_component id="oc-cc">
         <name>.text.Position_PID</name>
         <load_address>0x1d70</load_address>
         <readonly>true</readonly>
         <executable>true</executable>
         <run_address>0x1d70</run_address>
         <size>0xd4</size>
         <alignment>0x4</alignment>
         <input_file_ref idref="fl-4"/>
      </object_component>
      <object_component id="oc-14a">
         <name>.text.SYSCFG_DL_SYSCTL_init</name>
         <load_address>0x1e44</load_address>
         <readonly>true</readonly>
         <executable>true</executable>
         <run_address>0x1e44</run_address>
         <size>0xb8</size>
         <alignment>0x4</alignment>
         <input_file_ref idref="fl-8"/>
      </object_component>
      <object_component id="oc-ad">
         <name>.text.Incremental_PID</name>
         <load_address>0x1efc</load_address>
         <readonly>true</readonly>
         <executable>true</executable>
         <run_address>0x1efc</run_address>
         <size>0x9c</size>
         <alignment>0x2</alignment>
         <input_file_ref idref="fl-4"/>
      </object_component>
      <object_component id="oc-bf">
         <name>.text.Motor_SetSpeed</name>
         <load_address>0x1f98</load_address>
         <readonly>true</readonly>
         <executable>true</executable>
         <run_address>0x1f98</run_address>
         <size>0x9c</size>
         <alignment>0x4</alignment>
         <input_file_ref idref="fl-3"/>
      </object_component>
      <object_component id="oc-d6">
         <name>.text:memcpy</name>
         <load_address>0x2034</load_address>
         <readonly>true</readonly>
         <executable>true</executable>
         <run_address>0x2034</run_address>
         <size>0x9a</size>
         <alignment>0x1</alignment>
         <input_file_ref idref="fl-f0"/>
      </object_component>
      <object_component id="oc-1ab">
         <name>.text.__aeabi_idiv0</name>
         <load_address>0x20ce</load_address>
         <readonly>true</readonly>
         <executable>true</executable>
         <run_address>0x20ce</run_address>
         <size>0x2</size>
         <alignment>0x2</alignment>
         <input_file_ref idref="fl-ef"/>
      </object_component>
      <object_component id="oc-96">
         <name>.text.__mulsf3</name>
         <load_address>0x20d0</load_address>
         <readonly>true</readonly>
         <executable>true</executable>
         <run_address>0x20d0</run_address>
         <size>0x8c</size>
         <alignment>0x4</alignment>
         <input_file_ref idref="fl-e2"/>
      </object_component>
      <object_component id="oc-ec">
         <name>.text.Encoder_Init</name>
         <load_address>0x215c</load_address>
         <readonly>true</readonly>
         <executable>true</executable>
         <run_address>0x215c</run_address>
         <size>0x88</size>
         <alignment>0x4</alignment>
         <input_file_ref idref="fl-1"/>
      </object_component>
      <object_component id="oc-150">
         <name>.text.SYSCFG_DL_Gyro_init</name>
         <load_address>0x21e4</load_address>
         <readonly>true</readonly>
         <executable>true</executable>
         <run_address>0x21e4</run_address>
         <size>0x84</size>
         <alignment>0x4</alignment>
         <input_file_ref idref="fl-8"/>
      </object_component>
      <object_component id="oc-13d">
         <name>.text.__divsf3</name>
         <load_address>0x2268</load_address>
         <readonly>true</readonly>
         <executable>true</executable>
         <run_address>0x2268</run_address>
         <size>0x82</size>
         <alignment>0x4</alignment>
         <input_file_ref idref="fl-e3"/>
      </object_component>
      <object_component id="oc-1c">
         <name>.text:decompress:lzss</name>
         <load_address>0x22ec</load_address>
         <readonly>true</readonly>
         <executable>true</executable>
         <run_address>0x22ec</run_address>
         <size>0x7c</size>
         <alignment>0x4</alignment>
         <input_file_ref idref="fl-3d"/>
      </object_component>
      <object_component id="oc-ea">
         <name>.text.PID_Control_Init</name>
         <load_address>0x2368</load_address>
         <readonly>true</readonly>
         <executable>true</executable>
         <run_address>0x2368</run_address>
         <size>0x74</size>
         <alignment>0x4</alignment>
         <input_file_ref idref="fl-5"/>
      </object_component>
      <object_component id="oc-ee">
         <name>.text.OLED_ClearArea</name>
         <load_address>0x23dc</load_address>
         <readonly>true</readonly>
         <executable>true</executable>
         <run_address>0x23dc</run_address>
         <size>0x70</size>
         <alignment>0x4</alignment>
         <input_file_ref idref="fl-c"/>
      </object_component>
      <object_component id="oc-ef">
         <name>.text.digtal</name>
         <load_address>0x244c</load_address>
         <readonly>true</readonly>
         <executable>true</executable>
         <run_address>0x244c</run_address>
         <size>0x64</size>
         <alignment>0x4</alignment>
         <input_file_ref idref="fl-d"/>
      </object_component>
      <object_component id="oc-b7">
         <name>.text.__aeabi_fcmp</name>
         <load_address>0x24b0</load_address>
         <readonly>true</readonly>
         <executable>true</executable>
         <run_address>0x24b0</run_address>
         <size>0x62</size>
         <alignment>0x4</alignment>
         <input_file_ref idref="fl-e8"/>
      </object_component>
      <object_component id="oc-147">
         <name>.text:memset</name>
         <load_address>0x2512</load_address>
         <readonly>true</readonly>
         <executable>true</executable>
         <run_address>0x2512</run_address>
         <size>0x62</size>
         <alignment>0x1</alignment>
         <input_file_ref idref="fl-f1"/>
      </object_component>
      <object_component id="oc-e7">
         <name>.text.OLED_ShowString</name>
         <load_address>0x2574</load_address>
         <readonly>true</readonly>
         <executable>true</executable>
         <run_address>0x2574</run_address>
         <size>0x60</size>
         <alignment>0x2</alignment>
         <input_file_ref idref="fl-c"/>
      </object_component>
      <object_component id="oc-148">
         <name>.text.SYSCFG_DL_initPower</name>
         <load_address>0x25d4</load_address>
         <readonly>true</readonly>
         <executable>true</executable>
         <run_address>0x25d4</run_address>
         <size>0x60</size>
         <alignment>0x4</alignment>
         <input_file_ref idref="fl-8"/>
      </object_component>
      <object_component id="oc-1a4">
         <name>.text.DL_I2C_fillControllerTXFIFO</name>
         <load_address>0x2634</load_address>
         <readonly>true</readonly>
         <executable>true</executable>
         <run_address>0x2634</run_address>
         <size>0x5e</size>
         <alignment>0x2</alignment>
         <input_file_ref idref="fl-1c"/>
      </object_component>
      <object_component id="oc-34">
         <name>.text.GROUP1_IRQHandler</name>
         <load_address>0x2694</load_address>
         <readonly>true</readonly>
         <executable>true</executable>
         <run_address>0x2694</run_address>
         <size>0x58</size>
         <alignment>0x4</alignment>
         <input_file_ref idref="fl-2"/>
      </object_component>
      <object_component id="oc-14f">
         <name>.text.SYSCFG_DL_OLED_init</name>
         <load_address>0x26ec</load_address>
         <readonly>true</readonly>
         <executable>true</executable>
         <run_address>0x26ec</run_address>
         <size>0x54</size>
         <alignment>0x4</alignment>
         <input_file_ref idref="fl-8"/>
      </object_component>
      <object_component id="oc-eb">
         <name>.text.Line_PID_Init</name>
         <load_address>0x2740</load_address>
         <readonly>true</readonly>
         <executable>true</executable>
         <run_address>0x2740</run_address>
         <size>0x4c</size>
         <alignment>0x4</alignment>
         <input_file_ref idref="fl-b"/>
      </object_component>
      <object_component id="oc-14e">
         <name>.text.SYSCFG_DL_Pathfinding_TIM_init</name>
         <load_address>0x278c</load_address>
         <readonly>true</readonly>
         <executable>true</executable>
         <run_address>0x278c</run_address>
         <size>0x4c</size>
         <alignment>0x4</alignment>
         <input_file_ref idref="fl-8"/>
      </object_component>
      <object_component id="oc-1a1">
         <name>.text.DL_UART_init</name>
         <load_address>0x27d8</load_address>
         <readonly>true</readonly>
         <executable>true</executable>
         <run_address>0x27d8</run_address>
         <size>0x48</size>
         <alignment>0x4</alignment>
         <input_file_ref idref="fl-1e"/>
      </object_component>
      <object_component id="oc-14d">
         <name>.text.SYSCFG_DL_PID_TIM_init</name>
         <load_address>0x2820</load_address>
         <readonly>true</readonly>
         <executable>true</executable>
         <run_address>0x2820</run_address>
         <size>0x48</size>
         <alignment>0x4</alignment>
         <input_file_ref idref="fl-8"/>
      </object_component>
      <object_component id="oc-188">
         <name>.text.DL_SYSCTL_switchMCLKfromSYSOSCtoHSCLK</name>
         <load_address>0x2868</load_address>
         <readonly>true</readonly>
         <executable>true</executable>
         <run_address>0x2868</run_address>
         <size>0x44</size>
         <alignment>0x4</alignment>
         <input_file_ref idref="fl-1f"/>
      </object_component>
      <object_component id="oc-166">
         <name>.text.__aeabi_uidivmod</name>
         <load_address>0x28ac</load_address>
         <readonly>true</readonly>
         <executable>true</executable>
         <run_address>0x28ac</run_address>
         <size>0x40</size>
         <alignment>0x4</alignment>
         <input_file_ref idref="fl-ec"/>
      </object_component>
      <object_component id="oc-75">
         <name>.text.Line_PID_Update</name>
         <load_address>0x28ec</load_address>
         <readonly>true</readonly>
         <executable>true</executable>
         <run_address>0x28ec</run_address>
         <size>0x3c</size>
         <alignment>0x4</alignment>
         <input_file_ref idref="fl-b"/>
      </object_component>
      <object_component id="oc-92">
         <name>.text.__floatsisf</name>
         <load_address>0x2928</load_address>
         <readonly>true</readonly>
         <executable>true</executable>
         <run_address>0x2928</run_address>
         <size>0x3c</size>
         <alignment>0x4</alignment>
         <input_file_ref idref="fl-e6"/>
      </object_component>
      <object_component id="oc-131">
         <name>.text.__gtsf2</name>
         <load_address>0x2964</load_address>
         <readonly>true</readonly>
         <executable>true</executable>
         <run_address>0x2964</run_address>
         <size>0x3c</size>
         <alignment>0x4</alignment>
         <input_file_ref idref="fl-ed"/>
      </object_component>
      <object_component id="oc-10e">
         <name>.text:__TI_auto_init_nobinit_nopinit</name>
         <load_address>0x29a0</load_address>
         <readonly>true</readonly>
         <executable>true</executable>
         <run_address>0x29a0</run_address>
         <size>0x3c</size>
         <alignment>0x4</alignment>
         <input_file_ref idref="fl-38"/>
      </object_component>
      <object_component id="oc-12c">
         <name>.text.__eqsf2</name>
         <load_address>0x29dc</load_address>
         <readonly>true</readonly>
         <executable>true</executable>
         <run_address>0x29dc</run_address>
         <size>0x3a</size>
         <alignment>0x4</alignment>
         <input_file_ref idref="fl-ed"/>
      </object_component>
      <object_component id="oc-121">
         <name>.text.__muldsi3</name>
         <load_address>0x2a18</load_address>
         <readonly>true</readonly>
         <executable>true</executable>
         <run_address>0x2a18</run_address>
         <size>0x3a</size>
         <alignment>0x4</alignment>
         <input_file_ref idref="fl-ee"/>
      </object_component>
      <object_component id="oc-db">
         <name>.text.SYSCFG_DL_init</name>
         <load_address>0x2a54</load_address>
         <readonly>true</readonly>
         <executable>true</executable>
         <run_address>0x2a54</run_address>
         <size>0x38</size>
         <alignment>0x4</alignment>
         <input_file_ref idref="fl-8"/>
      </object_component>
      <object_component id="oc-bb">
         <name>.text.__fixsfsi</name>
         <load_address>0x2a8c</load_address>
         <readonly>true</readonly>
         <executable>true</executable>
         <run_address>0x2a8c</run_address>
         <size>0x38</size>
         <alignment>0x4</alignment>
         <input_file_ref idref="fl-e4"/>
      </object_component>
      <object_component id="oc-f4">
         <name>.text.__fixunssfsi</name>
         <load_address>0x2ac4</load_address>
         <readonly>true</readonly>
         <executable>true</executable>
         <run_address>0x2ac4</run_address>
         <size>0x32</size>
         <alignment>0x4</alignment>
         <input_file_ref idref="fl-e5"/>
      </object_component>
      <object_component id="oc-39">
         <name>.text.UART2_IRQHandler</name>
         <load_address>0x2af8</load_address>
         <readonly>true</readonly>
         <executable>true</executable>
         <run_address>0x2af8</run_address>
         <size>0x2c</size>
         <alignment>0x4</alignment>
         <input_file_ref idref="fl-7"/>
      </object_component>
      <object_component id="oc-5c">
         <name>.text:_c_int00_noargs</name>
         <load_address>0x2b24</load_address>
         <readonly>true</readonly>
         <executable>true</executable>
         <run_address>0x2b24</run_address>
         <size>0x28</size>
         <alignment>0x4</alignment>
         <input_file_ref idref="fl-36"/>
      </object_component>
      <object_component id="oc-194">
         <name>.text.DL_I2C_setClockConfig</name>
         <load_address>0x2b4c</load_address>
         <readonly>true</readonly>
         <executable>true</executable>
         <run_address>0x2b4c</run_address>
         <size>0x26</size>
         <alignment>0x2</alignment>
         <input_file_ref idref="fl-1c"/>
      </object_component>
      <object_component id="oc-ed">
         <name>.text.Encoder_GPIO_Init</name>
         <load_address>0x2b74</load_address>
         <readonly>true</readonly>
         <executable>true</executable>
         <run_address>0x2b74</run_address>
         <size>0x20</size>
         <alignment>0x4</alignment>
         <input_file_ref idref="fl-2"/>
      </object_component>
      <object_component id="oc-e9">
         <name>.text.Motor_Init</name>
         <load_address>0x2b94</load_address>
         <readonly>true</readonly>
         <executable>true</executable>
         <run_address>0x2b94</run_address>
         <size>0x20</size>
         <alignment>0x4</alignment>
         <input_file_ref idref="fl-3"/>
      </object_component>
      <object_component id="oc-1be">
         <name>.text.DL_SYSCTL_configFCC</name>
         <load_address>0x2bb4</load_address>
         <readonly>true</readonly>
         <executable>true</executable>
         <run_address>0x2bb4</run_address>
         <size>0x1c</size>
         <alignment>0x4</alignment>
         <input_file_ref idref="fl-1f"/>
      </object_component>
      <object_component id="oc-18c">
         <name>.text.DL_Timer_setCaptCompUpdateMethod</name>
         <load_address>0x2bd0</load_address>
         <readonly>true</readonly>
         <executable>true</executable>
         <run_address>0x2bd0</run_address>
         <size>0x1c</size>
         <alignment>0x4</alignment>
         <input_file_ref idref="fl-1d"/>
      </object_component>
      <object_component id="oc-161">
         <name>.text.DL_Timer_setClockConfig</name>
         <load_address>0x2bec</load_address>
         <readonly>true</readonly>
         <executable>true</executable>
         <run_address>0x2bec</run_address>
         <size>0x1c</size>
         <alignment>0x4</alignment>
         <input_file_ref idref="fl-1d"/>
      </object_component>
      <object_component id="oc-18b">
         <name>.text.DL_Timer_setCaptureCompareOutCtl</name>
         <load_address>0x2c08</load_address>
         <readonly>true</readonly>
         <executable>true</executable>
         <run_address>0x2c08</run_address>
         <size>0x18</size>
         <alignment>0x4</alignment>
         <input_file_ref idref="fl-1d"/>
      </object_component>
      <object_component id="oc-40">
         <name>.text.TIMA1_IRQHandler</name>
         <load_address>0x2c20</load_address>
         <readonly>true</readonly>
         <executable>true</executable>
         <run_address>0x2c20</run_address>
         <size>0x18</size>
         <alignment>0x4</alignment>
         <input_file_ref idref="fl-7"/>
      </object_component>
      <object_component id="oc-3f">
         <name>.text.TIMG0_IRQHandler</name>
         <load_address>0x2c38</load_address>
         <readonly>true</readonly>
         <executable>true</executable>
         <run_address>0x2c38</run_address>
         <size>0x18</size>
         <alignment>0x4</alignment>
         <input_file_ref idref="fl-7"/>
      </object_component>
      <object_component id="oc-cd">
         <name>.text.PID_Control_SetTarget</name>
         <load_address>0x2c50</load_address>
         <readonly>true</readonly>
         <executable>true</executable>
         <run_address>0x2c50</run_address>
         <size>0x14</size>
         <alignment>0x4</alignment>
         <input_file_ref idref="fl-5"/>
      </object_component>
      <object_component id="oc-19b">
         <name>.text.DL_UART_setClockConfig</name>
         <load_address>0x2c64</load_address>
         <readonly>true</readonly>
         <executable>true</executable>
         <run_address>0x2c64</run_address>
         <size>0x12</size>
         <alignment>0x2</alignment>
         <input_file_ref idref="fl-1e"/>
      </object_component>
      <object_component id="oc-20">
         <name>.text:decompress:none</name>
         <load_address>0x2c76</load_address>
         <readonly>true</readonly>
         <executable>true</executable>
         <run_address>0x2c76</run_address>
         <size>0x12</size>
         <alignment>0x2</alignment>
         <input_file_ref idref="fl-3c"/>
      </object_component>
      <object_component id="oc-134">
         <name>.text.DL_Timer_setCaptureCompareValue</name>
         <load_address>0x2c88</load_address>
         <readonly>true</readonly>
         <executable>true</executable>
         <run_address>0x2c88</run_address>
         <size>0x10</size>
         <alignment>0x4</alignment>
         <input_file_ref idref="fl-1d"/>
      </object_component>
      <object_component id="oc-ac">
         <name>.text.Encoder_GPIO_Get</name>
         <load_address>0x2c98</load_address>
         <readonly>true</readonly>
         <executable>true</executable>
         <run_address>0x2c98</run_address>
         <size>0x10</size>
         <alignment>0x4</alignment>
         <input_file_ref idref="fl-2"/>
      </object_component>
      <object_component id="oc-a7">
         <name>.text.Encoder_Get</name>
         <load_address>0x2ca8</load_address>
         <readonly>true</readonly>
         <executable>true</executable>
         <run_address>0x2ca8</run_address>
         <size>0x10</size>
         <alignment>0x4</alignment>
         <input_file_ref idref="fl-1"/>
      </object_component>
      <object_component id="oc-155">
         <name>.text.delay_ms</name>
         <load_address>0x2cb8</load_address>
         <readonly>true</readonly>
         <executable>true</executable>
         <run_address>0x2cb8</run_address>
         <size>0x10</size>
         <alignment>0x4</alignment>
         <input_file_ref idref="fl-7"/>
      </object_component>
      <object_component id="oc-59">
         <name>.text:decompress:ZI</name>
         <load_address>0x2cc8</load_address>
         <readonly>true</readonly>
         <executable>true</executable>
         <run_address>0x2cc8</run_address>
         <size>0x10</size>
         <alignment>0x2</alignment>
         <input_file_ref idref="fl-3b"/>
      </object_component>
      <object_component id="oc-f8">
         <name>.text.Gyro_GetYaw</name>
         <load_address>0x2cd8</load_address>
         <readonly>true</readonly>
         <executable>true</executable>
         <run_address>0x2cd8</run_address>
         <size>0xc</size>
         <alignment>0x4</alignment>
         <input_file_ref idref="fl-a"/>
      </object_component>
      <object_component id="oc-7e">
         <name>.text.__aeabi_memclr</name>
         <load_address>0x2ce4</load_address>
         <readonly>true</readonly>
         <executable>true</executable>
         <run_address>0x2ce4</run_address>
         <size>0xc</size>
         <alignment>0x4</alignment>
         <input_file_ref idref="fl-eb"/>
      </object_component>
      <object_component id="oc-15d">
         <name>.text.DL_Common_delayCycles</name>
         <load_address>0x2cf0</load_address>
         <readonly>true</readonly>
         <executable>true</executable>
         <run_address>0x2cf0</run_address>
         <size>0xa</size>
         <alignment>0x2</alignment>
         <input_file_ref idref="fl-1b"/>
      </object_component>
      <object_component id="oc-4c">
         <name>.text.__aeabi_memcpy</name>
         <load_address>0x2cfc</load_address>
         <readonly>true</readonly>
         <executable>true</executable>
         <run_address>0x2cfc</run_address>
         <size>0x8</size>
         <alignment>0x4</alignment>
         <input_file_ref idref="fl-ea"/>
      </object_component>
      <object_component id="oc-107">
         <name>.text:abort</name>
         <load_address>0x2d04</load_address>
         <readonly>true</readonly>
         <executable>true</executable>
         <run_address>0x2d04</run_address>
         <size>0x6</size>
         <alignment>0x2</alignment>
         <input_file_ref idref="fl-3e"/>
      </object_component>
      <object_component id="oc-16b">
         <name>.text.HOSTexit</name>
         <load_address>0x2d0a</load_address>
         <readonly>true</readonly>
         <executable>true</executable>
         <run_address>0x2d0a</run_address>
         <size>0x4</size>
         <alignment>0x2</alignment>
         <input_file_ref idref="fl-e0"/>
      </object_component>
      <object_component id="oc-2f">
         <name>.text.Reset_Handler</name>
         <load_address>0x2d0e</load_address>
         <readonly>true</readonly>
         <executable>true</executable>
         <run_address>0x2d0e</run_address>
         <size>0x4</size>
         <alignment>0x2</alignment>
         <input_file_ref idref="fl-9"/>
      </object_component>
      <object_component id="oc-83">
         <name>.text._system_pre_init</name>
         <load_address>0x2d12</load_address>
         <readonly>true</readonly>
         <executable>true</executable>
         <run_address>0x2d12</run_address>
         <size>0x4</size>
         <alignment>0x2</alignment>
         <input_file_ref idref="fl-39"/>
      </object_component>
      <object_component id="oc-205">
         <name>__TI_handler_table</name>
         <load_address>0x45b0</load_address>
         <readonly>true</readonly>
         <run_address>0x45b0</run_address>
         <size>0xc</size>
         <alignment>0x4</alignment>
      </object_component>
      <object_component id="oc-208">
         <name>.cinit..bss.load</name>
         <load_address>0x45bc</load_address>
         <readonly>true</readonly>
         <run_address>0x45bc</run_address>
         <size>0x8</size>
         <alignment>0x4</alignment>
      </object_component>
      <object_component id="oc-207">
         <name>.cinit..data.load</name>
         <load_address>0x45c4</load_address>
         <readonly>true</readonly>
         <run_address>0x45c4</run_address>
         <size>0x8</size>
         <alignment>0x1</alignment>
      </object_component>
      <object_component id="oc-206">
         <name>__TI_cinit_table</name>
         <load_address>0x45cc</load_address>
         <readonly>true</readonly>
         <run_address>0x45cc</run_address>
         <size>0x10</size>
         <alignment>0x4</alignment>
      </object_component>
      <object_component id="oc-1a7">
         <name>.rodata.asc2_2412</name>
         <load_address>0x2d18</load_address>
         <readonly>true</readonly>
         <run_address>0x2d18</run_address>
         <size>0xd5c</size>
         <alignment>0x1</alignment>
         <input_file_ref idref="fl-c"/>
      </object_component>
      <object_component id="oc-1a5">
         <name>.rodata.asc2_1608</name>
         <load_address>0x3a74</load_address>
         <readonly>true</readonly>
         <run_address>0x3a74</run_address>
         <size>0x5f0</size>
         <alignment>0x1</alignment>
         <input_file_ref idref="fl-c"/>
      </object_component>
      <object_component id="oc-1a6">
         <name>.rodata.asc2_1206</name>
         <load_address>0x4064</load_address>
         <readonly>true</readonly>
         <run_address>0x4064</run_address>
         <size>0x474</size>
         <alignment>0x1</alignment>
         <input_file_ref idref="fl-c"/>
      </object_component>
      <object_component id="oc-189">
         <name>.rodata.gSYSPLLConfig</name>
         <load_address>0x44d8</load_address>
         <readonly>true</readonly>
         <run_address>0x44d8</run_address>
         <size>0x28</size>
         <alignment>0x4</alignment>
         <input_file_ref idref="fl-8"/>
      </object_component>
      <object_component id="oc-157">
         <name>.rodata.OLED_Init.init_cmds</name>
         <load_address>0x4500</load_address>
         <readonly>true</readonly>
         <run_address>0x4500</run_address>
         <size>0x1c</size>
         <alignment>0x1</alignment>
         <input_file_ref idref="fl-c"/>
      </object_component>
      <object_component id="oc-191">
         <name>.rodata.gPID_TIMTimerConfig</name>
         <load_address>0x451c</load_address>
         <readonly>true</readonly>
         <run_address>0x451c</run_address>
         <size>0x14</size>
         <alignment>0x4</alignment>
         <input_file_ref idref="fl-8"/>
      </object_component>
      <object_component id="oc-193">
         <name>.rodata.gPathfinding_TIMTimerConfig</name>
         <load_address>0x4530</load_address>
         <readonly>true</readonly>
         <run_address>0x4530</run_address>
         <size>0x14</size>
         <alignment>0x4</alignment>
         <input_file_ref idref="fl-8"/>
      </object_component>
      <object_component id="oc-fc">
         <name>.rodata.str1.17669528882079347314.1</name>
         <load_address>0x4544</load_address>
         <readonly>true</readonly>
         <run_address>0x4544</run_address>
         <size>0xd</size>
         <alignment>0x1</alignment>
         <input_file_ref idref="fl-7"/>
      </object_component>
      <object_component id="oc-ff">
         <name>.rodata.str1.11898133897667081452.1</name>
         <load_address>0x4551</load_address>
         <readonly>true</readonly>
         <run_address>0x4551</run_address>
         <size>0xc</size>
         <alignment>0x1</alignment>
         <input_file_ref idref="fl-7"/>
      </object_component>
      <object_component id="oc-1a3">
         <name>.rodata.gGyroConfig</name>
         <load_address>0x455e</load_address>
         <readonly>true</readonly>
         <run_address>0x455e</run_address>
         <size>0xa</size>
         <alignment>0x2</alignment>
         <input_file_ref idref="fl-8"/>
      </object_component>
      <object_component id="oc-100">
         <name>.rodata.str1.7401042497206923953.1</name>
         <load_address>0x4568</load_address>
         <readonly>true</readonly>
         <run_address>0x4568</run_address>
         <size>0x9</size>
         <alignment>0x1</alignment>
         <input_file_ref idref="fl-7"/>
      </object_component>
      <object_component id="oc-190">
         <name>.rodata.gPID_TIMClockConfig</name>
         <load_address>0x4571</load_address>
         <readonly>true</readonly>
         <run_address>0x4571</run_address>
         <size>0x3</size>
         <alignment>0x1</alignment>
         <input_file_ref idref="fl-8"/>
      </object_component>
      <object_component id="oc-18e">
         <name>.rodata.gPWM_0Config</name>
         <load_address>0x4574</load_address>
         <readonly>true</readonly>
         <run_address>0x4574</run_address>
         <size>0x8</size>
         <alignment>0x4</alignment>
         <input_file_ref idref="fl-8"/>
      </object_component>
      <object_component id="oc-f9">
         <name>.rodata.str1.9517790425240694019.1</name>
         <load_address>0x457c</load_address>
         <readonly>true</readonly>
         <run_address>0x457c</run_address>
         <size>0x8</size>
         <alignment>0x1</alignment>
         <input_file_ref idref="fl-7"/>
      </object_component>
      <object_component id="oc-fb">
         <name>.rodata.str1.14685083708502177989.1</name>
         <load_address>0x4584</load_address>
         <readonly>true</readonly>
         <run_address>0x4584</run_address>
         <size>0x7</size>
         <alignment>0x1</alignment>
         <input_file_ref idref="fl-7"/>
      </object_component>
      <object_component id="oc-fa">
         <name>.rodata.str1.254342170260855183.1</name>
         <load_address>0x458b</load_address>
         <readonly>true</readonly>
         <run_address>0x458b</run_address>
         <size>0x7</size>
         <alignment>0x1</alignment>
         <input_file_ref idref="fl-7"/>
      </object_component>
      <object_component id="oc-18d">
         <name>.rodata.gPWM_0ClockConfig</name>
         <load_address>0x4592</load_address>
         <readonly>true</readonly>
         <run_address>0x4592</run_address>
         <size>0x3</size>
         <alignment>0x1</alignment>
         <input_file_ref idref="fl-8"/>
      </object_component>
      <object_component id="oc-192">
         <name>.rodata.gPathfinding_TIMClockConfig</name>
         <load_address>0x4595</load_address>
         <readonly>true</readonly>
         <run_address>0x4595</run_address>
         <size>0x3</size>
         <alignment>0x1</alignment>
         <input_file_ref idref="fl-8"/>
      </object_component>
      <object_component id="oc-104">
         <name>.rodata.str1.150872071346279890.1</name>
         <load_address>0x4598</load_address>
         <readonly>true</readonly>
         <run_address>0x4598</run_address>
         <size>0x3</size>
         <alignment>0x1</alignment>
         <input_file_ref idref="fl-7"/>
      </object_component>
      <object_component id="oc-105">
         <name>.rodata.str1.15706828512682300538.1</name>
         <load_address>0x459b</load_address>
         <readonly>true</readonly>
         <run_address>0x459b</run_address>
         <size>0x3</size>
         <alignment>0x1</alignment>
         <input_file_ref idref="fl-7"/>
      </object_component>
      <object_component id="oc-103">
         <name>.rodata.str1.16704889451495720520.1</name>
         <load_address>0x459e</load_address>
         <readonly>true</readonly>
         <run_address>0x459e</run_address>
         <size>0x3</size>
         <alignment>0x1</alignment>
         <input_file_ref idref="fl-7"/>
      </object_component>
      <object_component id="oc-1a2">
         <name>.rodata.gGyroClockConfig</name>
         <load_address>0x45a1</load_address>
         <readonly>true</readonly>
         <run_address>0x45a1</run_address>
         <size>0x2</size>
         <alignment>0x1</alignment>
         <input_file_ref idref="fl-8"/>
      </object_component>
      <object_component id="oc-19a">
         <name>.rodata.gOLEDClockConfig</name>
         <load_address>0x45a3</load_address>
         <readonly>true</readonly>
         <run_address>0x45a3</run_address>
         <size>0x2</size>
         <alignment>0x1</alignment>
         <input_file_ref idref="fl-8"/>
      </object_component>
      <object_component id="oc-13a">
         <name>.rodata.motor_cc_idx</name>
         <load_address>0x45a5</load_address>
         <readonly>true</readonly>
         <run_address>0x45a5</run_address>
         <size>0x2</size>
         <alignment>0x1</alignment>
         <input_file_ref idref="fl-3"/>
      </object_component>
      <object_component id="oc-106">
         <name>.rodata.str1.2196762768037919588.1</name>
         <load_address>0x45a7</load_address>
         <readonly>true</readonly>
         <run_address>0x45a7</run_address>
         <size>0x2</size>
         <alignment>0x1</alignment>
         <input_file_ref idref="fl-7"/>
      </object_component>
      <object_component id="oc-1cf">
         <name>.binit</name>
         <load_address>0x0</load_address>
         <readonly>true</readonly>
         <run_address>0x0</run_address>
         <size>0x0</size>
         <alignment>0x4</alignment>
      </object_component>
      <object_component id="oc-63">
         <name>.data.encoder_count</name>
         <load_address>0x2020062c</load_address>
         <readwrite>true</readwrite>
         <run_address>0x2020062c</run_address>
         <size>0x4</size>
         <alignment>0x4</alignment>
         <input_file_ref idref="fl-2"/>
      </object_component>
      <object_component id="oc-c5">
         <name>.data.pid_enabled</name>
         <load_address>0x20200662</load_address>
         <readwrite>true</readwrite>
         <run_address>0x20200662</run_address>
         <size>0x1</size>
         <alignment>0x1</alignment>
         <input_file_ref idref="fl-5"/>
      </object_component>
      <object_component id="oc-15c">
         <name>.data.startup_counter</name>
         <load_address>0x2020065c</load_address>
         <readwrite>true</readwrite>
         <run_address>0x2020065c</run_address>
         <size>0x4</size>
         <alignment>0x4</alignment>
         <input_file_ref idref="fl-5"/>
      </object_component>
      <object_component id="oc-101">
         <name>.data.speedA</name>
         <load_address>0x2020061c</load_address>
         <readwrite>true</readwrite>
         <run_address>0x2020061c</run_address>
         <size>0x8</size>
         <alignment>0x4</alignment>
         <input_file_ref idref="fl-7"/>
      </object_component>
      <object_component id="oc-102">
         <name>.data.speedB</name>
         <load_address>0x20200624</load_address>
         <readwrite>true</readwrite>
         <run_address>0x20200624</run_address>
         <size>0x8</size>
         <alignment>0x4</alignment>
         <input_file_ref idref="fl-7"/>
      </object_component>
      <object_component id="oc-6c">
         <name>.data.gyro_irq_count</name>
         <load_address>0x20200654</load_address>
         <readwrite>true</readwrite>
         <run_address>0x20200654</run_address>
         <size>0x4</size>
         <alignment>0x4</alignment>
         <input_file_ref idref="fl-7"/>
      </object_component>
      <object_component id="oc-fd">
         <name>.data.poll_count</name>
         <load_address>0x20200658</load_address>
         <readwrite>true</readwrite>
         <run_address>0x20200658</run_address>
         <size>0x4</size>
         <alignment>0x4</alignment>
         <input_file_ref idref="fl-7"/>
      </object_component>
      <object_component id="oc-fe">
         <name>.data.sensor_show_mode</name>
         <load_address>0x20200663</load_address>
         <readwrite>true</readwrite>
         <run_address>0x20200663</run_address>
         <size>0x1</size>
         <alignment>0x1</alignment>
         <input_file_ref idref="fl-7"/>
      </object_component>
      <object_component id="oc-9a">
         <name>.data.Gyro_ParseByte.ucRxCnt</name>
         <load_address>0x20200660</load_address>
         <readwrite>true</readwrite>
         <run_address>0x20200660</run_address>
         <size>0x1</size>
         <alignment>0x1</alignment>
         <input_file_ref idref="fl-a"/>
      </object_component>
      <object_component id="oc-a2">
         <name>.data.g_rate.0</name>
         <load_address>0x20200648</load_address>
         <readwrite>true</readwrite>
         <run_address>0x20200648</run_address>
         <size>0x4</size>
         <alignment>0x4</alignment>
         <input_file_ref idref="fl-a"/>
      </object_component>
      <object_component id="oc-a3">
         <name>.data.g_rate.1</name>
         <load_address>0x2020064c</load_address>
         <readwrite>true</readwrite>
         <run_address>0x2020064c</run_address>
         <size>0x4</size>
         <alignment>0x4</alignment>
         <input_file_ref idref="fl-a"/>
      </object_component>
      <object_component id="oc-a4">
         <name>.data.g_rate.2</name>
         <load_address>0x20200650</load_address>
         <readwrite>true</readwrite>
         <run_address>0x20200650</run_address>
         <size>0x4</size>
         <alignment>0x4</alignment>
         <input_file_ref idref="fl-a"/>
      </object_component>
      <object_component id="oc-9f">
         <name>.data.g_angle.0</name>
         <load_address>0x2020063c</load_address>
         <readwrite>true</readwrite>
         <run_address>0x2020063c</run_address>
         <size>0x4</size>
         <alignment>0x4</alignment>
         <input_file_ref idref="fl-a"/>
      </object_component>
      <object_component id="oc-a0">
         <name>.data.g_angle.1</name>
         <load_address>0x20200640</load_address>
         <readwrite>true</readwrite>
         <run_address>0x20200640</run_address>
         <size>0x4</size>
         <alignment>0x4</alignment>
         <input_file_ref idref="fl-a"/>
      </object_component>
      <object_component id="oc-a1">
         <name>.data.g_angle.2</name>
         <load_address>0x20200644</load_address>
         <readwrite>true</readwrite>
         <run_address>0x20200644</run_address>
         <size>0x4</size>
         <alignment>0x4</alignment>
         <input_file_ref idref="fl-a"/>
      </object_component>
      <object_component id="oc-9c">
         <name>.data.g_accel.0</name>
         <load_address>0x20200630</load_address>
         <readwrite>true</readwrite>
         <run_address>0x20200630</run_address>
         <size>0x4</size>
         <alignment>0x4</alignment>
         <input_file_ref idref="fl-a"/>
      </object_component>
      <object_component id="oc-9d">
         <name>.data.g_accel.1</name>
         <load_address>0x20200634</load_address>
         <readwrite>true</readwrite>
         <run_address>0x20200634</run_address>
         <size>0x4</size>
         <alignment>0x4</alignment>
         <input_file_ref idref="fl-a"/>
      </object_component>
      <object_component id="oc-9e">
         <name>.data.g_accel.2</name>
         <load_address>0x20200638</load_address>
         <readwrite>true</readwrite>
         <run_address>0x20200638</run_address>
         <size>0x4</size>
         <alignment>0x4</alignment>
         <input_file_ref idref="fl-a"/>
      </object_component>
      <object_component id="oc-162">
         <name>.data.check</name>
         <load_address>0x20200661</load_address>
         <readwrite>true</readwrite>
         <run_address>0x20200661</run_address>
         <size>0x1</size>
         <alignment>0x1</alignment>
         <input_file_ref idref="fl-d"/>
      </object_component>
      <object_component id="oc-9b">
         <name>.bss.Gyro_ParseByte.ucRxBuffer</name>
         <uninitialized>true</uninitialized>
         <readwrite>true</readwrite>
         <run_address>0x20200610</run_address>
         <size>0xb</size>
         <alignment>0x1</alignment>
         <input_file_ref idref="fl-a"/>
      </object_component>
      <object_component id="oc-c6">
         <name>.common:PID_MotorA</name>
         <uninitialized>true</uninitialized>
         <readwrite>true</readwrite>
         <run_address>0x202005b0</run_address>
         <size>0x30</size>
         <alignment>0x4</alignment>
      </object_component>
      <object_component id="oc-c7">
         <name>.common:PID_MotorB</name>
         <uninitialized>true</uninitialized>
         <readwrite>true</readwrite>
         <run_address>0x202005e0</run_address>
         <size>0x30</size>
         <alignment>0x4</alignment>
      </object_component>
      <object_component id="oc-151">
         <name>.common:gPWM_0Backup</name>
         <uninitialized>true</uninitialized>
         <readwrite>true</readwrite>
         <run_address>0x20200400</run_address>
         <size>0xbc</size>
         <alignment>0x4</alignment>
      </object_component>
      <object_component id="oc-152">
         <name>.common:gPathfinding_TIMBackup</name>
         <uninitialized>true</uninitialized>
         <readwrite>true</readwrite>
         <run_address>0x202004bc</run_address>
         <size>0xbc</size>
         <alignment>0x4</alignment>
      </object_component>
      <object_component id="oc-ce">
         <name>.common:PID_findway</name>
         <uninitialized>true</uninitialized>
         <readwrite>true</readwrite>
         <run_address>0x20200578</run_address>
         <size>0x38</size>
         <alignment>0x4</alignment>
      </object_component>
      <object_component id="oc-158">
         <name>.common:OLED_GRAM</name>
         <uninitialized>true</uninitialized>
         <readwrite>true</readwrite>
         <run_address>0x20200000</run_address>
         <size>0x400</size>
         <alignment>0x1</alignment>
      </object_component>
      <object_component id="oc-1a">
         <name>.stack</name>
         <uninitialized>true</uninitialized>
         <readwrite>true</readwrite>
         <run_address>0x20207e00</run_address>
         <size>0x4</size>
         <alignment>0x4</alignment>
         <input_file_ref idref="fl-36"/>
      </object_component>
      <object_component id="oc-20a">
         <name>.stack</name>
         <uninitialized>true</uninitialized>
         <readwrite>true</readwrite>
         <run_address>0x20207e00</run_address>
         <size>0x0</size>
         <alignment>0x8</alignment>
      </object_component>
      <object_component id="oc-128">
         <name>.debug_loc</name>
         <load_address>0x0</load_address>
         <run_address>0x0</run_address>
         <size>0x36</size>
         <alignment>0x1</alignment>
         <input_file_ref idref="fl-1"/>
      </object_component>
      <object_component id="oc-c2">
         <name>.debug_loc</name>
         <load_address>0x36</load_address>
         <run_address>0x36</run_address>
         <size>0x14b</size>
         <alignment>0x1</alignment>
         <input_file_ref idref="fl-3"/>
      </object_component>
      <object_component id="oc-ae">
         <name>.debug_loc</name>
         <load_address>0x181</load_address>
         <run_address>0x181</run_address>
         <size>0x59</size>
         <alignment>0x1</alignment>
         <input_file_ref idref="fl-4"/>
      </object_component>
      <object_component id="oc-71">
         <name>.debug_loc</name>
         <load_address>0x1da</load_address>
         <run_address>0x1da</run_address>
         <size>0x5e</size>
         <alignment>0x1</alignment>
         <input_file_ref idref="fl-5"/>
      </object_component>
      <object_component id="oc-3a">
         <name>.debug_loc</name>
         <load_address>0x238</load_address>
         <run_address>0x238</run_address>
         <size>0x94</size>
         <alignment>0x1</alignment>
         <input_file_ref idref="fl-7"/>
      </object_component>
      <object_component id="oc-14b">
         <name>.debug_loc</name>
         <load_address>0x2cc</load_address>
         <run_address>0x2cc</run_address>
         <size>0x259</size>
         <alignment>0x1</alignment>
         <input_file_ref idref="fl-8"/>
      </object_component>
      <object_component id="oc-69">
         <name>.debug_loc</name>
         <load_address>0x525</load_address>
         <run_address>0x525</run_address>
         <size>0xc2d</size>
         <alignment>0x1</alignment>
         <input_file_ref idref="fl-a"/>
      </object_component>
      <object_component id="oc-cb">
         <name>.debug_loc</name>
         <load_address>0x1152</load_address>
         <run_address>0x1152</run_address>
         <size>0x9a</size>
         <alignment>0x1</alignment>
         <input_file_ref idref="fl-b"/>
      </object_component>
      <object_component id="oc-e3">
         <name>.debug_loc</name>
         <load_address>0x11ec</load_address>
         <run_address>0x11ec</run_address>
         <size>0x24af</size>
         <alignment>0x1</alignment>
         <input_file_ref idref="fl-c"/>
      </object_component>
      <object_component id="oc-165">
         <name>.debug_loc</name>
         <load_address>0x369b</load_address>
         <run_address>0x369b</run_address>
         <size>0x63</size>
         <alignment>0x1</alignment>
         <input_file_ref idref="fl-d"/>
      </object_component>
      <object_component id="oc-1aa">
         <name>.debug_loc</name>
         <load_address>0x36fe</load_address>
         <run_address>0x36fe</run_address>
         <size>0x13</size>
         <alignment>0x1</alignment>
         <input_file_ref idref="fl-1b"/>
      </object_component>
      <object_component id="oc-199">
         <name>.debug_loc</name>
         <load_address>0x3711</load_address>
         <run_address>0x3711</run_address>
         <size>0x37a</size>
         <alignment>0x1</alignment>
         <input_file_ref idref="fl-1c"/>
      </object_component>
      <object_component id="oc-139">
         <name>.debug_loc</name>
         <load_address>0x3a8b</load_address>
         <run_address>0x3a8b</run_address>
         <size>0x1b12</size>
         <alignment>0x1</alignment>
         <input_file_ref idref="fl-1d"/>
      </object_component>
      <object_component id="oc-19c">
         <name>.debug_loc</name>
         <load_address>0x559d</load_address>
         <run_address>0x559d</run_address>
         <size>0x7e4</size>
         <alignment>0x1</alignment>
         <input_file_ref idref="fl-1e"/>
      </object_component>
      <object_component id="oc-184">
         <name>.debug_loc</name>
         <load_address>0x5d81</load_address>
         <run_address>0x5d81</run_address>
         <size>0x414</size>
         <alignment>0x1</alignment>
         <input_file_ref idref="fl-1f"/>
      </object_component>
      <object_component id="oc-47">
         <name>.debug_loc</name>
         <load_address>0x6195</load_address>
         <run_address>0x6195</run_address>
         <size>0xd8</size>
         <alignment>0x1</alignment>
         <input_file_ref idref="fl-36"/>
      </object_component>
      <object_component id="oc-113">
         <name>.debug_loc</name>
         <load_address>0x626d</load_address>
         <run_address>0x626d</run_address>
         <size>0x424</size>
         <alignment>0x1</alignment>
         <input_file_ref idref="fl-38"/>
      </object_component>
      <object_component id="oc-54">
         <name>.debug_loc</name>
         <load_address>0x6691</load_address>
         <run_address>0x6691</run_address>
         <size>0x16c</size>
         <alignment>0x1</alignment>
         <input_file_ref idref="fl-3b"/>
      </object_component>
      <object_component id="oc-52">
         <name>.debug_loc</name>
         <load_address>0x67fd</load_address>
         <run_address>0x67fd</run_address>
         <size>0x6f</size>
         <alignment>0x1</alignment>
         <input_file_ref idref="fl-3c"/>
      </object_component>
      <object_component id="oc-4a">
         <name>.debug_loc</name>
         <load_address>0x686c</load_address>
         <run_address>0x686c</run_address>
         <size>0x167</size>
         <alignment>0x1</alignment>
         <input_file_ref idref="fl-3d"/>
      </object_component>
      <object_component id="oc-10d">
         <name>.debug_loc</name>
         <load_address>0x69d3</load_address>
         <run_address>0x69d3</run_address>
         <size>0x26</size>
         <alignment>0x1</alignment>
         <input_file_ref idref="fl-3e"/>
      </object_component>
      <object_component id="oc-1c5">
         <name>.debug_loc</name>
         <load_address>0x69f9</load_address>
         <run_address>0x69f9</run_address>
         <size>0x20</size>
         <alignment>0x1</alignment>
         <input_file_ref idref="fl-ef"/>
      </object_component>
      <object_component id="oc-126">
         <name>.debug_abbrev</name>
         <load_address>0x0</load_address>
         <run_address>0x0</run_address>
         <size>0x19e</size>
         <alignment>0x1</alignment>
         <input_file_ref idref="fl-1"/>
      </object_component>
      <object_component id="oc-64">
         <name>.debug_abbrev</name>
         <load_address>0x19e</load_address>
         <run_address>0x19e</run_address>
         <size>0x1a6</size>
         <alignment>0x1</alignment>
         <input_file_ref idref="fl-2"/>
      </object_component>
      <object_component id="oc-13b">
         <name>.debug_abbrev</name>
         <load_address>0x344</load_address>
         <run_address>0x344</run_address>
         <size>0x19c</size>
         <alignment>0x1</alignment>
         <input_file_ref idref="fl-3"/>
      </object_component>
      <object_component id="oc-129">
         <name>.debug_abbrev</name>
         <load_address>0x4e0</load_address>
         <run_address>0x4e0</run_address>
         <size>0x81</size>
         <alignment>0x1</alignment>
         <input_file_ref idref="fl-4"/>
      </object_component>
      <object_component id="oc-c8">
         <name>.debug_abbrev</name>
         <load_address>0x561</load_address>
         <run_address>0x561</run_address>
         <size>0xfb</size>
         <alignment>0x1</alignment>
         <input_file_ref idref="fl-5"/>
      </object_component>
      <object_component id="oc-6d">
         <name>.debug_abbrev</name>
         <load_address>0x65c</load_address>
         <run_address>0x65c</run_address>
         <size>0x1ea</size>
         <alignment>0x1</alignment>
         <input_file_ref idref="fl-7"/>
      </object_component>
      <object_component id="oc-153">
         <name>.debug_abbrev</name>
         <load_address>0x846</load_address>
         <run_address>0x846</run_address>
         <size>0x28e</size>
         <alignment>0x1</alignment>
         <input_file_ref idref="fl-8"/>
      </object_component>
      <object_component id="oc-41">
         <name>.debug_abbrev</name>
         <load_address>0xad4</load_address>
         <run_address>0xad4</run_address>
         <size>0x6d</size>
         <alignment>0x1</alignment>
         <input_file_ref idref="fl-9"/>
      </object_component>
      <object_component id="oc-a5">
         <name>.debug_abbrev</name>
         <load_address>0xb41</load_address>
         <run_address>0xb41</run_address>
         <size>0x1f8</size>
         <alignment>0x1</alignment>
         <input_file_ref idref="fl-a"/>
      </object_component>
      <object_component id="oc-cf">
         <name>.debug_abbrev</name>
         <load_address>0xd39</load_address>
         <run_address>0xd39</run_address>
         <size>0xe9</size>
         <alignment>0x1</alignment>
         <input_file_ref idref="fl-b"/>
      </object_component>
      <object_component id="oc-159">
         <name>.debug_abbrev</name>
         <load_address>0xe22</load_address>
         <run_address>0xe22</run_address>
         <size>0x307</size>
         <alignment>0x1</alignment>
         <input_file_ref idref="fl-c"/>
      </object_component>
      <object_component id="oc-163">
         <name>.debug_abbrev</name>
         <load_address>0x1129</load_address>
         <run_address>0x1129</run_address>
         <size>0x10d</size>
         <alignment>0x1</alignment>
         <input_file_ref idref="fl-d"/>
      </object_component>
      <object_component id="oc-1a8">
         <name>.debug_abbrev</name>
         <load_address>0x1236</load_address>
         <run_address>0x1236</run_address>
         <size>0x62</size>
         <alignment>0x1</alignment>
         <input_file_ref idref="fl-1b"/>
      </object_component>
      <object_component id="oc-1bf">
         <name>.debug_abbrev</name>
         <load_address>0x1298</load_address>
         <run_address>0x1298</run_address>
         <size>0x1e7</size>
         <alignment>0x1</alignment>
         <input_file_ref idref="fl-1c"/>
      </object_component>
      <object_component id="oc-17d">
         <name>.debug_abbrev</name>
         <load_address>0x147f</load_address>
         <run_address>0x147f</run_address>
         <size>0x2a4</size>
         <alignment>0x1</alignment>
         <input_file_ref idref="fl-1d"/>
      </object_component>
      <object_component id="oc-1c1">
         <name>.debug_abbrev</name>
         <load_address>0x1723</load_address>
         <run_address>0x1723</run_address>
         <size>0x29b</size>
         <alignment>0x1</alignment>
         <input_file_ref idref="fl-1e"/>
      </object_component>
      <object_component id="oc-1bc">
         <name>.debug_abbrev</name>
         <load_address>0x19be</load_address>
         <run_address>0x19be</run_address>
         <size>0x218</size>
         <alignment>0x1</alignment>
         <input_file_ref idref="fl-1f"/>
      </object_component>
      <object_component id="oc-43">
         <name>.debug_abbrev</name>
         <load_address>0x1bd6</load_address>
         <run_address>0x1bd6</run_address>
         <size>0xaf</size>
         <alignment>0x1</alignment>
         <input_file_ref idref="fl-36"/>
      </object_component>
      <object_component id="oc-175">
         <name>.debug_abbrev</name>
         <load_address>0x1c85</load_address>
         <run_address>0x1c85</run_address>
         <size>0x170</size>
         <alignment>0x1</alignment>
         <input_file_ref idref="fl-38"/>
      </object_component>
      <object_component id="oc-d9">
         <name>.debug_abbrev</name>
         <load_address>0x1df5</load_address>
         <run_address>0x1df5</run_address>
         <size>0x39</size>
         <alignment>0x1</alignment>
         <input_file_ref idref="fl-39"/>
      </object_component>
      <object_component id="oc-7c">
         <name>.debug_abbrev</name>
         <load_address>0x1e2e</load_address>
         <run_address>0x1e2e</run_address>
         <size>0xc2</size>
         <alignment>0x1</alignment>
         <input_file_ref idref="fl-3b"/>
      </object_component>
      <object_component id="oc-50">
         <name>.debug_abbrev</name>
         <load_address>0x1ef0</load_address>
         <run_address>0x1ef0</run_address>
         <size>0x70</size>
         <alignment>0x1</alignment>
         <input_file_ref idref="fl-3c"/>
      </object_component>
      <object_component id="oc-48">
         <name>.debug_abbrev</name>
         <load_address>0x1f60</load_address>
         <run_address>0x1f60</run_address>
         <size>0x8d</size>
         <alignment>0x1</alignment>
         <input_file_ref idref="fl-3d"/>
      </object_component>
      <object_component id="oc-16f">
         <name>.debug_abbrev</name>
         <load_address>0x1fed</load_address>
         <run_address>0x1fed</run_address>
         <size>0x98</size>
         <alignment>0x1</alignment>
         <input_file_ref idref="fl-3e"/>
      </object_component>
      <object_component id="oc-1b1">
         <name>.debug_abbrev</name>
         <load_address>0x2085</load_address>
         <run_address>0x2085</run_address>
         <size>0x2c</size>
         <alignment>0x1</alignment>
         <input_file_ref idref="fl-e0"/>
      </object_component>
      <object_component id="oc-12b">
         <name>.debug_abbrev</name>
         <load_address>0x20b1</load_address>
         <run_address>0x20b1</run_address>
         <size>0x27</size>
         <alignment>0x1</alignment>
         <input_file_ref idref="fl-e1"/>
      </object_component>
      <object_component id="oc-125">
         <name>.debug_abbrev</name>
         <load_address>0x20d8</load_address>
         <run_address>0x20d8</run_address>
         <size>0x27</size>
         <alignment>0x1</alignment>
         <input_file_ref idref="fl-e2"/>
      </object_component>
      <object_component id="oc-17f">
         <name>.debug_abbrev</name>
         <load_address>0x20ff</load_address>
         <run_address>0x20ff</run_address>
         <size>0x27</size>
         <alignment>0x1</alignment>
         <input_file_ref idref="fl-e3"/>
      </object_component>
      <object_component id="oc-133">
         <name>.debug_abbrev</name>
         <load_address>0x2126</load_address>
         <run_address>0x2126</run_address>
         <size>0x27</size>
         <alignment>0x1</alignment>
         <input_file_ref idref="fl-e4"/>
      </object_component>
      <object_component id="oc-16a">
         <name>.debug_abbrev</name>
         <load_address>0x214d</load_address>
         <run_address>0x214d</run_address>
         <size>0x27</size>
         <alignment>0x1</alignment>
         <input_file_ref idref="fl-e5"/>
      </object_component>
      <object_component id="oc-120">
         <name>.debug_abbrev</name>
         <load_address>0x2174</load_address>
         <run_address>0x2174</run_address>
         <size>0x27</size>
         <alignment>0x1</alignment>
         <input_file_ref idref="fl-e6"/>
      </object_component>
      <object_component id="oc-132">
         <name>.debug_abbrev</name>
         <load_address>0x219b</load_address>
         <run_address>0x219b</run_address>
         <size>0x27</size>
         <alignment>0x1</alignment>
         <input_file_ref idref="fl-e8"/>
      </object_component>
      <object_component id="oc-7b">
         <name>.debug_abbrev</name>
         <load_address>0x21c2</load_address>
         <run_address>0x21c2</run_address>
         <size>0x27</size>
         <alignment>0x1</alignment>
         <input_file_ref idref="fl-ea"/>
      </object_component>
      <object_component id="oc-d8">
         <name>.debug_abbrev</name>
         <load_address>0x21e9</load_address>
         <run_address>0x21e9</run_address>
         <size>0x25</size>
         <alignment>0x1</alignment>
[...]
         <name>SYSCFG_DL_SYSCTL_init</name>
         <value>0x1e45</value>
         <object_component_ref idref="oc-14a"/>
      </symbol>
      <symbol id="sm-f6">
         <name>SYSCFG_DL_PWM_0_init</name>
         <value>0x1add</value>
         <object_component_ref idref="oc-14c"/>
      </symbol>
      <symbol id="sm-f7">
         <name>SYSCFG_DL_PID_TIM_init</name>
         <value>0x2821</value>
         <object_component_ref idref="oc-14d"/>
      </symbol>
      <symbol id="sm-f8">
         <name>SYSCFG_DL_Pathfinding_TIM_init</name>
         <value>0x278d</value>
         <object_component_ref idref="oc-14e"/>
      </symbol>
      <symbol id="sm-f9">
         <name>SYSCFG_DL_OLED_init</name>
         <value>0x26ed</value>
         <object_component_ref idref="oc-14f"/>
      </symbol>
      <symbol id="sm-fa">
         <name>SYSCFG_DL_Gyro_init</name>
         <value>0x21e5</value>
         <object_component_ref idref="oc-150"/>
      </symbol>
      <symbol id="sm-fb">
         <name>gPWM_0Backup</name>
         <value>0x20200400</value>
      </symbol>
      <symbol id="sm-fc">
         <name>gPathfinding_TIMBackup</name>
         <value>0x202004bc</value>
      </symbol>
      <symbol id="sm-fd">
         <name>SYSCFG_DL_SYSCTL_SYSPLL_init</name>
         <value>0xad9</value>
         <object_component_ref idref="oc-187"/>
      </symbol>
      <symbol id="sm-108">
         <name>Default_Handler</name>
         <value>0x44f</value>
         <object_component_ref idref="oc-33"/>
      </symbol>
      <symbol id="sm-109">
         <name>Reset_Handler</name>
         <value>0x2d0f</value>
         <object_component_ref idref="oc-2f"/>
      </symbol>
      <symbol id="sm-10a">
         <name>interruptVectors</name>
         <value>0x0</value>
         <object_component_ref idref="oc-18"/>
      </symbol>
      <symbol id="sm-10b">
         <name>NMI_Handler</name>
         <value>0x44f</value>
         <object_component_ref idref="oc-33"/>
      </symbol>
      <symbol id="sm-10c">
         <name>HardFault_Handler</name>
         <value>0x44f</value>
         <object_component_ref idref="oc-33"/>
      </symbol>
      <symbol id="sm-10d">
         <name>SVC_Handler</name>
         <value>0x44f</value>
         <object_component_ref idref="oc-33"/>
      </symbol>
      <symbol id="sm-10e">
         <name>PendSV_Handler</name>
         <value>0x44f</value>
         <object_component_ref idref="oc-33"/>
      </symbol>
      <symbol id="sm-10f">
         <name>SysTick_Handler</name>
         <value>0x44f</value>
         <object_component_ref idref="oc-33"/>
      </symbol>
      <symbol id="sm-110">
         <name>GROUP0_IRQHandler</name>
         <value>0x44f</value>
         <object_component_ref idref="oc-33"/>
      </symbol>
      <symbol id="sm-111">
         <name>TIMG8_IRQHandler</name>
         <value>0x44f</value>
         <object_component_ref idref="oc-33"/>
      </symbol>
      <symbol id="sm-112">
         <name>UART3_IRQHandler</name>
         <value>0x44f</value>
         <object_component_ref idref="oc-33"/>
      </symbol>
      <symbol id="sm-113">
         <name>ADC0_IRQHandler</name>
         <value>0x44f</value>
         <object_component_ref idref="oc-33"/>
      </symbol>
      <symbol id="sm-114">
         <name>ADC1_IRQHandler</name>
         <value>0x44f</value>
         <object_component_ref idref="oc-33"/>
      </symbol>
      <symbol id="sm-115">
         <name>CANFD0_IRQHandler</name>
         <value>0x44f</value>
         <object_component_ref idref="oc-33"/>
      </symbol>
      <symbol id="sm-116">
         <name>DAC0_IRQHandler</name>
         <value>0x44f</value>
         <object_component_ref idref="oc-33"/>
      </symbol>
      <symbol id="sm-117">
         <name>SPI0_IRQHandler</name>
         <value>0x44f</value>
         <object_component_ref idref="oc-33"/>
      </symbol>
      <symbol id="sm-118">
         <name>SPI1_IRQHandler</name>
         <value>0x44f</value>
         <object_component_ref idref="oc-33"/>
      </symbol>
      <symbol id="sm-119">
         <name>UART1_IRQHandler</name>
         <value>0x44f</value>
         <object_component_ref idref="oc-33"/>
      </symbol>
      <symbol id="sm-11a">
         <name>UART0_IRQHandler</name>
         <value>0x44f</value>
         <object_component_ref idref="oc-33"/>
      </symbol>
      <symbol id="sm-11b">
         <name>TIMG6_IRQHandler</name>
         <value>0x44f</value>
         <object_component_ref idref="oc-33"/>
      </symbol>
      <symbol id="sm-11c">
         <name>TIMA0_IRQHandler</name>
         <value>0x44f</value>
         <object_component_ref idref="oc-33"/>
      </symbol>
      <symbol id="sm-11d">
         <name>TIMG7_IRQHandler</name>
         <value>0x44f</value>
         <object_component_ref idref="oc-33"/>
      </symbol>
      <symbol id="sm-11e">
         <name>TIMG12_IRQHandler</name>
         <value>0x44f</value>
         <object_component_ref idref="oc-33"/>
      </symbol>
      <symbol id="sm-11f">
         <name>I2C0_IRQHandler</name>
         <value>0x44f</value>
         <object_component_ref idref="oc-33"/>
      </symbol>
      <symbol id="sm-120">
         <name>I2C1_IRQHandler</name>
         <value>0x44f</value>
         <object_component_ref idref="oc-33"/>
      </symbol>
      <symbol id="sm-121">
         <name>AES_IRQHandler</name>
         <value>0x44f</value>
         <object_component_ref idref="oc-33"/>
      </symbol>
      <symbol id="sm-122">
         <name>RTC_IRQHandler</name>
         <value>0x44f</value>
         <object_component_ref idref="oc-33"/>
      </symbol>
      <symbol id="sm-123">
         <name>DMA_IRQHandler</name>
         <value>0x44f</value>
         <object_component_ref idref="oc-33"/>
      </symbol>
      <symbol id="sm-147">
         <name>Gyro_ParseByte</name>
         <value>0xd81</value>
         <object_component_ref idref="oc-66"/>
      </symbol>
      <symbol id="sm-148">
         <name>Gyro_GetYaw</name>
         <value>0x2cd9</value>
         <object_component_ref idref="oc-f8"/>
      </symbol>
      <symbol id="sm-159">
         <name>track_zhixian1</name>
         <value>0x115d</value>
         <object_component_ref idref="oc-ca"/>
      </symbol>
      <symbol id="sm-15a">
         <name>PID_findway</name>
         <value>0x20200578</value>
      </symbol>
      <symbol id="sm-15b">
         <name>Line_PID_Init</name>
         <value>0x2741</value>
         <object_component_ref idref="oc-eb"/>
      </symbol>
      <symbol id="sm-15c">
         <name>Line_PID_Update</name>
         <value>0x28ed</value>
         <object_component_ref idref="oc-75"/>
      </symbol>
      <symbol id="sm-17d">
         <name>OLED_Refresh</name>
         <value>0x15bd</value>
         <object_component_ref idref="oc-e8"/>
      </symbol>
      <symbol id="sm-17e">
         <name>OLED_GRAM</name>
         <value>0x20200000</value>
      </symbol>
      <symbol id="sm-17f">
         <name>OLED_Clear</name>
         <value>0x1479</value>
         <object_component_ref idref="oc-e6"/>
      </symbol>
      <symbol id="sm-180">
         <name>OLED_ClearArea</name>
         <value>0x23dd</value>
         <object_component_ref idref="oc-ee"/>
      </symbol>
      <symbol id="sm-181">
         <name>OLED_ShowChar</name>
         <value>0x12f1</value>
         <object_component_ref idref="oc-15b"/>
      </symbol>
      <symbol id="sm-182">
         <name>asc2_1608</name>
         <value>0x3a74</value>
         <object_component_ref idref="oc-1a5"/>
      </symbol>
      <symbol id="sm-183">
         <name>asc2_1206</name>
         <value>0x4064</value>
         <object_component_ref idref="oc-1a6"/>
      </symbol>
      <symbol id="sm-184">
         <name>asc2_2412</name>
         <value>0x2d18</value>
         <object_component_ref idref="oc-1a7"/>
      </symbol>
      <symbol id="sm-185">
         <name>OLED_ShowString</name>
         <value>0x2575</value>
         <object_component_ref idref="oc-e7"/>
      </symbol>
      <symbol id="sm-186">
         <name>OLED_ShowNum</name>
         <value>0xc1</value>
         <object_component_ref idref="oc-f3"/>
      </symbol>
      <symbol id="sm-187">
         <name>OLED_Init</name>
         <value>0xfa9</value>
         <object_component_ref idref="oc-e0"/>
      </symbol>
      <symbol id="sm-193">
         <name>digtal</name>
         <value>0x244d</value>
         <object_component_ref idref="oc-ef"/>
      </symbol>
      <symbol id="sm-194">
         <name>check</name>
         <value>0x20200661</value>
         <object_component_ref idref="oc-162"/>
      </symbol>
      <symbol id="sm-195">
         <name>__TI_ATRegion0_src_addr</name>
         <value>0x0</value>
      </symbol>
      <symbol id="sm-196">
         <name>__TI_ATRegion0_trg_addr</name>
         <value>0x0</value>
      </symbol>
      <symbol id="sm-197">
         <name>__TI_ATRegion0_region_sz</name>
         <value>0x0</value>
      </symbol>
      <symbol id="sm-198">
         <name>__TI_ATRegion1_src_addr</name>
         <value>0x0</value>
      </symbol>
      <symbol id="sm-199">
         <name>__TI_ATRegion1_trg_addr</name>
         <value>0x0</value>
      </symbol>
      <symbol id="sm-19a">
         <name>__TI_ATRegion1_region_sz</name>
         <value>0x0</value>
      </symbol>
      <symbol id="sm-19b">
         <name>__TI_ATRegion2_src_addr</name>
         <value>0x0</value>
      </symbol>
      <symbol id="sm-19c">
         <name>__TI_ATRegion2_trg_addr</name>
         <value>0x0</value>
      </symbol>
      <symbol id="sm-19d">
         <name>__TI_ATRegion2_region_sz</name>
         <value>0x0</value>
      </symbol>
      <symbol id="sm-1a6">
         <name>DL_Common_delayCycles</name>
         <value>0x2cf1</value>
         <object_component_ref idref="oc-15d"/>
      </symbol>
      <symbol id="sm-1b2">
         <name>DL_I2C_setClockConfig</name>
         <value>0x2b4d</value>
         <object_component_ref idref="oc-194"/>
      </symbol>
      <symbol id="sm-1b3">
         <name>DL_I2C_fillControllerTXFIFO</name>
         <value>0x2635</value>
         <object_component_ref idref="oc-1a4"/>
      </symbol>
      <symbol id="sm-1cf">
         <name>DL_Timer_setClockConfig</name>
         <value>0x2bed</value>
         <object_component_ref idref="oc-161"/>
      </symbol>
      <symbol id="sm-1d0">
         <name>DL_Timer_initTimerMode</name>
         <value>0x1901</value>
         <object_component_ref idref="oc-18f"/>
      </symbol>
      <symbol id="sm-1d1">
         <name>DL_Timer_setCaptureCompareValue</name>
         <value>0x2c89</value>
         <object_component_ref idref="oc-134"/>
      </symbol>
      <symbol id="sm-1d2">
         <name>DL_Timer_setCaptCompUpdateMethod</name>
         <value>0x2bd1</value>
         <object_component_ref idref="oc-18c"/>
      </symbol>
      <symbol id="sm-1d3">
         <name>DL_Timer_setCaptureCompareOutCtl</name>
         <value>0x2c09</value>
         <object_component_ref idref="oc-18b"/>
      </symbol>
      <symbol id="sm-1d4">
         <name>DL_Timer_initFourCCPWMMode</name>
         <value>0x17fd</value>
         <object_component_ref idref="oc-18a"/>
      </symbol>
      <symbol id="sm-1e1">
         <name>DL_UART_init</name>
         <value>0x27d9</value>
         <object_component_ref idref="oc-1a1"/>
      </symbol>
      <symbol id="sm-1e2">
         <name>DL_UART_setClockConfig</name>
         <value>0x2c65</value>
         <object_component_ref idref="oc-19b"/>
      </symbol>
      <symbol id="sm-1f3">
         <name>DL_SYSCTL_configSYSPLL</name>
         <value>0x1bbd</value>
         <object_component_ref idref="oc-181"/>
      </symbol>
      <symbol id="sm-1f4">
         <name>DL_SYSCTL_switchMCLKfromSYSOSCtoHSCLK</name>
         <value>0x2869</value>
         <object_component_ref idref="oc-188"/>
      </symbol>
      <symbol id="sm-1f5">
         <name>DL_SYSCTL_configFCC</name>
         <value>0x2bb5</value>
         <object_component_ref idref="oc-1be"/>
      </symbol>
      <symbol id="sm-200">
         <name>_c_int00_noargs</name>
         <value>0x2b25</value>
         <object_component_ref idref="oc-5c"/>
      </symbol>
      <symbol id="sm-201">
         <name>__stack</name>
         <value>0x20207e00</value>
         <object_component_ref idref="oc-1a"/>
      </symbol>
      <symbol id="sm-20d">
         <name>__TI_auto_init_nobinit_nopinit</name>
         <value>0x29a1</value>
         <object_component_ref idref="oc-10e"/>
      </symbol>
      <symbol id="sm-215">
         <name>_system_pre_init</name>
         <value>0x2d13</value>
         <object_component_ref idref="oc-83"/>
      </symbol>
      <symbol id="sm-220">
         <name>__TI_zero_init</name>
         <value>0x2cc9</value>
         <object_component_ref idref="oc-59"/>
      </symbol>
      <symbol id="sm-229">
         <name>__TI_decompress_none</name>
         <value>0x2c77</value>
         <object_component_ref idref="oc-20"/>
      </symbol>
      <symbol id="sm-234">
         <name>__TI_decompress_lzss</name>
         <value>0x22ed</value>
         <object_component_ref idref="oc-1c"/>
      </symbol>
      <symbol id="sm-23e">
         <name>abort</name>
         <value>0x2d05</value>
         <object_component_ref idref="oc-107"/>
      </symbol>
      <symbol id="sm-248">
         <name>HOSTexit</name>
         <value>0x2d0b</value>
         <object_component_ref idref="oc-16b"/>
      </symbol>
      <symbol id="sm-249">
         <name>C$$EXIT</name>
         <value>0x2d0a</value>
         <object_component_ref idref="oc-16b"/>
      </symbol>
      <symbol id="sm-24f">
         <name>__aeabi_fadd</name>
         <value>0x1ca3</value>
         <object_component_ref idref="oc-b3"/>
      </symbol>
      <symbol id="sm-250">
         <name>__addsf3</name>
         <value>0x1ca3</value>
         <object_component_ref idref="oc-b3"/>
      </symbol>
      <symbol id="sm-251">
         <name>__aeabi_fsub</name>
         <value>0x1c99</value>
         <object_component_ref idref="oc-b3"/>
      </symbol>
      <symbol id="sm-252">
         <name>__subsf3</name>
         <value>0x1c99</value>
         <object_component_ref idref="oc-b3"/>
      </symbol>
      <symbol id="sm-258">
         <name>__aeabi_fmul</name>
         <value>0x20d1</value>
         <object_component_ref idref="oc-96"/>
      </symbol>
      <symbol id="sm-259">
         <name>__mulsf3</name>
         <value>0x20d1</value>
         <object_component_ref idref="oc-96"/>
      </symbol>
      <symbol id="sm-25f">
         <name>__aeabi_fdiv</name>
         <value>0x2269</value>
         <object_component_ref idref="oc-13d"/>
      </symbol>
      <symbol id="sm-260">
         <name>__divsf3</name>
         <value>0x2269</value>
         <object_component_ref idref="oc-13d"/>
      </symbol>
      <symbol id="sm-266">
         <name>__aeabi_f2iz</name>
         <value>0x2a8d</value>
         <object_component_ref idref="oc-bb"/>
      </symbol>
      <symbol id="sm-267">
         <name>__fixsfsi</name>
         <value>0x2a8d</value>
         <object_component_ref idref="oc-bb"/>
      </symbol>
      <symbol id="sm-26d">
         <name>__aeabi_f2uiz</name>
         <value>0x2ac5</value>
         <object_component_ref idref="oc-f4"/>
      </symbol>
      <symbol id="sm-26e">
         <name>__fixunssfsi</name>
         <value>0x2ac5</value>
         <object_component_ref idref="oc-f4"/>
      </symbol>
      <symbol id="sm-274">
         <name>__aeabi_i2f</name>
         <value>0x2929</value>
         <object_component_ref idref="oc-92"/>
      </symbol>
      <symbol id="sm-275">
         <name>__floatsisf</name>
         <value>0x2929</value>
         <object_component_ref idref="oc-92"/>
      </symbol>
      <symbol id="sm-27b">
         <name>__aeabi_fcmpeq</name>
         <value>0x24b1</value>
         <object_component_ref idref="oc-b7"/>
      </symbol>
      <symbol id="sm-27c">
         <name>__aeabi_fcmplt</name>
         <value>0x24c5</value>
         <object_component_ref idref="oc-b7"/>
      </symbol>
      <symbol id="sm-27d">
         <name>__aeabi_fcmple</name>
         <value>0x24d9</value>
         <object_component_ref idref="oc-b7"/>
      </symbol>
      <symbol id="sm-27e">
         <name>__aeabi_fcmpge</name>
         <value>0x24ed</value>
         <object_component_ref idref="oc-b7"/>
      </symbol>
      <symbol id="sm-27f">
         <name>__aeabi_fcmpgt</name>
         <value>0x2501</value>
         <object_component_ref idref="oc-b7"/>
      </symbol>
      <symbol id="sm-285">
         <name>__aeabi_memcpy</name>
         <value>0x2cfd</value>
         <object_component_ref idref="oc-4c"/>
      </symbol>
      <symbol id="sm-286">
         <name>__aeabi_memcpy4</name>
         <value>0x2cfd</value>
         <object_component_ref idref="oc-4c"/>
      </symbol>
      <symbol id="sm-287">
         <name>__aeabi_memcpy8</name>
         <value>0x2cfd</value>
         <object_component_ref idref="oc-4c"/>
      </symbol>
      <symbol id="sm-28e">
         <name>__aeabi_memclr</name>
         <value>0x2ce5</value>
         <object_component_ref idref="oc-7e"/>
      </symbol>
      <symbol id="sm-28f">
         <name>__aeabi_memclr4</name>
         <value>0x2ce5</value>
         <object_component_ref idref="oc-7e"/>
      </symbol>
      <symbol id="sm-290">
         <name>__aeabi_memclr8</name>
         <value>0x2ce5</value>
         <object_component_ref idref="oc-7e"/>
      </symbol>
      <symbol id="sm-296">
         <name>__aeabi_uidiv</name>
         <value>0x28ad</value>
         <object_component_ref idref="oc-166"/>
      </symbol>
      <symbol id="sm-297">
         <name>__aeabi_uidivmod</name>
         <value>0x28ad</value>
         <object_component_ref idref="oc-166"/>
      </symbol>
      <symbol id="sm-2a0">
         <name>__eqsf2</name>
         <value>0x29dd</value>
         <object_component_ref idref="oc-12c"/>
      </symbol>
      <symbol id="sm-2a1">
         <name>__lesf2</name>
         <value>0x29dd</value>
         <object_component_ref idref="oc-12c"/>
      </symbol>
      <symbol id="sm-2a2">
         <name>__ltsf2</name>
         <value>0x29dd</value>
         <object_component_ref idref="oc-12c"/>
      </symbol>
      <symbol id="sm-2a3">
         <name>__nesf2</name>
         <value>0x29dd</value>
         <object_component_ref idref="oc-12c"/>
      </symbol>
      <symbol id="sm-2a4">
         <name>__cmpsf2</name>
         <value>0x29dd</value>
         <object_component_ref idref="oc-12c"/>
      </symbol>
      <symbol id="sm-2a5">
         <name>__gtsf2</name>
         <value>0x2965</value>
         <object_component_ref idref="oc-131"/>
      </symbol>
      <symbol id="sm-2a6">
         <name>__gesf2</name>
         <value>0x2965</value>
         <object_component_ref idref="oc-131"/>
      </symbol>
      <symbol id="sm-2ac">
         <name>__muldsi3</name>
         <value>0x2a19</value>
         <object_component_ref idref="oc-121"/>
      </symbol>
      <symbol id="sm-2b6">
         <name>__aeabi_idiv0</name>
         <value>0x20cf</value>
         <object_component_ref idref="oc-1ab"/>
      </symbol>
      <symbol id="sm-2cf">
         <name>memcpy</name>
         <value>0x2035</value>
         <object_component_ref idref="oc-d6"/>
      </symbol>
      <symbol id="sm-2de">
         <name>memset</name>
         <value>0x2513</value>
         <object_component_ref idref="oc-147"/>
      </symbol>
      <symbol id="sm-2df">
         <name>__TI_static_base__</name>
         <value>0x0</value>
      </symbol>
      <symbol id="sm-2e2">
         <name>__mpu_init</name>
         <value>0x0</value>
      </symbol>
      <symbol id="sm-2e3">
         <name>_system_post_cinit</name>
         <value>0x0</value>
      </symbol>
   </symbol_table>
   <title>Link successful</title>
</link_info>
