******************************************************************************
            TI ARM Clang Linker PC v4.0.3                      
******************************************************************************
>> Linked Tue Jul 28 13:19:41 2026

OUTPUT FILE NAME:   <Modular_testing_totalGPIO_NEW_gyro_Replicate_test.out>
ENTRY POINT SYMBOL: "_c_int00_noargs"  address: 000032ed


MEMORY CONFIGURATION

         name            origin    length      used     unused   attr    fill
----------------------  --------  ---------  --------  --------  ----  --------
  FLASH                 00000000   00020000  00004d90  0001b270  R  X
  SRAM                  20200000   00008000  000009d1  0000762f  RW X
  BCR_CONFIG            41c00000   000000ff  00000000  000000ff  R   
  BSL_CONFIG            41c00100   00000080  00000000  00000080  R   


SEGMENT ALLOCATION MAP

run origin  load origin   length   init length attrs members
----------  ----------- ---------- ----------- ----- -------
00000000    00000000    00004d90   00004d90    r-x
  00000000    00000000    000000c0   000000c0    r-- .intvecs
  000000c0    000000c0    00003418   00003418    r-x .text
  000034d8    000034d8    00001880   00001880    r-- .rodata
  00004d58    00004d58    00000038   00000038    r-- .cinit
20200000    20200000    000007d2   00000000    rw-
  20200000    20200000    0000078b   00000000    rw- .bss
  2020078c    2020078c    00000046   00000000    rw- .data
20207e00    20207e00    00000200   00000000    rw-
  20207e00    20207e00    00000200   00000000    rw- .stack


SECTION ALLOCATION MAP

 output                                  attributes/
section   page    origin      length       input sections
--------  ----  ----------  ----------   ----------------
.intvecs   0    00000000    000000c0     
                  00000000    000000c0     startup_mspm0g350x_ticlang.o (.intvecs)

.text      0    000000c0    00003418     
                  000000c0    000003f4     empty.o (.text.main)
                  000004b4    0000038e     oled.o (.text.OLED_ShowNum)
                  00000842    00000002     startup_mspm0g350x_ticlang.o (.text.Default_Handler)
                  00000844    00000324     oled.o (.text.OLED_WriteBlock)
                  00000b68    0000030c     GyroControl.o (.text.GyroControl_Update)
                  00000e74    000002a8     ti_msp_dl_config.o (.text.SYSCFG_DL_SYSCTL_SYSPLL_init)
                  0000111c    00000270     line.o (.text.track_zhixian1)
                  0000138c    00000228     gyro.o (.text.Gyro_ParseByte)
                  000015b4    000001b4     oled.o (.text.OLED_Init)
                  00001768    00000188     oled.o (.text.OLED_ShowChar)
                  000018f0    00000144     oled.o (.text.OLED_Clear)
                  00001a34    0000013c     ti_msp_dl_config.o (.text.SYSCFG_DL_GPIO_init)
                  00001b70    00000138     oled.o (.text.OLED_Refresh)
                  00001ca8    00000104     driverlib.a : dl_timer.o (.text.DL_Timer_initFourCCPWMMode)
                  00001dac    000000fc                 : dl_timer.o (.text.DL_Timer_initTimerMode)
                  00001ea8    000000e8     ti_msp_dl_config.o (.text.SYSCFG_DL_PWM_0_init)
                  00001f90    000000dc     driverlib.a : dl_sysctl_mspm0g1x0x_g3x0x.o (.text.DL_SYSCTL_configSYSPLL)
                  0000206c    000000d8     libclang_rt.builtins.a : addsf3.S.obj (.text)
                  00002144    000000c0     PID.o (.text.Position_PID)
                  00002204    000000c0     time.o (.text.TIMA1_IRQHandler)
                  000022c4    000000c0     time.o (.text.TIMG0_IRQHandler)
                  00002384    000000bc     ti_msp_dl_config.o (.text.SYSCFG_DL_SYSCTL_init)
                  00002440    000000b0     GyroControl.o (.text.GyroControl_NormalizeAngle)
                  000024f0    000000ac     PID.o (.text.PID_Iint)
                  0000259c    000000a8     Motor.o (.text.Motor_SetSpeed)
                  00002644    0000009c     PID.o (.text.Incremental_PID)
                  000026e0    0000009a     libc.a : memcpy16.S.obj (.text:memcpy)
                  0000277a    00000002     libclang_rt.builtins.a : aeabi_div0.c.obj (.text.__aeabi_idiv0)
                  0000277c    0000008c                            : mulsf3.S.obj (.text.__mulsf3)
                  00002808    0000008c     Motor.o (.text.motor)
                  00002894    00000088     Encoder.o (.text.Encoder_Init)
                  0000291c    00000084     GyroControl.o (.text.GyroControl_Init)
                  000029a0    00000084     ti_msp_dl_config.o (.text.SYSCFG_DL_Gyro_init)
                  00002a24    00000082     libclang_rt.builtins.a : divsf3.S.obj (.text.__divsf3)
                  00002aa6    00000002     --HOLE-- [fill = 0]
                  00002aa8    00000080     ti_msp_dl_config.o (.text.SYSCFG_DL_HC_init)
                  00002b28    0000007c     libc.a : copy_decompress_lzss.c.obj (.text:decompress:lzss)
                  00002ba4    00000070     oled.o (.text.OLED_ClearArea)
                  00002c14    00000070     ti_msp_dl_config.o (.text.SYSCFG_DL_initPower)
                  00002c84    00000064     Encoder_GPIO.o (.text.GROUP1_IRQHandler)
                  00002ce8    00000064     sensor.o (.text.digtal)
                  00002d4c    00000062     libclang_rt.builtins.a : aeabi_fcmp.S.obj (.text.__aeabi_fcmp)
                  00002dae    00000062     libc.a : memset16.S.obj (.text:memset)
                  00002e10    00000060     oled.o (.text.OLED_ShowString)
                  00002e70    0000005e     driverlib.a : dl_i2c.o (.text.DL_I2C_fillControllerTXFIFO)
                  00002ece    00000002     --HOLE-- [fill = 0]
                  00002ed0    00000054     ti_msp_dl_config.o (.text.SYSCFG_DL_OLED_init)
                  00002f24    00000050     line.o (.text.checkLineFound)
                  00002f74    0000004c     ti_msp_dl_config.o (.text.SYSCFG_DL_Pathfinding_TIM_init)
                  00002fc0    00000048     driverlib.a : dl_uart.o (.text.DL_UART_init)
                  00003008    00000048     ti_msp_dl_config.o (.text.SYSCFG_DL_PID_TIM_init)
                  00003050    00000044     driverlib.a : dl_sysctl_mspm0g1x0x_g3x0x.o (.text.DL_SYSCTL_switchMCLKfromSYSOSCtoHSCLK)
                  00003094    00000044     bsp_hc05.o (.text.UART1_IRQHandler)
                  000030d8    00000040     libclang_rt.builtins.a : aeabi_uidivmod.S.obj (.text.__aeabi_uidivmod)
                  00003118    0000003c     ti_msp_dl_config.o (.text.SYSCFG_DL_init)
                  00003154    0000003c     libclang_rt.builtins.a : floatsisf.S.obj (.text.__floatsisf)
                  00003190    0000003c                            : comparesf2.S.obj (.text.__gtsf2)
                  000031cc    0000003c     libc.a : autoinit.c.obj (.text:__TI_auto_init_nobinit_nopinit)
                  00003208    0000003a     libclang_rt.builtins.a : comparesf2.S.obj (.text.__eqsf2)
                  00003242    00000002     --HOLE-- [fill = 0]
                  00003244    0000003a                            : muldsi3.S.obj (.text.__muldsi3)
                  0000327e    00000002     --HOLE-- [fill = 0]
                  00003280    00000038                            : fixsfsi.S.obj (.text.__fixsfsi)
                  000032b8    00000032                            : fixunssfsi.S.obj (.text.__fixunssfsi)
                  000032ea    00000002     --HOLE-- [fill = 0]
                  000032ec    00000028     libc.a : boot_cortex_m.c.obj (.text:_c_int00_noargs)
                  00003314    00000026     driverlib.a : dl_i2c.o (.text.DL_I2C_setClockConfig)
                  0000333a    00000002     --HOLE-- [fill = 0]
                  0000333c    00000020     Encoder_GPIO.o (.text.Encoder_GPIO_Init)
                  0000335c    00000020     Motor.o (.text.Motor_Init)
                  0000337c    00000020     empty.o (.text.UART2_IRQHandler)
                  0000339c    0000001c     driverlib.a : dl_sysctl_mspm0g1x0x_g3x0x.o (.text.DL_SYSCTL_configFCC)
                  000033b8    0000001c                 : dl_timer.o (.text.DL_Timer_setCaptCompUpdateMethod)
                  000033d4    0000001c                 : dl_timer.o (.text.DL_Timer_setClockConfig)
                  000033f0    00000018                 : dl_timer.o (.text.DL_Timer_setCaptureCompareOutCtl)
                  00003408    00000012                 : dl_uart.o (.text.DL_UART_setClockConfig)
                  0000341a    00000012     libc.a : copy_decompress_none.c.obj (.text:decompress:none)
                  0000342c    00000010     driverlib.a : dl_timer.o (.text.DL_Timer_setCaptureCompareValue)
                  0000343c    00000010     Encoder.o (.text.Encoder3_Get)
                  0000344c    00000010     Encoder_GPIO.o (.text.Encoder4_Get)
                  0000345c    00000010     time.o (.text.delay_ms)
                  0000346c    00000010     libc.a : copy_zero_init.c.obj (.text:decompress:ZI)
                  0000347c    0000000c     GyroControl.o (.text.GyroControl_SetTarget)
                  00003488    0000000c     gyro.o (.text.Gyro_GetRateZ)
                  00003494    0000000c     gyro.o (.text.Gyro_GetYaw)
                  000034a0    0000000c     libclang_rt.builtins.a : aeabi_memset.S.obj (.text.__aeabi_memclr)
                  000034ac    0000000a     driverlib.a : dl_common.o (.text.DL_Common_delayCycles)
                  000034b6    00000002     --HOLE-- [fill = 0]
                  000034b8    00000008     libclang_rt.builtins.a : aeabi_memcpy.S.obj (.text.__aeabi_memcpy)
                  000034c0    00000006     libc.a : exit.c.obj (.text:abort)
                  000034c6    00000004     libsysbm.a : hostexit.c.obj (.text.HOSTexit)
                  000034ca    00000004     startup_mspm0g350x_ticlang.o (.text.Reset_Handler)
                  000034ce    00000004     libc.a : pre_init.c.obj (.text._system_pre_init)
                  000034d2    00000006     --HOLE-- [fill = 0]

.cinit     0    00004d58    00000038     
                  00004d58    00000010     (.cinit..data.load) [load image, compression = lzss]
                  00004d68    0000000c     (__TI_handler_table)
                  00004d74    00000008     (.cinit..bss.load) [load image, compression = zero_init]
                  00004d7c    00000010     (__TI_cinit_table)
                  00004d8c    00000004     --HOLE-- [fill = 0]

.rodata    0    000034d8    00001880     
                  000034d8    00000d5c     oled.o (.rodata.asc2_2412)
                  00004234    000005f0     oled.o (.rodata.asc2_1608)
                  00004824    00000474     oled.o (.rodata.asc2_1206)
                  00004c98    00000028     ti_msp_dl_config.o (.rodata.gSYSPLLConfig)
                  00004cc0    0000001c     oled.o (.rodata.OLED_Init.init_cmds)
                  00004cdc    00000014     ti_msp_dl_config.o (.rodata.gPID_TIMTimerConfig)
                  00004cf0    00000014     ti_msp_dl_config.o (.rodata.gPathfinding_TIMTimerConfig)
                  00004d04    0000000a     ti_msp_dl_config.o (.rodata.gGyroConfig)
                  00004d0e    0000000a     ti_msp_dl_config.o (.rodata.gHCConfig)
                  00004d18    00000008     ti_msp_dl_config.o (.rodata.gPWM_0Config)
                  00004d20    00000004     Motor.o (.rodata.cst4)
                  00004d24    00000004     empty.o (.rodata.str1.16704889451495720520.1)
                  00004d28    00000003     ti_msp_dl_config.o (.rodata.gPID_TIMClockConfig)
                  00004d2b    00000003     ti_msp_dl_config.o (.rodata.gPWM_0ClockConfig)
                  00004d2e    00000003     ti_msp_dl_config.o (.rodata.gPathfinding_TIMClockConfig)
                  00004d31    00000003     empty.o (.rodata.str1.11898133897667081452.1)
                  00004d34    00000003     empty.o (.rodata.str1.150872071346279890.1)
                  00004d37    00000003     empty.o (.rodata.str1.15706828512682300538.1)
                  00004d3a    00000003     empty.o (.rodata.str1.17669528882079347314.1)
                  00004d3d    00000003     empty.o (.rodata.str1.17686411042290499047.1)
                  00004d40    00000003     empty.o (.rodata.str1.2196762768037919588.1)
                  00004d43    00000003     empty.o (.rodata.str1.254342170260855183.1)
                  00004d46    00000003     empty.o (.rodata.str1.7401042497206923953.1)
                  00004d49    00000003     empty.o (.rodata.str1.9517790425240694019.1)
                  00004d4c    00000002     ti_msp_dl_config.o (.rodata.gGyroClockConfig)
                  00004d4e    00000002     ti_msp_dl_config.o (.rodata.gHCClockConfig)
                  00004d50    00000002     ti_msp_dl_config.o (.rodata.gOLEDClockConfig)
                  00004d52    00000002     empty.o (.rodata.str1.14685083708502177989.1)
                  00004d54    00000004     --HOLE-- [fill = 0]

.init_array 
*          0    00000000    00000000     UNINITIALIZED

.binit     0    00000000    00000000     

.bss       0    20200000    0000078b     UNINITIALIZED
                  20200000    00000400     (.common:OLED_GRAM)
                  20200400    00000100     (.common:BLERX_BUFF)
                  20200500    000000bc     (.common:gPWM_0Backup)
                  202005bc    000000bc     (.common:gPathfinding_TIMBackup)
                  20200678    00000038     (.common:PID_findway)
                  202006b0    00000030     (.common:PID_MotorA)
                  202006e0    00000030     (.common:PID_MotorB)
                  20200710    00000028     (.common:GyroControl)
                  20200738    00000024     (.common:GyroPID_Angle)
                  2020075c    00000024     (.common:GyroPID_Gyro)
                  20200780    0000000b     gyro.o (.bss.Gyro_ParseByte.ucRxBuffer)

.data      0    2020078c    00000046     UNINITIALIZED
                  2020078c    00000004     line.o (.data.base_speed)
                  20200790    00000004     Encoder_GPIO.o (.data.encoder_count)
                  20200794    00000004     gyro.o (.data.g_accel.0)
                  20200798    00000004     gyro.o (.data.g_accel.1)
                  2020079c    00000004     gyro.o (.data.g_accel.2)
                  202007a0    00000004     gyro.o (.data.g_angle.0)
                  202007a4    00000004     gyro.o (.data.g_angle.1)
                  202007a8    00000004     gyro.o (.data.g_angle.2)
                  202007ac    00000004     gyro.o (.data.g_rate.0)
                  202007b0    00000004     gyro.o (.data.g_rate.1)
                  202007b4    00000004     gyro.o (.data.g_rate.2)
                  202007b8    00000004     time.o (.data.i)
                  202007bc    00000004     line.o (.data.targetYaw)
                  202007c0    00000004     time.o (.data.timer6Count)
                  202007c4    00000004     line.o (.data.yawWhenLost)
                  202007c8    00000001     bsp_hc05.o (.data.BLERX_FLAG)
                  202007c9    00000001     bsp_hc05.o (.data.BLERX_LEN)
                  202007ca    00000001     gyro.o (.data.Gyro_ParseByte.ucRxCnt)
                  202007cb    00000001     sensor.o (.data.check)
                  202007cc    00000001     line.o (.data.controlMode)
                  202007cd    00000001     line.o (.data.controlModelast)
                  202007ce    00000001     GyroControl.o (.data.gyroDir)
                  202007cf    00000001     line.o (.data.gyroToLineFlag)
                  202007d0    00000001     line.o (.data.isLineLost)
                  202007d1    00000001     time.o (.data.pid_enabled)

.stack     0    20207e00    00000200     UNINITIALIZED
                  20207e00    00000004     libc.a : boot_cortex_m.c.obj (.stack)
                  20207e04    000001fc     --HOLE--

__llvm_prf_cnts 
*          0    20200000    00000000     UNINITIALIZED

__llvm_prf_bits 
*          0    20200000    00000000     UNINITIALIZED

MODULE SUMMARY

       Module                         code    ro data   rw data
       ------                         ----    -------   -------
    .\
       oled.o                         3386    6108      1024   
       ti_msp_dl_config.o             2080    123       376    
       GyroControl.o                  1100    0         113    
       empty.o                        1044    33        0      
       line.o                         704     0         16     
       PID.o                          520     0         152    
       gyro.o                         576     0         48     
       time.o                         400     0         9      
       Motor.o                        340     4         0      
       bsp_hc05.o                     68      0         258    
       startup_mspm0g350x_ticlang.o   6       192       0      
       Encoder.o                      152     0         0      
       Encoder_GPIO.o                 148     0         4      
       sensor.o                       100     0         1      
    +--+------------------------------+-------+---------+---------+
       Total:                         10624   6460      2001   
                                                               
    C:/ti/mspm0_sdk_2_11_00_07/source/ti/driverlib/lib/ticlang/m0p/mspm0g1x0x_g3x0x/driverlib.a
       dl_timer.o                     608     0         0      
       dl_sysctl_mspm0g1x0x_g3x0x.o   316     0         0      
       dl_i2c.o                       132     0         0      
       dl_uart.o                      90      0         0      
       dl_common.o                    10      0         0      
    +--+------------------------------+-------+---------+---------+
       Total:                         1156    0         0      
                                                               
    C:\ti\ccs2020\ccs\tools\compiler\ti-cgt-armllvm_4.0.3.LTS\lib\armv6m-ti-none-eabi/c/libc.a
       memcpy16.S.obj                 154     0         0      
       copy_decompress_lzss.c.obj     124     0         0      
       memset16.S.obj                 98      0         0      
       autoinit.c.obj                 60      0         0      
       boot_cortex_m.c.obj            40      0         0      
       copy_decompress_none.c.obj     18      0         0      
       copy_zero_init.c.obj           16      0         0      
       exit.c.obj                     6       0         0      
       pre_init.c.obj                 4       0         0      
    +--+------------------------------+-------+---------+---------+
       Total:                         520     0         0      
                                                               
    C:\ti\ccs2020\ccs\tools\compiler\ti-cgt-armllvm_4.0.3.LTS\lib\armv6m-ti-none-eabi/c/libsysbm.a
       hostexit.c.obj                 4       0         0      
    +--+------------------------------+-------+---------+---------+
       Total:                         4       0         0      
                                                               
    C:\ti\ccs2020\ccs\tools\compiler\ti-cgt-armllvm_4.0.3.LTS\lib\armv6m-ti-none-eabi/libclang_rt.builtins.a
       addsf3.S.obj                   216     0         0      
       mulsf3.S.obj                   140     0         0      
       divsf3.S.obj                   130     0         0      
       comparesf2.S.obj               118     0         0      
       aeabi_fcmp.S.obj               98      0         0      
       aeabi_uidivmod.S.obj           64      0         0      
       floatsisf.S.obj                60      0         0      
       muldsi3.S.obj                  58      0         0      
       fixsfsi.S.obj                  56      0         0      
       fixunssfsi.S.obj               50      0         0      
       aeabi_memset.S.obj             12      0         0      
       aeabi_memcpy.S.obj             8       0         0      
       aeabi_div0.c.obj               2       0         0      
    +--+------------------------------+-------+---------+---------+
       Total:                         1012    0         0      
                                                               
       Stack:                         0       0         512    
       Linker Generated:              0       52        0      
    +--+------------------------------+-------+---------+---------+
       Grand Total:                   13316   6512      2513   


LINKER GENERATED COPY TABLES

__TI_cinit_table @ 00004d7c records: 2, size/record: 8, table size: 16
	.data: load addr=00004d58, load size=00000010 bytes, run addr=2020078c, run size=00000046 bytes, compression=lzss
	.bss: load addr=00004d74, load size=00000008 bytes, run addr=20200000, run size=0000078b bytes, compression=zero_init


LINKER GENERATED HANDLER TABLE

__TI_handler_table @ 00004d68 records: 3, size/record: 4, table size: 12
	index: 0, handler: __TI_decompress_lzss
	index: 1, handler: __TI_decompress_none
	index: 2, handler: __TI_zero_init


GLOBAL SYMBOLS: SORTED ALPHABETICALLY BY Name 

address   name                                 
-------   ----                                 
00000843  ADC0_IRQHandler                      
00000843  ADC1_IRQHandler                      
00000843  AES_IRQHandler                       
20200400  BLERX_BUFF                           
202007c8  BLERX_FLAG                           
202007c9  BLERX_LEN                            
000034c6  C$$EXIT                              
00000843  CANFD0_IRQHandler                    
00000843  DAC0_IRQHandler                      
000034ad  DL_Common_delayCycles                
00002e71  DL_I2C_fillControllerTXFIFO          
00003315  DL_I2C_setClockConfig                
0000339d  DL_SYSCTL_configFCC                  
00001f91  DL_SYSCTL_configSYSPLL               
00003051  DL_SYSCTL_switchMCLKfromSYSOSCtoHSCLK
00001ca9  DL_Timer_initFourCCPWMMode           
00001dad  DL_Timer_initTimerMode               
000033b9  DL_Timer_setCaptCompUpdateMethod     
000033f1  DL_Timer_setCaptureCompareOutCtl     
0000342d  DL_Timer_setCaptureCompareValue      
000033d5  DL_Timer_setClockConfig              
00002fc1  DL_UART_init                         
00003409  DL_UART_setClockConfig               
00000843  DMA_IRQHandler                       
00000843  Default_Handler                      
0000343d  Encoder3_Get                         
0000344d  Encoder4_Get                         
0000333d  Encoder_GPIO_Init                    
00002895  Encoder_Init                         
00000843  GROUP0_IRQHandler                    
00002c85  GROUP1_IRQHandler                    
20200710  GyroControl                          
0000291d  GyroControl_Init                     
00002441  GyroControl_NormalizeAngle           
0000347d  GyroControl_SetTarget                
00000b69  GyroControl_Update                   
20200738  GyroPID_Angle                        
2020075c  GyroPID_Gyro                         
00003489  Gyro_GetRateZ                        
00003495  Gyro_GetYaw                          
0000138d  Gyro_ParseByte                       
000034c7  HOSTexit                             
00000843  HardFault_Handler                    
00000843  I2C0_IRQHandler                      
00000843  I2C1_IRQHandler                      
00002645  Incremental_PID                      
0000335d  Motor_Init                           
0000259d  Motor_SetSpeed                       
00000843  NMI_Handler                          
000018f1  OLED_Clear                           
00002ba5  OLED_ClearArea                       
20200000  OLED_GRAM                            
000015b5  OLED_Init                            
00001b71  OLED_Refresh                         
00001769  OLED_ShowChar                        
000004b5  OLED_ShowNum                         
00002e11  OLED_ShowString                      
000024f1  PID_Iint                             
202006b0  PID_MotorA                           
202006e0  PID_MotorB                           
20200678  PID_findway                          
00000843  PendSV_Handler                       
00002145  Position_PID                         
00000843  RTC_IRQHandler                       
000034cb  Reset_Handler                        
00000843  SPI0_IRQHandler                      
00000843  SPI1_IRQHandler                      
00000843  SVC_Handler                          
00001a35  SYSCFG_DL_GPIO_init                  
000029a1  SYSCFG_DL_Gyro_init                  
00002aa9  SYSCFG_DL_HC_init                    
00002ed1  SYSCFG_DL_OLED_init                  
00003009  SYSCFG_DL_PID_TIM_init               
00001ea9  SYSCFG_DL_PWM_0_init                 
00002f75  SYSCFG_DL_Pathfinding_TIM_init       
00000e75  SYSCFG_DL_SYSCTL_SYSPLL_init         
00002385  SYSCFG_DL_SYSCTL_init                
00003119  SYSCFG_DL_init                       
00002c15  SYSCFG_DL_initPower                  
00000843  SysTick_Handler                      
00000843  TIMA0_IRQHandler                     
00002205  TIMA1_IRQHandler                     
000022c5  TIMG0_IRQHandler                     
00000843  TIMG12_IRQHandler                    
00000843  TIMG6_IRQHandler                     
00000843  TIMG7_IRQHandler                     
00000843  TIMG8_IRQHandler                     
00000843  UART0_IRQHandler                     
00003095  UART1_IRQHandler                     
0000337d  UART2_IRQHandler                     
00000843  UART3_IRQHandler                     
20208000  __STACK_END                          
00000200  __STACK_SIZE                         
00000000  __TI_ATRegion0_region_sz             
00000000  __TI_ATRegion0_src_addr              
00000000  __TI_ATRegion0_trg_addr              
00000000  __TI_ATRegion1_region_sz             
00000000  __TI_ATRegion1_src_addr              
00000000  __TI_ATRegion1_trg_addr              
00000000  __TI_ATRegion2_region_sz             
00000000  __TI_ATRegion2_src_addr              
00000000  __TI_ATRegion2_trg_addr              
00004d7c  __TI_CINIT_Base                      
00004d8c  __TI_CINIT_Limit                     
00004d8c  __TI_CINIT_Warm                      
00004d68  __TI_Handler_Table_Base              
00004d74  __TI_Handler_Table_Limit             
000031cd  __TI_auto_init_nobinit_nopinit       
00002b29  __TI_decompress_lzss                 
0000341b  __TI_decompress_none                 
ffffffff  __TI_pprof_out_hndl                  
ffffffff  __TI_prof_data_size                  
ffffffff  __TI_prof_data_start                 
00000000  __TI_static_base__                   
0000346d  __TI_zero_init                       
00002077  __addsf3                             
00003281  __aeabi_f2iz                         
000032b9  __aeabi_f2uiz                        
00002077  __aeabi_fadd                         
00002d4d  __aeabi_fcmpeq                       
00002d89  __aeabi_fcmpge                       
00002d9d  __aeabi_fcmpgt                       
00002d75  __aeabi_fcmple                       
00002d61  __aeabi_fcmplt                       
00002a25  __aeabi_fdiv                         
0000277d  __aeabi_fmul                         
0000206d  __aeabi_fsub                         
00003155  __aeabi_i2f                          
0000277b  __aeabi_idiv0                        
000034a1  __aeabi_memclr                       
000034a1  __aeabi_memclr4                      
000034a1  __aeabi_memclr8                      
000034b9  __aeabi_memcpy                       
000034b9  __aeabi_memcpy4                      
000034b9  __aeabi_memcpy8                      
000030d9  __aeabi_uidiv                        
000030d9  __aeabi_uidivmod                     
ffffffff  __binit__                            
00003209  __cmpsf2                             
00002a25  __divsf3                             
00003209  __eqsf2                              
00003281  __fixsfsi                            
000032b9  __fixunssfsi                         
00003155  __floatsisf                          
00003191  __gesf2                              
00003191  __gtsf2                              
00003209  __lesf2                              
00003209  __ltsf2                              
UNDEFED   __mpu_init                           
00003245  __muldsi3                            
0000277d  __mulsf3                             
00003209  __nesf2                              
20207e00  __stack                              
20200000  __start___llvm_prf_bits              
20200000  __start___llvm_prf_cnts              
20200000  __stop___llvm_prf_bits               
20200000  __stop___llvm_prf_cnts               
0000206d  __subsf3                             
000032ed  _c_int00_noargs                      
UNDEFED   _system_post_cinit                   
000034cf  _system_pre_init                     
000034c1  abort                                
00004824  asc2_1206                            
00004234  asc2_1608                            
000034d8  asc2_2412                            
2020078c  base_speed                           
ffffffff  binit                                
202007cb  check                                
00002f25  checkLineFound                       
202007cc  controlMode                          
202007cd  controlModelast                      
0000345d  delay_ms                             
00002ce9  digtal                               
20200500  gPWM_0Backup                         
202005bc  gPathfinding_TIMBackup               
202007ce  gyroDir                              
202007cf  gyroToLineFlag                       
00000000  interruptVectors                     
202007d0  isLineLost                           
000000c1  main                                 
000026e1  memcpy                               
00002daf  memset                               
00002809  motor                                
202007d1  pid_enabled                          
202007bc  targetYaw                            
202007c0  timer6Count                          
0000111d  track_zhixian1                       
202007c4  yawWhenLost                          


GLOBAL SYMBOLS: SORTED BY Symbol Address 

address   name                                 
-------   ----                                 
00000000  __TI_ATRegion0_region_sz             
00000000  __TI_ATRegion0_src_addr              
00000000  __TI_ATRegion0_trg_addr              
00000000  __TI_ATRegion1_region_sz             
00000000  __TI_ATRegion1_src_addr              
00000000  __TI_ATRegion1_trg_addr              
00000000  __TI_ATRegion2_region_sz             
00000000  __TI_ATRegion2_src_addr              
00000000  __TI_ATRegion2_trg_addr              
00000000  __TI_static_base__                   
00000000  interruptVectors                     
000000c1  main                                 
00000200  __STACK_SIZE                         
000004b5  OLED_ShowNum                         
00000843  ADC0_IRQHandler                      
00000843  ADC1_IRQHandler                      
00000843  AES_IRQHandler                       
00000843  CANFD0_IRQHandler                    
00000843  DAC0_IRQHandler                      
00000843  DMA_IRQHandler                       
00000843  Default_Handler                      
00000843  GROUP0_IRQHandler                    
00000843  HardFault_Handler                    
00000843  I2C0_IRQHandler                      
00000843  I2C1_IRQHandler                      
00000843  NMI_Handler                          
00000843  PendSV_Handler                       
00000843  RTC_IRQHandler                       
00000843  SPI0_IRQHandler                      
00000843  SPI1_IRQHandler                      
00000843  SVC_Handler                          
00000843  SysTick_Handler                      
00000843  TIMA0_IRQHandler                     
00000843  TIMG12_IRQHandler                    
00000843  TIMG6_IRQHandler                     
00000843  TIMG7_IRQHandler                     
00000843  TIMG8_IRQHandler                     
00000843  UART0_IRQHandler                     
00000843  UART3_IRQHandler                     
00000b69  GyroControl_Update                   
00000e75  SYSCFG_DL_SYSCTL_SYSPLL_init         
0000111d  track_zhixian1                       
0000138d  Gyro_ParseByte                       
000015b5  OLED_Init                            
00001769  OLED_ShowChar                        
000018f1  OLED_Clear                           
00001a35  SYSCFG_DL_GPIO_init                  
00001b71  OLED_Refresh                         
00001ca9  DL_Timer_initFourCCPWMMode           
00001dad  DL_Timer_initTimerMode               
00001ea9  SYSCFG_DL_PWM_0_init                 
00001f91  DL_SYSCTL_configSYSPLL               
0000206d  __aeabi_fsub                         
0000206d  __subsf3                             
00002077  __addsf3                             
00002077  __aeabi_fadd                         
00002145  Position_PID                         
00002205  TIMA1_IRQHandler                     
000022c5  TIMG0_IRQHandler                     
00002385  SYSCFG_DL_SYSCTL_init                
00002441  GyroControl_NormalizeAngle           
000024f1  PID_Iint                             
0000259d  Motor_SetSpeed                       
00002645  Incremental_PID                      
000026e1  memcpy                               
0000277b  __aeabi_idiv0                        
0000277d  __aeabi_fmul                         
0000277d  __mulsf3                             
00002809  motor                                
00002895  Encoder_Init                         
0000291d  GyroControl_Init                     
000029a1  SYSCFG_DL_Gyro_init                  
00002a25  __aeabi_fdiv                         
00002a25  __divsf3                             
00002aa9  SYSCFG_DL_HC_init                    
00002b29  __TI_decompress_lzss                 
00002ba5  OLED_ClearArea                       
00002c15  SYSCFG_DL_initPower                  
00002c85  GROUP1_IRQHandler                    
00002ce9  digtal                               
00002d4d  __aeabi_fcmpeq                       
00002d61  __aeabi_fcmplt                       
00002d75  __aeabi_fcmple                       
00002d89  __aeabi_fcmpge                       
00002d9d  __aeabi_fcmpgt                       
00002daf  memset                               
00002e11  OLED_ShowString                      
00002e71  DL_I2C_fillControllerTXFIFO          
00002ed1  SYSCFG_DL_OLED_init                  
00002f25  checkLineFound                       
00002f75  SYSCFG_DL_Pathfinding_TIM_init       
00002fc1  DL_UART_init                         
00003009  SYSCFG_DL_PID_TIM_init               
00003051  DL_SYSCTL_switchMCLKfromSYSOSCtoHSCLK
00003095  UART1_IRQHandler                     
000030d9  __aeabi_uidiv                        
000030d9  __aeabi_uidivmod                     
00003119  SYSCFG_DL_init                       
00003155  __aeabi_i2f                          
00003155  __floatsisf                          
00003191  __gesf2                              
00003191  __gtsf2                              
000031cd  __TI_auto_init_nobinit_nopinit       
00003209  __cmpsf2                             
00003209  __eqsf2                              
00003209  __lesf2                              
00003209  __ltsf2                              
00003209  __nesf2                              
00003245  __muldsi3                            
00003281  __aeabi_f2iz                         
00003281  __fixsfsi                            
000032b9  __aeabi_f2uiz                        
000032b9  __fixunssfsi                         
000032ed  _c_int00_noargs                      
00003315  DL_I2C_setClockConfig                
0000333d  Encoder_GPIO_Init                    
0000335d  Motor_Init                           
0000337d  UART2_IRQHandler                     
0000339d  DL_SYSCTL_configFCC                  
000033b9  DL_Timer_setCaptCompUpdateMethod     
000033d5  DL_Timer_setClockConfig              
000033f1  DL_Timer_setCaptureCompareOutCtl     
00003409  DL_UART_setClockConfig               
0000341b  __TI_decompress_none                 
0000342d  DL_Timer_setCaptureCompareValue      
0000343d  Encoder3_Get                         
0000344d  Encoder4_Get                         
0000345d  delay_ms                             
0000346d  __TI_zero_init                       
0000347d  GyroControl_SetTarget                
00003489  Gyro_GetRateZ                        
00003495  Gyro_GetYaw                          
000034a1  __aeabi_memclr                       
000034a1  __aeabi_memclr4                      
000034a1  __aeabi_memclr8                      
000034ad  DL_Common_delayCycles                
000034b9  __aeabi_memcpy                       
000034b9  __aeabi_memcpy4                      
000034b9  __aeabi_memcpy8                      
000034c1  abort                                
000034c6  C$$EXIT                              
000034c7  HOSTexit                             
000034cb  Reset_Handler                        
000034cf  _system_pre_init                     
000034d8  asc2_2412                            
00004234  asc2_1608                            
00004824  asc2_1206                            
00004d68  __TI_Handler_Table_Base              
00004d74  __TI_Handler_Table_Limit             
00004d7c  __TI_CINIT_Base                      
00004d8c  __TI_CINIT_Limit                     
00004d8c  __TI_CINIT_Warm                      
20200000  OLED_GRAM                            
20200000  __start___llvm_prf_bits              
20200000  __start___llvm_prf_cnts              
20200000  __stop___llvm_prf_bits               
20200000  __stop___llvm_prf_cnts               
20200400  BLERX_BUFF                           
20200500  gPWM_0Backup                         
202005bc  gPathfinding_TIMBackup               
20200678  PID_findway                          
202006b0  PID_MotorA                           
202006e0  PID_MotorB                           
20200710  GyroControl                          
20200738  GyroPID_Angle                        
2020075c  GyroPID_Gyro                         
2020078c  base_speed                           
202007bc  targetYaw                            
202007c0  timer6Count                          
202007c4  yawWhenLost                          
202007c8  BLERX_FLAG                           
202007c9  BLERX_LEN                            
202007cb  check                                
202007cc  controlMode                          
202007cd  controlModelast                      
202007ce  gyroDir                              
202007cf  gyroToLineFlag                       
202007d0  isLineLost                           
202007d1  pid_enabled                          
20207e00  __stack                              
20208000  __STACK_END                          
ffffffff  __TI_pprof_out_hndl                  
ffffffff  __TI_prof_data_size                  
ffffffff  __TI_prof_data_start                 
ffffffff  __binit__                            
ffffffff  binit                                
UNDEFED   __mpu_init                           
UNDEFED   _system_post_cinit                   

[188 symbols]
