******************************************************************************
            TI ARM Clang Linker PC v4.0.3                      
******************************************************************************
>> Linked Sat Jul 25 15:41:15 2026

OUTPUT FILE NAME:   <Modular_testing_totalGPIO_NEW copy.out>
ENTRY POINT SYMBOL: "_c_int00_noargs"  address: 00002bdd


MEMORY CONFIGURATION

         name            origin    length      used     unused   attr    fill
----------------------  --------  ---------  --------  --------  ----  --------
  FLASH                 00000000   00020000  000046e0  0001b920  R  X
  SRAM                  20200000   00008000  00000a55  000075ab  RW X
  BCR_CONFIG            41c00000   000000ff  00000000  000000ff  R   
  BSL_CONFIG            41c00100   00000080  00000000  00000080  R   


SEGMENT ALLOCATION MAP

run origin  load origin   length   init length attrs members
----------  ----------- ---------- ----------- ----- -------
00000000    00000000    000046e0   000046e0    r-x
  00000000    00000000    000000c0   000000c0    r-- .intvecs
  000000c0    000000c0    00002d70   00002d70    r-x .text
  00002e30    00002e30    00001878   00001878    r-- .rodata
  000046a8    000046a8    00000038   00000038    r-- .cinit
20200000    20200000    00000855   00000000    rw-
  20200000    20200000    00000720   00000000    rw- .bss
  20200720    20200720    00000135   00000000    rw- .data
20207e00    20207e00    00000200   00000000    rw-
  20207e00    20207e00    00000200   00000000    rw- .stack


SECTION ALLOCATION MAP

 output                                  attributes/
section   page    origin      length       input sections
--------  ----  ----------  ----------   ----------------
.intvecs   0    00000000    000000c0     
                  00000000    000000c0     startup_mspm0g350x_ticlang.o (.intvecs)

.text      0    000000c0    00002d70     
                  000000c0    0000038e     oled.o (.text.OLED_ShowNum)
                  0000044e    00000002     startup_mspm0g350x_ticlang.o (.text.Default_Handler)
                  00000450    0000032c     empty.o (.text.main)
                  0000077c    00000324     oled.o (.text.OLED_WriteBlock)
                  00000aa0    000002a8     ti_msp_dl_config.o (.text.SYSCFG_DL_SYSCTL_SYSPLL_init)
                  00000d48    00000228     gyro.o (.text.Gyro_ParseByte)
                  00000f70    000001b4     oled.o (.text.OLED_Init)
                  00001124    00000194     line.o (.text.track_zhixian1)
                  000012b8    00000188     oled.o (.text.OLED_ShowChar)
                  00001440    00000144     oled.o (.text.OLED_Clear)
                  00001584    0000013c     ti_msp_dl_config.o (.text.SYSCFG_DL_GPIO_init)
                  000016c0    00000138     oled.o (.text.OLED_Refresh)
                  000017f8    00000104     driverlib.a : dl_timer.o (.text.DL_Timer_initFourCCPWMMode)
                  000018fc    00000104     PID_Control.o (.text.PID_Control_Update)
                  00001a00    000000fc     driverlib.a : dl_timer.o (.text.DL_Timer_initTimerMode)
                  00001afc    000000e0     ti_msp_dl_config.o (.text.SYSCFG_DL_PWM_0_init)
                  00001bdc    000000dc     driverlib.a : dl_sysctl_mspm0g1x0x_g3x0x.o (.text.DL_SYSCTL_configSYSPLL)
                  00001cb8    000000d8     libclang_rt.builtins.a : addsf3.S.obj (.text)
                  00001d90    000000c0     PID.o (.text.Position_PID)
                  00001e50    000000bc     ti_msp_dl_config.o (.text.SYSCFG_DL_SYSCTL_init)
                  00001f0c    000000a8     Motor.o (.text.Motor_SetSpeed)
                  00001fb4    0000009c     PID.o (.text.Incremental_PID)
                  00002050    0000009a     libc.a : memcpy16.S.obj (.text:memcpy)
                  000020ea    00000002     libclang_rt.builtins.a : aeabi_div0.c.obj (.text.__aeabi_idiv0)
                  000020ec    0000008c                            : mulsf3.S.obj (.text.__mulsf3)
                  00002178    00000088     Encoder.o (.text.Encoder_Init)
                  00002200    00000084     PID_Control.o (.text.PID_Control_Init)
                  00002284    00000084     ti_msp_dl_config.o (.text.SYSCFG_DL_Gyro_init)
                  00002308    00000082     libclang_rt.builtins.a : divsf3.S.obj (.text.__divsf3)
                  0000238a    00000002     --HOLE-- [fill = 0]
                  0000238c    00000080     ti_msp_dl_config.o (.text.SYSCFG_DL_HC_init)
                  0000240c    0000007c     libc.a : copy_decompress_lzss.c.obj (.text:decompress:lzss)
                  00002488    00000070     oled.o (.text.OLED_ClearArea)
                  000024f8    00000070     ti_msp_dl_config.o (.text.SYSCFG_DL_initPower)
                  00002568    00000064     Encoder_GPIO.o (.text.GROUP1_IRQHandler)
                  000025cc    00000064     sensor.o (.text.digtal)
                  00002630    00000062     libclang_rt.builtins.a : aeabi_fcmp.S.obj (.text.__aeabi_fcmp)
                  00002692    00000062     libc.a : memset16.S.obj (.text:memset)
                  000026f4    00000060     oled.o (.text.OLED_ShowString)
                  00002754    0000005e     driverlib.a : dl_i2c.o (.text.DL_I2C_fillControllerTXFIFO)
                  000027b2    00000002     --HOLE-- [fill = 0]
                  000027b4    00000054     ti_msp_dl_config.o (.text.SYSCFG_DL_OLED_init)
                  00002808    0000004c     line.o (.text.Line_PID_Init)
                  00002854    0000004c     ti_msp_dl_config.o (.text.SYSCFG_DL_Pathfinding_TIM_init)
                  000028a0    00000048     driverlib.a : dl_uart.o (.text.DL_UART_init)
                  000028e8    00000048     ti_msp_dl_config.o (.text.SYSCFG_DL_PID_TIM_init)
                  00002930    00000044     driverlib.a : dl_sysctl_mspm0g1x0x_g3x0x.o (.text.DL_SYSCTL_switchMCLKfromSYSOSCtoHSCLK)
                  00002974    00000044     line.o (.text.Line_PID_Update)
                  000029b8    00000044     bsp_hc05.o (.text.UART1_IRQHandler)
                  000029fc    00000040     libclang_rt.builtins.a : aeabi_uidivmod.S.obj (.text.__aeabi_uidivmod)
                  00002a3c    0000003c     ti_msp_dl_config.o (.text.SYSCFG_DL_init)
                  00002a78    0000003c     libclang_rt.builtins.a : floatsisf.S.obj (.text.__floatsisf)
                  00002ab4    0000003c                            : comparesf2.S.obj (.text.__gtsf2)
                  00002af0    0000003c     libc.a : autoinit.c.obj (.text:__TI_auto_init_nobinit_nopinit)
                  00002b2c    0000003a     libclang_rt.builtins.a : comparesf2.S.obj (.text.__eqsf2)
                  00002b66    00000002     --HOLE-- [fill = 0]
                  00002b68    0000003a                            : muldsi3.S.obj (.text.__muldsi3)
                  00002ba2    00000002     --HOLE-- [fill = 0]
                  00002ba4    00000038                            : fixsfsi.S.obj (.text.__fixsfsi)
                  00002bdc    00000028     libc.a : boot_cortex_m.c.obj (.text:_c_int00_noargs)
                  00002c04    00000026     driverlib.a : dl_i2c.o (.text.DL_I2C_setClockConfig)
                  00002c2a    00000002     --HOLE-- [fill = 0]
                  00002c2c    00000024     bsp_hc05.o (.text.Clear_BLERX_BUFF)
                  00002c50    00000020     Encoder_GPIO.o (.text.Encoder_GPIO_Init)
                  00002c70    00000020     Motor.o (.text.Motor_Init)
                  00002c90    00000020     empty.o (.text.UART2_IRQHandler)
                  00002cb0    0000001c     driverlib.a : dl_sysctl_mspm0g1x0x_g3x0x.o (.text.DL_SYSCTL_configFCC)
                  00002ccc    0000001c                 : dl_timer.o (.text.DL_Timer_setCaptCompUpdateMethod)
                  00002ce8    0000001c                 : dl_timer.o (.text.DL_Timer_setClockConfig)
                  00002d04    00000018     bsp_hc05.o (.text.Bluetooth_Init)
                  00002d1c    00000018     driverlib.a : dl_timer.o (.text.DL_Timer_setCaptureCompareOutCtl)
                  00002d34    00000018     empty.o (.text.TIMA1_IRQHandler)
                  00002d4c    00000018     empty.o (.text.TIMG0_IRQHandler)
                  00002d64    00000014     PID_Control.o (.text.PID_Control_SetTarget)
                  00002d78    00000012     driverlib.a : dl_uart.o (.text.DL_UART_setClockConfig)
                  00002d8a    00000012     libc.a : copy_decompress_none.c.obj (.text:decompress:none)
                  00002d9c    00000010     driverlib.a : dl_timer.o (.text.DL_Timer_setCaptureCompareValue)
                  00002dac    00000010     Encoder_GPIO.o (.text.Encoder_GPIO_Get)
                  00002dbc    00000010     Encoder.o (.text.Encoder_Get)
                  00002dcc    00000010     empty.o (.text.delay_ms)
                  00002ddc    00000010     libc.a : copy_zero_init.c.obj (.text:decompress:ZI)
                  00002dec    0000000c     gyro.o (.text.Gyro_GetYaw)
                  00002df8    0000000c     libclang_rt.builtins.a : aeabi_memset.S.obj (.text.__aeabi_memclr)
                  00002e04    0000000a     driverlib.a : dl_common.o (.text.DL_Common_delayCycles)
                  00002e0e    00000002     --HOLE-- [fill = 0]
                  00002e10    00000008     libclang_rt.builtins.a : aeabi_memcpy.S.obj (.text.__aeabi_memcpy)
                  00002e18    00000006     libc.a : exit.c.obj (.text:abort)
                  00002e1e    00000004     libsysbm.a : hostexit.c.obj (.text.HOSTexit)
                  00002e22    00000004     startup_mspm0g350x_ticlang.o (.text.Reset_Handler)
                  00002e26    00000004     libc.a : pre_init.c.obj (.text._system_pre_init)
                  00002e2a    00000006     --HOLE-- [fill = 0]

.cinit     0    000046a8    00000038     
                  000046a8    0000000e     (.cinit..data.load) [load image, compression = lzss]
                  000046b6    00000002     --HOLE-- [fill = 0]
                  000046b8    0000000c     (__TI_handler_table)
                  000046c4    00000008     (.cinit..bss.load) [load image, compression = zero_init]
                  000046cc    00000010     (__TI_cinit_table)
                  000046dc    00000004     --HOLE-- [fill = 0]

.rodata    0    00002e30    00001878     
                  00002e30    00000d5c     oled.o (.rodata.asc2_2412)
                  00003b8c    000005f0     oled.o (.rodata.asc2_1608)
                  0000417c    00000474     oled.o (.rodata.asc2_1206)
                  000045f0    00000028     ti_msp_dl_config.o (.rodata.gSYSPLLConfig)
                  00004618    0000001c     oled.o (.rodata.OLED_Init.init_cmds)
                  00004634    00000014     ti_msp_dl_config.o (.rodata.gPID_TIMTimerConfig)
                  00004648    00000014     ti_msp_dl_config.o (.rodata.gPathfinding_TIMTimerConfig)
                  0000465c    0000000a     ti_msp_dl_config.o (.rodata.gGyroConfig)
                  00004666    0000000a     ti_msp_dl_config.o (.rodata.gHCConfig)
                  00004670    00000008     ti_msp_dl_config.o (.rodata.gPWM_0Config)
                  00004678    00000006     empty.o (.rodata.str1.11898133897667081452.1)
                  0000467e    00000006     empty.o (.rodata.str1.14685083708502177989.1)
                  00004684    00000005     empty.o (.rodata.str1.254342170260855183.1)
                  00004689    00000005     empty.o (.rodata.str1.9517790425240694019.1)
                  0000468e    00000004     Motor.o (.rodata.cst4)
                  00004692    00000003     ti_msp_dl_config.o (.rodata.gPID_TIMClockConfig)
                  00004695    00000003     ti_msp_dl_config.o (.rodata.gPWM_0ClockConfig)
                  00004698    00000003     ti_msp_dl_config.o (.rodata.gPathfinding_TIMClockConfig)
                  0000469b    00000002     ti_msp_dl_config.o (.rodata.gGyroClockConfig)
                  0000469d    00000002     ti_msp_dl_config.o (.rodata.gHCClockConfig)
                  0000469f    00000002     ti_msp_dl_config.o (.rodata.gOLEDClockConfig)
                  000046a1    00000002     empty.o (.rodata.str1.17669528882079347314.1)
                  000046a3    00000005     --HOLE-- [fill = 0]

.init_array 
*          0    00000000    00000000     UNINITIALIZED

.binit     0    00000000    00000000     

.bss       0    20200000    00000720     UNINITIALIZED
                  20200000    00000400     (.common:OLED_GRAM)
                  20200400    00000100     (.common:BLERX_BUFF)
                  20200500    000000bc     (.common:gPWM_0Backup)
                  202005bc    000000bc     (.common:gPathfinding_TIMBackup)
                  20200678    00000038     (.common:PID_findway)
                  202006b0    00000030     (.common:PID_MotorA)
                  202006e0    00000030     (.common:PID_MotorB)
                  20200710    0000000b     gyro.o (.bss.Gyro_ParseByte.ucRxBuffer)
                  2020071b    00000001     --HOLE--
                  2020071c    00000004     PID_Control.o (.bss.maxRpm)

.data      0    20200720    00000135     UNINITIALIZED
                  20200720    00000100     empty.o (.data.last_ble_data)
                  20200820    00000004     line.o (.data.base_speed)
                  20200824    00000004     Encoder_GPIO.o (.data.encoder_count)
                  20200828    00000004     gyro.o (.data.g_accel.0)
                  2020082c    00000004     gyro.o (.data.g_accel.1)
                  20200830    00000004     gyro.o (.data.g_accel.2)
                  20200834    00000004     gyro.o (.data.g_angle.0)
                  20200838    00000004     gyro.o (.data.g_angle.1)
                  2020083c    00000004     gyro.o (.data.g_angle.2)
                  20200840    00000004     gyro.o (.data.g_rate.0)
                  20200844    00000004     gyro.o (.data.g_rate.1)
                  20200848    00000004     gyro.o (.data.g_rate.2)
                  2020084c    00000004     PID_Control.o (.data.startup_counter)
                  20200850    00000001     bsp_hc05.o (.data.BLERX_FLAG)
                  20200851    00000001     bsp_hc05.o (.data.BLERX_LEN)
                  20200852    00000001     gyro.o (.data.Gyro_ParseByte.ucRxCnt)
                  20200853    00000001     sensor.o (.data.check)
                  20200854    00000001     PID_Control.o (.data.pid_enabled)

.stack     0    20207e00    00000200     UNINITIALIZED
                  20207e00    00000004     libc.a : boot_cortex_m.c.obj (.stack)
                  20207e04    000001fc     --HOLE--

__llvm_prf_cnts 
*          0    20200000    00000000     UNINITIALIZED

__llvm_prf_bits 
*          0    20200000    00000000     UNINITIALIZED

MODULE SUMMARY

       Module                         code    ro data   rw data
       ------                         ----    -------   -------
    .\
       oled.o                         3386    6108      1024   
       ti_msp_dl_config.o             2072    123       376    
       empty.o                        908     24        256    
       gyro.o                         564     0         48     
       line.o                         548     0         60     
       PID_Control.o                  412     0         105    
       bsp_hc05.o                     128     0         258    
       PID.o                          348     0         0      
       Motor.o                        200     4         0      
       startup_mspm0g350x_ticlang.o   6       192       0      
       Encoder.o                      152     0         0      
       Encoder_GPIO.o                 148     0         4      
       sensor.o                       100     0         1      
    +--+------------------------------+-------+---------+---------+
       Total:                         8972    6451      2132   
                                                               
    C:/ti/mspm0_sdk_2_11_00_07/source/ti/driverlib/lib/ticlang/m0p/mspm0g1x0x_g3x0x/driverlib.a
       dl_timer.o                     608     0         0      
       dl_sysctl_mspm0g1x0x_g3x0x.o   316     0         0      
       dl_i2c.o                       132     0         0      
       dl_uart.o                      90      0         0      
       dl_common.o                    10      0         0      
    +--+------------------------------+-------+---------+---------+
       Total:                         1156    0         0      
                                                               
    C:\ti\ccs2020\ccs\tools\compiler\ti-cgt-armllvm_4.0.3.LTS\lib\armv6m-ti-none-eabi/c/libc.a
       memcpy16.S.obj                 154     0         0      
       copy_decompress_lzss.c.obj     124     0         0      
       memset16.S.obj                 98      0         0      
       autoinit.c.obj                 60      0         0      
       boot_cortex_m.c.obj            40      0         0      
       copy_decompress_none.c.obj     18      0         0      
       copy_zero_init.c.obj           16      0         0      
       exit.c.obj                     6       0         0      
       pre_init.c.obj                 4       0         0      
    +--+------------------------------+-------+---------+---------+
       Total:                         520     0         0      
                                                               
    C:\ti\ccs2020\ccs\tools\compiler\ti-cgt-armllvm_4.0.3.LTS\lib\armv6m-ti-none-eabi/c/libsysbm.a
       hostexit.c.obj                 4       0         0      
    +--+------------------------------+-------+---------+---------+
       Total:                         4       0         0      
                                                               
    C:\ti\ccs2020\ccs\tools\compiler\ti-cgt-armllvm_4.0.3.LTS\lib\armv6m-ti-none-eabi/libclang_rt.builtins.a
       addsf3.S.obj                   216     0         0      
       mulsf3.S.obj                   140     0         0      
       divsf3.S.obj                   130     0         0      
       comparesf2.S.obj               118     0         0      
       aeabi_fcmp.S.obj               98      0         0      
       aeabi_uidivmod.S.obj           64      0         0      
       floatsisf.S.obj                60      0         0      
       muldsi3.S.obj                  58      0         0      
       fixsfsi.S.obj                  56      0         0      
       aeabi_memset.S.obj             12      0         0      
       aeabi_memcpy.S.obj             8       0         0      
       aeabi_div0.c.obj               2       0         0      
    +--+------------------------------+-------+---------+---------+
       Total:                         962     0         0      
                                                               
       Stack:                         0       0         512    
       Linker Generated:              0       50        0      
    +--+------------------------------+-------+---------+---------+
       Grand Total:                   11614   6501      2644   


LINKER GENERATED COPY TABLES

__TI_cinit_table @ 000046cc records: 2, size/record: 8, table size: 16
	.data: load addr=000046a8, load size=0000000e bytes, run addr=20200720, run size=00000135 bytes, compression=lzss
	.bss: load addr=000046c4, load size=00000008 bytes, run addr=20200000, run size=00000720 bytes, compression=zero_init


LINKER GENERATED HANDLER TABLE

__TI_handler_table @ 000046b8 records: 3, size/record: 4, table size: 12
	index: 0, handler: __TI_decompress_lzss
	index: 1, handler: __TI_decompress_none
	index: 2, handler: __TI_zero_init


GLOBAL SYMBOLS: SORTED ALPHABETICALLY BY Name 

address   name                                 
-------   ----                                 
0000044f  ADC0_IRQHandler                      
0000044f  ADC1_IRQHandler                      
0000044f  AES_IRQHandler                       
20200400  BLERX_BUFF                           
20200850  BLERX_FLAG                           
20200851  BLERX_LEN                            
00002d05  Bluetooth_Init                       
00002e1e  C$$EXIT                              
0000044f  CANFD0_IRQHandler                    
00002c2d  Clear_BLERX_BUFF                     
0000044f  DAC0_IRQHandler                      
00002e05  DL_Common_delayCycles                
00002755  DL_I2C_fillControllerTXFIFO          
00002c05  DL_I2C_setClockConfig                
00002cb1  DL_SYSCTL_configFCC                  
00001bdd  DL_SYSCTL_configSYSPLL               
00002931  DL_SYSCTL_switchMCLKfromSYSOSCtoHSCLK
000017f9  DL_Timer_initFourCCPWMMode           
00001a01  DL_Timer_initTimerMode               
00002ccd  DL_Timer_setCaptCompUpdateMethod     
00002d1d  DL_Timer_setCaptureCompareOutCtl     
00002d9d  DL_Timer_setCaptureCompareValue      
00002ce9  DL_Timer_setClockConfig              
000028a1  DL_UART_init                         
00002d79  DL_UART_setClockConfig               
0000044f  DMA_IRQHandler                       
0000044f  Default_Handler                      
00002dad  Encoder_GPIO_Get                     
00002c51  Encoder_GPIO_Init                    
00002dbd  Encoder_Get                          
00002179  Encoder_Init                         
0000044f  GROUP0_IRQHandler                    
00002569  GROUP1_IRQHandler                    
00002ded  Gyro_GetYaw                          
00000d49  Gyro_ParseByte                       
00002e1f  HOSTexit                             
0000044f  HardFault_Handler                    
0000044f  I2C0_IRQHandler                      
0000044f  I2C1_IRQHandler                      
00001fb5  Incremental_PID                      
00002809  Line_PID_Init                        
00002975  Line_PID_Update                      
00002c71  Motor_Init                           
00001f0d  Motor_SetSpeed                       
0000044f  NMI_Handler                          
00001441  OLED_Clear                           
00002489  OLED_ClearArea                       
20200000  OLED_GRAM                            
00000f71  OLED_Init                            
000016c1  OLED_Refresh                         
000012b9  OLED_ShowChar                        
000000c1  OLED_ShowNum                         
000026f5  OLED_ShowString                      
00002201  PID_Control_Init                     
00002d65  PID_Control_SetTarget                
000018fd  PID_Control_Update                   
202006b0  PID_MotorA                           
202006e0  PID_MotorB                           
20200678  PID_findway                          
0000044f  PendSV_Handler                       
00001d91  Position_PID                         
0000044f  RTC_IRQHandler                       
00002e23  Reset_Handler                        
0000044f  SPI0_IRQHandler                      
0000044f  SPI1_IRQHandler                      
0000044f  SVC_Handler                          
00001585  SYSCFG_DL_GPIO_init                  
00002285  SYSCFG_DL_Gyro_init                  
0000238d  SYSCFG_DL_HC_init                    
000027b5  SYSCFG_DL_OLED_init                  
000028e9  SYSCFG_DL_PID_TIM_init               
00001afd  SYSCFG_DL_PWM_0_init                 
00002855  SYSCFG_DL_Pathfinding_TIM_init       
00000aa1  SYSCFG_DL_SYSCTL_SYSPLL_init         
00001e51  SYSCFG_DL_SYSCTL_init                
00002a3d  SYSCFG_DL_init                       
000024f9  SYSCFG_DL_initPower                  
0000044f  SysTick_Handler                      
0000044f  TIMA0_IRQHandler                     
00002d35  TIMA1_IRQHandler                     
00002d4d  TIMG0_IRQHandler                     
0000044f  TIMG12_IRQHandler                    
0000044f  TIMG6_IRQHandler                     
0000044f  TIMG7_IRQHandler                     
0000044f  TIMG8_IRQHandler                     
0000044f  UART0_IRQHandler                     
000029b9  UART1_IRQHandler                     
00002c91  UART2_IRQHandler                     
0000044f  UART3_IRQHandler                     
20208000  __STACK_END                          
00000200  __STACK_SIZE                         
00000000  __TI_ATRegion0_region_sz             
00000000  __TI_ATRegion0_src_addr              
00000000  __TI_ATRegion0_trg_addr              
00000000  __TI_ATRegion1_region_sz             
00000000  __TI_ATRegion1_src_addr              
00000000  __TI_ATRegion1_trg_addr              
00000000  __TI_ATRegion2_region_sz             
00000000  __TI_ATRegion2_src_addr              
00000000  __TI_ATRegion2_trg_addr              
000046cc  __TI_CINIT_Base                      
000046dc  __TI_CINIT_Limit                     
000046dc  __TI_CINIT_Warm                      
000046b8  __TI_Handler_Table_Base              
000046c4  __TI_Handler_Table_Limit             
00002af1  __TI_auto_init_nobinit_nopinit       
0000240d  __TI_decompress_lzss                 
00002d8b  __TI_decompress_none                 
ffffffff  __TI_pprof_out_hndl                  
ffffffff  __TI_prof_data_size                  
ffffffff  __TI_prof_data_start                 
00000000  __TI_static_base__                   
00002ddd  __TI_zero_init                       
00001cc3  __addsf3                             
00002ba5  __aeabi_f2iz                         
00001cc3  __aeabi_fadd                         
00002631  __aeabi_fcmpeq                       
0000266d  __aeabi_fcmpge                       
00002681  __aeabi_fcmpgt                       
00002659  __aeabi_fcmple                       
00002645  __aeabi_fcmplt                       
00002309  __aeabi_fdiv                         
000020ed  __aeabi_fmul                         
00001cb9  __aeabi_fsub                         
00002a79  __aeabi_i2f                          
000020eb  __aeabi_idiv0                        
00002df9  __aeabi_memclr                       
00002df9  __aeabi_memclr4                      
00002df9  __aeabi_memclr8                      
00002e11  __aeabi_memcpy                       
00002e11  __aeabi_memcpy4                      
00002e11  __aeabi_memcpy8                      
000029fd  __aeabi_uidiv                        
000029fd  __aeabi_uidivmod                     
ffffffff  __binit__                            
00002b2d  __cmpsf2                             
00002309  __divsf3                             
00002b2d  __eqsf2                              
00002ba5  __fixsfsi                            
00002a79  __floatsisf                          
00002ab5  __gesf2                              
00002ab5  __gtsf2                              
00002b2d  __lesf2                              
00002b2d  __ltsf2                              
UNDEFED   __mpu_init                           
00002b69  __muldsi3                            
000020ed  __mulsf3                             
00002b2d  __nesf2                              
20207e00  __stack                              
20200000  __start___llvm_prf_bits              
20200000  __start___llvm_prf_cnts              
20200000  __stop___llvm_prf_bits               
20200000  __stop___llvm_prf_cnts               
00001cb9  __subsf3                             
00002bdd  _c_int00_noargs                      
UNDEFED   _system_post_cinit                   
00002e27  _system_pre_init                     
00002e19  abort                                
0000417c  asc2_1206                            
00003b8c  asc2_1608                            
00002e30  asc2_2412                            
20200820  base_speed                           
ffffffff  binit                                
20200853  check                                
00002dcd  delay_ms                             
000025cd  digtal                               
20200500  gPWM_0Backup                         
202005bc  gPathfinding_TIMBackup               
00000000  interruptVectors                     
00000451  main                                 
00002051  memcpy                               
00002693  memset                               
20200854  pid_enabled                          
00001125  track_zhixian1                       


GLOBAL SYMBOLS: SORTED BY Symbol Address 

address   name                                 
-------   ----                                 
00000000  __TI_ATRegion0_region_sz             
00000000  __TI_ATRegion0_src_addr              
00000000  __TI_ATRegion0_trg_addr              
00000000  __TI_ATRegion1_region_sz             
00000000  __TI_ATRegion1_src_addr              
00000000  __TI_ATRegion1_trg_addr              
00000000  __TI_ATRegion2_region_sz             
00000000  __TI_ATRegion2_src_addr              
00000000  __TI_ATRegion2_trg_addr              
00000000  __TI_static_base__                   
00000000  interruptVectors                     
000000c1  OLED_ShowNum                         
00000200  __STACK_SIZE                         
0000044f  ADC0_IRQHandler                      
0000044f  ADC1_IRQHandler                      
0000044f  AES_IRQHandler                       
0000044f  CANFD0_IRQHandler                    
0000044f  DAC0_IRQHandler                      
0000044f  DMA_IRQHandler                       
0000044f  Default_Handler                      
0000044f  GROUP0_IRQHandler                    
0000044f  HardFault_Handler                    
0000044f  I2C0_IRQHandler                      
0000044f  I2C1_IRQHandler                      
0000044f  NMI_Handler                          
0000044f  PendSV_Handler                       
0000044f  RTC_IRQHandler                       
0000044f  SPI0_IRQHandler                      
0000044f  SPI1_IRQHandler                      
0000044f  SVC_Handler                          
0000044f  SysTick_Handler                      
0000044f  TIMA0_IRQHandler                     
0000044f  TIMG12_IRQHandler                    
0000044f  TIMG6_IRQHandler                     
0000044f  TIMG7_IRQHandler                     
0000044f  TIMG8_IRQHandler                     
0000044f  UART0_IRQHandler                     
0000044f  UART3_IRQHandler                     
00000451  main                                 
00000aa1  SYSCFG_DL_SYSCTL_SYSPLL_init         
00000d49  Gyro_ParseByte                       
00000f71  OLED_Init                            
00001125  track_zhixian1                       
000012b9  OLED_ShowChar                        
00001441  OLED_Clear                           
00001585  SYSCFG_DL_GPIO_init                  
000016c1  OLED_Refresh                         
000017f9  DL_Timer_initFourCCPWMMode           
000018fd  PID_Control_Update                   
00001a01  DL_Timer_initTimerMode               
00001afd  SYSCFG_DL_PWM_0_init                 
00001bdd  DL_SYSCTL_configSYSPLL               
00001cb9  __aeabi_fsub                         
00001cb9  __subsf3                             
00001cc3  __addsf3                             
00001cc3  __aeabi_fadd                         
00001d91  Position_PID                         
00001e51  SYSCFG_DL_SYSCTL_init                
00001f0d  Motor_SetSpeed                       
00001fb5  Incremental_PID                      
00002051  memcpy                               
000020eb  __aeabi_idiv0                        
000020ed  __aeabi_fmul                         
000020ed  __mulsf3                             
00002179  Encoder_Init                         
00002201  PID_Control_Init                     
00002285  SYSCFG_DL_Gyro_init                  
00002309  __aeabi_fdiv                         
00002309  __divsf3                             
0000238d  SYSCFG_DL_HC_init                    
0000240d  __TI_decompress_lzss                 
00002489  OLED_ClearArea                       
000024f9  SYSCFG_DL_initPower                  
00002569  GROUP1_IRQHandler                    
000025cd  digtal                               
00002631  __aeabi_fcmpeq                       
00002645  __aeabi_fcmplt                       
00002659  __aeabi_fcmple                       
0000266d  __aeabi_fcmpge                       
00002681  __aeabi_fcmpgt                       
00002693  memset                               
000026f5  OLED_ShowString                      
00002755  DL_I2C_fillControllerTXFIFO          
000027b5  SYSCFG_DL_OLED_init                  
00002809  Line_PID_Init                        
00002855  SYSCFG_DL_Pathfinding_TIM_init       
000028a1  DL_UART_init                         
000028e9  SYSCFG_DL_PID_TIM_init               
00002931  DL_SYSCTL_switchMCLKfromSYSOSCtoHSCLK
00002975  Line_PID_Update                      
000029b9  UART1_IRQHandler                     
000029fd  __aeabi_uidiv                        
000029fd  __aeabi_uidivmod                     
00002a3d  SYSCFG_DL_init                       
00002a79  __aeabi_i2f                          
00002a79  __floatsisf                          
00002ab5  __gesf2                              
00002ab5  __gtsf2                              
00002af1  __TI_auto_init_nobinit_nopinit       
00002b2d  __cmpsf2                             
00002b2d  __eqsf2                              
00002b2d  __lesf2                              
00002b2d  __ltsf2                              
00002b2d  __nesf2                              
00002b69  __muldsi3                            
00002ba5  __aeabi_f2iz                         
00002ba5  __fixsfsi                            
00002bdd  _c_int00_noargs                      
00002c05  DL_I2C_setClockConfig                
00002c2d  Clear_BLERX_BUFF                     
00002c51  Encoder_GPIO_Init                    
00002c71  Motor_Init                           
00002c91  UART2_IRQHandler                     
00002cb1  DL_SYSCTL_configFCC                  
00002ccd  DL_Timer_setCaptCompUpdateMethod     
00002ce9  DL_Timer_setClockConfig              
00002d05  Bluetooth_Init                       
00002d1d  DL_Timer_setCaptureCompareOutCtl     
00002d35  TIMA1_IRQHandler                     
00002d4d  TIMG0_IRQHandler                     
00002d65  PID_Control_SetTarget                
00002d79  DL_UART_setClockConfig               
00002d8b  __TI_decompress_none                 
00002d9d  DL_Timer_setCaptureCompareValue      
00002dad  Encoder_GPIO_Get                     
00002dbd  Encoder_Get                          
00002dcd  delay_ms                             
00002ddd  __TI_zero_init                       
00002ded  Gyro_GetYaw                          
00002df9  __aeabi_memclr                       
00002df9  __aeabi_memclr4                      
00002df9  __aeabi_memclr8                      
00002e05  DL_Common_delayCycles                
00002e11  __aeabi_memcpy                       
00002e11  __aeabi_memcpy4                      
00002e11  __aeabi_memcpy8                      
00002e19  abort                                
00002e1e  C$$EXIT                              
00002e1f  HOSTexit                             
00002e23  Reset_Handler                        
00002e27  _system_pre_init                     
00002e30  asc2_2412                            
00003b8c  asc2_1608                            
0000417c  asc2_1206                            
000046b8  __TI_Handler_Table_Base              
000046c4  __TI_Handler_Table_Limit             
000046cc  __TI_CINIT_Base                      
000046dc  __TI_CINIT_Limit                     
000046dc  __TI_CINIT_Warm                      
20200000  OLED_GRAM                            
20200000  __start___llvm_prf_bits              
20200000  __start___llvm_prf_cnts              
20200000  __stop___llvm_prf_bits               
20200000  __stop___llvm_prf_cnts               
20200400  BLERX_BUFF                           
20200500  gPWM_0Backup                         
202005bc  gPathfinding_TIMBackup               
20200678  PID_findway                          
202006b0  PID_MotorA                           
202006e0  PID_MotorB                           
20200820  base_speed                           
20200850  BLERX_FLAG                           
20200851  BLERX_LEN                            
20200853  check                                
20200854  pid_enabled                          
20207e00  __stack                              
20208000  __STACK_END                          
ffffffff  __TI_pprof_out_hndl                  
ffffffff  __TI_prof_data_size                  
ffffffff  __TI_prof_data_start                 
ffffffff  __binit__                            
ffffffff  binit                                
UNDEFED   __mpu_init                           
UNDEFED   _system_post_cinit                   

[174 symbols]
