******************************************************************************
            TI ARM Clang Linker PC v4.0.3                      
******************************************************************************
>> Linked Sat Jul 18 22:17:50 2026

OUTPUT FILE NAME:   <Modular_testing_OLED_PWM_Encoder_TIM.out>
ENTRY POINT SYMBOL: "_c_int00_noargs"  address: 00001ac9


MEMORY CONFIGURATION

         name            origin    length      used     unused   attr    fill
----------------------  --------  ---------  --------  --------  ----  --------
  FLASH                 00000000   00020000  000022c0  0001dd40  R  X
  SRAM                  20200000   00008000  00000335  00007ccb  RW X
  BCR_CONFIG            41c00000   000000ff  00000000  000000ff  R   
  BSL_CONFIG            41c00100   00000080  00000000  00000080  R   


SEGMENT ALLOCATION MAP

run origin  load origin   length   init length attrs members
----------  ----------- ---------- ----------- ----- -------
00000000    00000000    000022c0   000022c0    r-x
  00000000    00000000    000000c0   000000c0    r-- .intvecs
  000000c0    000000c0    00001b98   00001b98    r-x .text
  00001c58    00001c58    00000638   00000638    r-- .rodata
  00002290    00002290    00000030   00000030    r-- .cinit
20200000    20200000    00000135   00000000    rw-
  20200000    20200000    0000011c   00000000    rw- .bss
  2020011c    2020011c    00000019   00000000    rw- .data
20207e00    20207e00    00000200   00000000    rw-
  20207e00    20207e00    00000200   00000000    rw- .stack


SECTION ALLOCATION MAP

 output                                  attributes/
section   page    origin      length       input sections
--------  ----  ----------  ----------   ----------------
.intvecs   0    00000000    000000c0     
                  00000000    000000c0     startup_mspm0g350x_ticlang.o (.intvecs)

.text      0    000000c0    00001b98     
                  000000c0    00000330     OLED.o (.text.OLED_ShowSignedNum)
                  000003f0    00000270     OLED.o (.text.OLED_Init)
                  00000660    0000024c     OLED.o (.text.OLED_WriteCommand)
                  000008ac    0000024c     OLED.o (.text.OLED_WriteData)
                  00000af8    000001bc     OLED.o (.text.OLED_Clear)
                  00000cb4    00000104     driverlib.a : dl_timer.o (.text.DL_Timer_initFourCCPWMMode)
                  00000db8    000000fc                 : dl_timer.o (.text.DL_Timer_initTimerMode)
                  00000eb4    000000e0     PID_Control.o (.text.PID_Control_Update)
                  00000f94    000000e0     ti_msp_dl_config.o (.text.SYSCFG_DL_PWM_0_init)
                  00001074    000000dc     empty.o (.text.main)
                  00001150    000000d8     libclang_rt.builtins.a : addsf3.S.obj (.text)
                  00001228    000000c4     OLED.o (.text.OLED_ShowChar)
                  000012ec    0000009c     PID.o (.text.Incremental_PID)
                  00001388    0000009c     Motor.o (.text.Motor_SetSpeed)
                  00001424    0000009a     libc.a : memcpy16.S.obj (.text:memcpy)
                  000014be    00000002     startup_mspm0g350x_ticlang.o (.text.Default_Handler)
                  000014c0    00000090     ti_msp_dl_config.o (.text.SYSCFG_DL_GPIO_init)
                  00001550    0000008c     libclang_rt.builtins.a : mulsf3.S.obj (.text.__mulsf3)
                  000015dc    00000088     Encoder.o (.text.Encoder_Init)
                  00001664    0000007c     libc.a : copy_decompress_lzss.c.obj (.text:decompress:lzss)
                  000016e0    0000006c     PID_Control.o (.text.PID_Control_Init)
                  0000174c    00000062     libclang_rt.builtins.a : aeabi_fcmp.S.obj (.text.__aeabi_fcmp)
                  000017ae    00000002                            : aeabi_div0.c.obj (.text.__aeabi_idiv0)
                  000017b0    00000058     Encoder_GPIO.o (.text.GROUP1_IRQHandler)
                  00001808    00000054     OLED.o (.text.OLED_ShowString)
                  0000185c    00000050     ti_msp_dl_config.o (.text.SYSCFG_DL_SYSCTL_init)
                  000018ac    00000040     ti_msp_dl_config.o (.text.SYSCFG_DL_initPower)
                  000018ec    00000040     libclang_rt.builtins.a : aeabi_uidivmod.S.obj (.text.__aeabi_uidivmod)
                  0000192c    0000003c                            : floatsisf.S.obj (.text.__floatsisf)
                  00001968    0000003c                            : comparesf2.S.obj (.text.__gtsf2)
                  000019a4    0000003c     libc.a : autoinit.c.obj (.text:__TI_auto_init_nobinit_nopinit)
                  000019e0    0000003a     libclang_rt.builtins.a : comparesf2.S.obj (.text.__eqsf2)
                  00001a1a    00000002     --HOLE-- [fill = 0]
                  00001a1c    0000003a                            : muldsi3.S.obj (.text.__muldsi3)
                  00001a56    00000002     --HOLE-- [fill = 0]
                  00001a58    00000038     ti_msp_dl_config.o (.text.SYSCFG_DL_PID_TIM_init)
                  00001a90    00000038     libclang_rt.builtins.a : fixsfsi.S.obj (.text.__fixsfsi)
                  00001ac8    00000028     libc.a : boot_cortex_m.c.obj (.text:_c_int00_noargs)
                  00001af0    00000024     ti_msp_dl_config.o (.text.SYSCFG_DL_init)
                  00001b14    00000020     Encoder_GPIO.o (.text.Encoder_GPIO_Init)
                  00001b34    00000020     Motor.o (.text.Motor_Init)
                  00001b54    0000001c     driverlib.a : dl_timer.o (.text.DL_Timer_setCaptCompUpdateMethod)
                  00001b70    0000001c                 : dl_timer.o (.text.DL_Timer_setClockConfig)
                  00001b8c    00000018                 : dl_timer.o (.text.DL_Timer_setCaptureCompareOutCtl)
                  00001ba4    00000018     empty.o (.text.TIMG0_IRQHandler)
                  00001bbc    00000016     libc.a : copy_zero_init.c.obj (.text:decompress:ZI:__TI_zero_init_nomemset)
                  00001bd2    00000002     --HOLE-- [fill = 0]
                  00001bd4    00000014     PID_Control.o (.text.PID_Control_SetTarget)
                  00001be8    00000012     libc.a : copy_decompress_none.c.obj (.text:decompress:none)
                  00001bfa    00000002     --HOLE-- [fill = 0]
                  00001bfc    00000010     driverlib.a : dl_timer.o (.text.DL_Timer_setCaptureCompareValue)
                  00001c0c    00000010     Encoder_GPIO.o (.text.Encoder_GPIO_Get)
                  00001c1c    00000010     Encoder.o (.text.Encoder_Get)
                  00001c2c    0000000a     driverlib.a : dl_common.o (.text.DL_Common_delayCycles)
                  00001c36    00000002     --HOLE-- [fill = 0]
                  00001c38    00000008     libclang_rt.builtins.a : aeabi_memcpy.S.obj (.text.__aeabi_memcpy)
                  00001c40    00000006     libc.a : exit.c.obj (.text:abort)
                  00001c46    00000004     libsysbm.a : hostexit.c.obj (.text.HOSTexit)
                  00001c4a    00000004     startup_mspm0g350x_ticlang.o (.text.Reset_Handler)
                  00001c4e    00000004     libc.a : pre_init.c.obj (.text._system_pre_init)
                  00001c52    00000006     --HOLE-- [fill = 0]

.cinit     0    00002290    00000030     
                  00002290    0000000c     (__TI_handler_table)
                  0000229c    00000008     (.cinit..bss.load) [load image, compression = zero_init]
                  000022a4    00000008     (.cinit..data.load) [load image, compression = lzss]
                  000022ac    00000010     (__TI_cinit_table)
                  000022bc    00000004     --HOLE-- [fill = 0]

.rodata    0    00001c58    00000638     
                  00001c58    000005f0     OLED.o (.rodata.OLED_F8x16)
                  00002248    00000014     ti_msp_dl_config.o (.rodata.gPID_TIMTimerConfig)
                  0000225c    00000009     empty.o (.rodata.str1.17669528882079347314.1)
                  00002265    00000003     ti_msp_dl_config.o (.rodata.gPID_TIMClockConfig)
                  00002268    00000008     ti_msp_dl_config.o (.rodata.gPWM_0Config)
                  00002270    00000008     empty.o (.rodata.str1.9517790425240694019.1)
                  00002278    00000007     empty.o (.rodata.str1.14685083708502177989.1)
                  0000227f    00000007     empty.o (.rodata.str1.254342170260855183.1)
                  00002286    00000003     ti_msp_dl_config.o (.rodata.gPWM_0ClockConfig)
                  00002289    00000002     Motor.o (.rodata.motor_cc_idx)
                  0000228b    00000005     --HOLE-- [fill = 0]

.init_array 
*          0    00000000    00000000     UNINITIALIZED

.binit     0    00000000    00000000     

.bss       0    20200000    0000011c     UNINITIALIZED
                  20200000    000000bc     (.common:gPWM_0Backup)
                  202000bc    00000030     (.common:PID_MotorA)
                  202000ec    00000030     (.common:PID_MotorB)

.data      0    2020011c    00000019     UNINITIALIZED
                  2020011c    00000008     empty.o (.data.speedA)
                  20200124    00000008     empty.o (.data.speedB)
                  2020012c    00000004     Encoder_GPIO.o (.data.encoder_count)
                  20200130    00000004     PID_Control.o (.data.startup_counter)
                  20200134    00000001     PID_Control.o (.data.pid_enabled)

.stack     0    20207e00    00000200     UNINITIALIZED
                  20207e00    00000004     libc.a : boot_cortex_m.c.obj (.stack)
                  20207e04    000001fc     --HOLE--

__llvm_prf_cnts 
*          0    20200000    00000000     UNINITIALIZED

__llvm_prf_bits 
*          0    20200000    00000000     UNINITIALIZED

MODULE SUMMARY

       Module                         code   ro data   rw data
       ------                         ----   -------   -------
    .\
       OLED.o                         3340   1520      0      
       ti_msp_dl_config.o             604    34        188    
       PID_Control.o                  352    0         101    
       empty.o                        244    31        16     
       startup_mspm0g350x_ticlang.o   6      192       0      
       Motor.o                        188    2         0      
       PID.o                          156    0         0      
       Encoder.o                      152    0         0      
       Encoder_GPIO.o                 136    0         4      
    +--+------------------------------+------+---------+---------+
       Total:                         5178   1779      309    
                                                              
    C:/ti/mspm0_sdk_2_11_00_07/source/ti/driverlib/lib/ticlang/m0p/mspm0g1x0x_g3x0x/driverlib.a
       dl_timer.o                     608    0         0      
       dl_common.o                    10     0         0      
    +--+------------------------------+------+---------+---------+
       Total:                         618    0         0      
                                                              
    C:\ti\ccs2020\ccs\tools\compiler\ti-cgt-armllvm_4.0.3.LTS\lib\armv6m-ti-none-eabi/c/libc.a
       memcpy16.S.obj                 154    0         0      
       copy_decompress_lzss.c.obj     124    0         0      
       autoinit.c.obj                 60     0         0      
       boot_cortex_m.c.obj            40     0         0      
       copy_zero_init.c.obj           22     0         0      
       copy_decompress_none.c.obj     18     0         0      
       exit.c.obj                     6      0         0      
       pre_init.c.obj                 4      0         0      
    +--+------------------------------+------+---------+---------+
       Total:                         428    0         0      
                                                              
    C:\ti\ccs2020\ccs\tools\compiler\ti-cgt-armllvm_4.0.3.LTS\lib\armv6m-ti-none-eabi/c/libsysbm.a
       hostexit.c.obj                 4      0         0      
    +--+------------------------------+------+---------+---------+
       Total:                         4      0         0      
                                                              
    C:\ti\ccs2020\ccs\tools\compiler\ti-cgt-armllvm_4.0.3.LTS\lib\armv6m-ti-none-eabi/libclang_rt.builtins.a
       addsf3.S.obj                   216    0         0      
       mulsf3.S.obj                   140    0         0      
       comparesf2.S.obj               118    0         0      
       aeabi_fcmp.S.obj               98     0         0      
       aeabi_uidivmod.S.obj           64     0         0      
       floatsisf.S.obj                60     0         0      
       muldsi3.S.obj                  58     0         0      
       fixsfsi.S.obj                  56     0         0      
       aeabi_memcpy.S.obj             8      0         0      
       aeabi_div0.c.obj               2      0         0      
    +--+------------------------------+------+---------+---------+
       Total:                         820    0         0      
                                                              
       Stack:                         0      0         512    
       Linker Generated:              0      44        0      
    +--+------------------------------+------+---------+---------+
       Grand Total:                   7048   1823      821    


LINKER GENERATED COPY TABLES

__TI_cinit_table @ 000022ac records: 2, size/record: 8, table size: 16
	.bss: load addr=0000229c, load size=00000008 bytes, run addr=20200000, run size=0000011c bytes, compression=zero_init
	.data: load addr=000022a4, load size=00000008 bytes, run addr=2020011c, run size=00000019 bytes, compression=lzss


LINKER GENERATED HANDLER TABLE

__TI_handler_table @ 00002290 records: 3, size/record: 4, table size: 12
	index: 0, handler: __TI_decompress_lzss
	index: 1, handler: __TI_decompress_none
	index: 2, handler: __TI_zero_init


GLOBAL SYMBOLS: SORTED ALPHABETICALLY BY Name 

address   name                            
-------   ----                            
000014bf  ADC0_IRQHandler                 
000014bf  ADC1_IRQHandler                 
000014bf  AES_IRQHandler                  
00001c46  C$$EXIT                         
000014bf  CANFD0_IRQHandler               
000014bf  DAC0_IRQHandler                 
00001c2d  DL_Common_delayCycles           
00000cb5  DL_Timer_initFourCCPWMMode      
00000db9  DL_Timer_initTimerMode          
00001b55  DL_Timer_setCaptCompUpdateMethod
00001b8d  DL_Timer_setCaptureCompareOutCtl
00001bfd  DL_Timer_setCaptureCompareValue 
00001b71  DL_Timer_setClockConfig         
000014bf  DMA_IRQHandler                  
000014bf  Default_Handler                 
00001c0d  Encoder_GPIO_Get                
00001b15  Encoder_GPIO_Init               
00001c1d  Encoder_Get                     
000015dd  Encoder_Init                    
000014bf  GROUP0_IRQHandler               
000017b1  GROUP1_IRQHandler               
00001c47  HOSTexit                        
000014bf  HardFault_Handler               
000014bf  I2C0_IRQHandler                 
000014bf  I2C1_IRQHandler                 
000012ed  Incremental_PID                 
00001b35  Motor_Init                      
00001389  Motor_SetSpeed                  
000014bf  NMI_Handler                     
00000af9  OLED_Clear                      
00001c58  OLED_F8x16                      
000003f1  OLED_Init                       
00001229  OLED_ShowChar                   
000000c1  OLED_ShowSignedNum              
00001809  OLED_ShowString                 
00000661  OLED_WriteCommand               
000008ad  OLED_WriteData                  
000016e1  PID_Control_Init                
00001bd5  PID_Control_SetTarget           
00000eb5  PID_Control_Update              
202000bc  PID_MotorA                      
202000ec  PID_MotorB                      
000014bf  PendSV_Handler                  
000014bf  RTC_IRQHandler                  
00001c4b  Reset_Handler                   
000014bf  SPI0_IRQHandler                 
000014bf  SPI1_IRQHandler                 
000014bf  SVC_Handler                     
000014c1  SYSCFG_DL_GPIO_init             
00001a59  SYSCFG_DL_PID_TIM_init          
00000f95  SYSCFG_DL_PWM_0_init            
0000185d  SYSCFG_DL_SYSCTL_init           
00001af1  SYSCFG_DL_init                  
000018ad  SYSCFG_DL_initPower             
000014bf  SysTick_Handler                 
000014bf  TIMA0_IRQHandler                
000014bf  TIMA1_IRQHandler                
00001ba5  TIMG0_IRQHandler                
000014bf  TIMG12_IRQHandler               
000014bf  TIMG6_IRQHandler                
000014bf  TIMG7_IRQHandler                
000014bf  TIMG8_IRQHandler                
000014bf  UART0_IRQHandler                
000014bf  UART1_IRQHandler                
000014bf  UART2_IRQHandler                
000014bf  UART3_IRQHandler                
20208000  __STACK_END                     
00000200  __STACK_SIZE                    
00000000  __TI_ATRegion0_region_sz        
00000000  __TI_ATRegion0_src_addr         
00000000  __TI_ATRegion0_trg_addr         
00000000  __TI_ATRegion1_region_sz        
00000000  __TI_ATRegion1_src_addr         
00000000  __TI_ATRegion1_trg_addr         
00000000  __TI_ATRegion2_region_sz        
00000000  __TI_ATRegion2_src_addr         
00000000  __TI_ATRegion2_trg_addr         
000022ac  __TI_CINIT_Base                 
000022bc  __TI_CINIT_Limit                
000022bc  __TI_CINIT_Warm                 
00002290  __TI_Handler_Table_Base         
0000229c  __TI_Handler_Table_Limit        
000019a5  __TI_auto_init_nobinit_nopinit  
00001665  __TI_decompress_lzss            
00001be9  __TI_decompress_none            
ffffffff  __TI_pprof_out_hndl             
ffffffff  __TI_prof_data_size             
ffffffff  __TI_prof_data_start            
00000000  __TI_static_base__              
00001bbd  __TI_zero_init_nomemset         
0000115b  __addsf3                        
00001a91  __aeabi_f2iz                    
0000115b  __aeabi_fadd                    
0000174d  __aeabi_fcmpeq                  
00001789  __aeabi_fcmpge                  
0000179d  __aeabi_fcmpgt                  
00001775  __aeabi_fcmple                  
00001761  __aeabi_fcmplt                  
00001551  __aeabi_fmul                    
00001151  __aeabi_fsub                    
0000192d  __aeabi_i2f                     
000017af  __aeabi_idiv0                   
00001c39  __aeabi_memcpy                  
00001c39  __aeabi_memcpy4                 
00001c39  __aeabi_memcpy8                 
000018ed  __aeabi_uidiv                   
000018ed  __aeabi_uidivmod                
ffffffff  __binit__                       
000019e1  __cmpsf2                        
000019e1  __eqsf2                         
00001a91  __fixsfsi                       
0000192d  __floatsisf                     
00001969  __gesf2                         
00001969  __gtsf2                         
000019e1  __lesf2                         
000019e1  __ltsf2                         
UNDEFED   __mpu_init                      
00001a1d  __muldsi3                       
00001551  __mulsf3                        
000019e1  __nesf2                         
20207e00  __stack                         
20200000  __start___llvm_prf_bits         
20200000  __start___llvm_prf_cnts         
20200000  __stop___llvm_prf_bits          
20200000  __stop___llvm_prf_cnts          
00001151  __subsf3                        
00001ac9  _c_int00_noargs                 
UNDEFED   _system_post_cinit              
00001c4f  _system_pre_init                
00001c41  abort                           
ffffffff  binit                           
20200000  gPWM_0Backup                    
00000000  interruptVectors                
00001075  main                            
00001425  memcpy                          
20200134  pid_enabled                     
2020011c  speedA                          
20200124  speedB                          


GLOBAL SYMBOLS: SORTED BY Symbol Address 

address   name                            
-------   ----                            
00000000  __TI_ATRegion0_region_sz        
00000000  __TI_ATRegion0_src_addr         
00000000  __TI_ATRegion0_trg_addr         
00000000  __TI_ATRegion1_region_sz        
00000000  __TI_ATRegion1_src_addr         
00000000  __TI_ATRegion1_trg_addr         
00000000  __TI_ATRegion2_region_sz        
00000000  __TI_ATRegion2_src_addr         
00000000  __TI_ATRegion2_trg_addr         
00000000  __TI_static_base__              
00000000  interruptVectors                
000000c1  OLED_ShowSignedNum              
00000200  __STACK_SIZE                    
000003f1  OLED_Init                       
00000661  OLED_WriteCommand               
000008ad  OLED_WriteData                  
00000af9  OLED_Clear                      
00000cb5  DL_Timer_initFourCCPWMMode      
00000db9  DL_Timer_initTimerMode          
00000eb5  PID_Control_Update              
00000f95  SYSCFG_DL_PWM_0_init            
00001075  main                            
00001151  __aeabi_fsub                    
00001151  __subsf3                        
0000115b  __addsf3                        
0000115b  __aeabi_fadd                    
00001229  OLED_ShowChar                   
000012ed  Incremental_PID                 
00001389  Motor_SetSpeed                  
00001425  memcpy                          
000014bf  ADC0_IRQHandler                 
000014bf  ADC1_IRQHandler                 
000014bf  AES_IRQHandler                  
000014bf  CANFD0_IRQHandler               
000014bf  DAC0_IRQHandler                 
000014bf  DMA_IRQHandler                  
000014bf  Default_Handler                 
000014bf  GROUP0_IRQHandler               
000014bf  HardFault_Handler               
000014bf  I2C0_IRQHandler                 
000014bf  I2C1_IRQHandler                 
000014bf  NMI_Handler                     
000014bf  PendSV_Handler                  
000014bf  RTC_IRQHandler                  
000014bf  SPI0_IRQHandler                 
000014bf  SPI1_IRQHandler                 
000014bf  SVC_Handler                     
000014bf  SysTick_Handler                 
000014bf  TIMA0_IRQHandler                
000014bf  TIMA1_IRQHandler                
000014bf  TIMG12_IRQHandler               
000014bf  TIMG6_IRQHandler                
000014bf  TIMG7_IRQHandler                
000014bf  TIMG8_IRQHandler                
000014bf  UART0_IRQHandler                
000014bf  UART1_IRQHandler                
000014bf  UART2_IRQHandler                
000014bf  UART3_IRQHandler                
000014c1  SYSCFG_DL_GPIO_init             
00001551  __aeabi_fmul                    
00001551  __mulsf3                        
000015dd  Encoder_Init                    
00001665  __TI_decompress_lzss            
000016e1  PID_Control_Init                
0000174d  __aeabi_fcmpeq                  
00001761  __aeabi_fcmplt                  
00001775  __aeabi_fcmple                  
00001789  __aeabi_fcmpge                  
0000179d  __aeabi_fcmpgt                  
000017af  __aeabi_idiv0                   
000017b1  GROUP1_IRQHandler               
00001809  OLED_ShowString                 
0000185d  SYSCFG_DL_SYSCTL_init           
000018ad  SYSCFG_DL_initPower             
000018ed  __aeabi_uidiv                   
000018ed  __aeabi_uidivmod                
0000192d  __aeabi_i2f                     
0000192d  __floatsisf                     
00001969  __gesf2                         
00001969  __gtsf2                         
000019a5  __TI_auto_init_nobinit_nopinit  
000019e1  __cmpsf2                        
000019e1  __eqsf2                         
000019e1  __lesf2                         
000019e1  __ltsf2                         
000019e1  __nesf2                         
00001a1d  __muldsi3                       
00001a59  SYSCFG_DL_PID_TIM_init          
00001a91  __aeabi_f2iz                    
00001a91  __fixsfsi                       
00001ac9  _c_int00_noargs                 
00001af1  SYSCFG_DL_init                  
00001b15  Encoder_GPIO_Init               
00001b35  Motor_Init                      
00001b55  DL_Timer_setCaptCompUpdateMethod
00001b71  DL_Timer_setClockConfig         
00001b8d  DL_Timer_setCaptureCompareOutCtl
00001ba5  TIMG0_IRQHandler                
00001bbd  __TI_zero_init_nomemset         
00001bd5  PID_Control_SetTarget           
00001be9  __TI_decompress_none            
00001bfd  DL_Timer_setCaptureCompareValue 
00001c0d  Encoder_GPIO_Get                
00001c1d  Encoder_Get                     
00001c2d  DL_Common_delayCycles           
00001c39  __aeabi_memcpy                  
00001c39  __aeabi_memcpy4                 
00001c39  __aeabi_memcpy8                 
00001c41  abort                           
00001c46  C$$EXIT                         
00001c47  HOSTexit                        
00001c4b  Reset_Handler                   
00001c4f  _system_pre_init                
00001c58  OLED_F8x16                      
00002290  __TI_Handler_Table_Base         
0000229c  __TI_Handler_Table_Limit        
000022ac  __TI_CINIT_Base                 
000022bc  __TI_CINIT_Limit                
000022bc  __TI_CINIT_Warm                 
20200000  __start___llvm_prf_bits         
20200000  __start___llvm_prf_cnts         
20200000  __stop___llvm_prf_bits          
20200000  __stop___llvm_prf_cnts          
20200000  gPWM_0Backup                    
202000bc  PID_MotorA                      
202000ec  PID_MotorB                      
2020011c  speedA                          
20200124  speedB                          
20200134  pid_enabled                     
20207e00  __stack                         
20208000  __STACK_END                     
ffffffff  __TI_pprof_out_hndl             
ffffffff  __TI_prof_data_size             
ffffffff  __TI_prof_data_start            
ffffffff  __binit__                       
ffffffff  binit                           
UNDEFED   __mpu_init                      
UNDEFED   _system_post_cinit              

[138 symbols]
