******************************************************************************
            TI ARM Clang Linker PC v4.0.3                      
******************************************************************************
>> Linked Sun Jul 19 16:01:49 2026

OUTPUT FILE NAME:   <Modular_testing_OLED_PWM_Encoder_TIM_Pathfinding.out>
ENTRY POINT SYMBOL: "_c_int00_noargs"  address: 0000239d


MEMORY CONFIGURATION

         name            origin    length      used     unused   attr    fill
----------------------  --------  ---------  --------  --------  ----  --------
  FLASH                 00000000   00020000  00002bb0  0001d450  R  X
  SRAM                  20200000   00008000  0000042b  00007bd5  RW X
  BCR_CONFIG            41c00000   000000ff  00000000  000000ff  R   
  BSL_CONFIG            41c00100   00000080  00000000  00000080  R   


SEGMENT ALLOCATION MAP

run origin  load origin   length   init length attrs members
----------  ----------- ---------- ----------- ----- -------
00000000    00000000    00002bb0   00002bb0    r-x
  00000000    00000000    000000c0   000000c0    r-- .intvecs
  000000c0    000000c0    00002460   00002460    r-x .text
  00002520    00002520    00000660   00000660    r-- .rodata
  00002b80    00002b80    00000030   00000030    r-- .cinit
20200000    20200000    0000022b   00000000    rw-
  20200000    20200000    00000210   00000000    rw- .bss
  20200210    20200210    0000001b   00000000    rw- .data
20207e00    20207e00    00000200   00000000    rw-
  20207e00    20207e00    00000200   00000000    rw- .stack


SECTION ALLOCATION MAP

 output                                  attributes/
section   page    origin      length       input sections
--------  ----  ----------  ----------   ----------------
.intvecs   0    00000000    000000c0     
                  00000000    000000c0     startup_mspm0g350x_ticlang.o (.intvecs)

.text      0    000000c0    00002460     
                  000000c0    00000330     OLED.o (.text.OLED_ShowSignedNum)
                  000003f0    000002f6     OLED.o (.text.OLED_ShowNum)
                  000006e6    00000002     startup_mspm0g350x_ticlang.o (.text.Default_Handler)
                  000006e8    00000270     OLED.o (.text.OLED_Init)
                  00000958    0000024c     OLED.o (.text.OLED_WriteCommand)
                  00000ba4    0000024c     OLED.o (.text.OLED_WriteData)
                  00000df0    00000214     empty.o (.text.main)
                  00001004    000001bc     OLED.o (.text.OLED_Clear)
                  000011c0    00000194     line.o (.text.track_zhixian1)
                  00001354    00000104     driverlib.a : dl_timer.o (.text.DL_Timer_initFourCCPWMMode)
                  00001458    000000fc                 : dl_timer.o (.text.DL_Timer_initTimerMode)
                  00001554    000000e0     PID_Control.o (.text.PID_Control_Update)
                  00001634    000000e0     ti_msp_dl_config.o (.text.SYSCFG_DL_PWM_0_init)
                  00001714    000000d8     libclang_rt.builtins.a : addsf3.S.obj (.text)
                  000017ec    000000d4     PID.o (.text.Position_PID)
                  000018c0    000000c4     OLED.o (.text.OLED_ShowChar)
                  00001984    000000c0     ti_msp_dl_config.o (.text.SYSCFG_DL_GPIO_init)
                  00001a44    0000009c     PID.o (.text.Incremental_PID)
                  00001ae0    0000009c     Motor.o (.text.Motor_SetSpeed)
                  00001b7c    0000009a     libc.a : memcpy16.S.obj (.text:memcpy)
                  00001c16    00000002     libclang_rt.builtins.a : aeabi_div0.c.obj (.text.__aeabi_idiv0)
                  00001c18    0000008c                            : mulsf3.S.obj (.text.__mulsf3)
                  00001ca4    00000088     Encoder.o (.text.Encoder_Init)
                  00001d2c    00000082     libclang_rt.builtins.a : divsf3.S.obj (.text.__divsf3)
                  00001dae    00000002     --HOLE-- [fill = 0]
                  00001db0    0000007c     libc.a : copy_decompress_lzss.c.obj (.text:decompress:lzss)
                  00001e2c    00000074     PID_Control.o (.text.PID_Control_Init)
                  00001ea0    00000064     sensor.o (.text.digtal)
                  00001f04    00000062     libclang_rt.builtins.a : aeabi_fcmp.S.obj (.text.__aeabi_fcmp)
                  00001f66    00000002     --HOLE-- [fill = 0]
                  00001f68    00000058     Encoder_GPIO.o (.text.GROUP1_IRQHandler)
                  00001fc0    00000054     OLED.o (.text.OLED_ShowString)
                  00002014    00000050     ti_msp_dl_config.o (.text.SYSCFG_DL_SYSCTL_init)
                  00002064    0000004c     line.o (.text.Line_PID_Init)
                  000020b0    0000004c     ti_msp_dl_config.o (.text.SYSCFG_DL_Pathfinding_TIM_init)
                  000020fc    00000048     ti_msp_dl_config.o (.text.SYSCFG_DL_PID_TIM_init)
                  00002144    00000048     ti_msp_dl_config.o (.text.SYSCFG_DL_initPower)
                  0000218c    00000040     libclang_rt.builtins.a : aeabi_uidivmod.S.obj (.text.__aeabi_uidivmod)
                  000021cc    0000003c     line.o (.text.Line_PID_Update)
                  00002208    0000003c     libclang_rt.builtins.a : floatsisf.S.obj (.text.__floatsisf)
                  00002244    0000003c                            : comparesf2.S.obj (.text.__gtsf2)
                  00002280    0000003c     libc.a : autoinit.c.obj (.text:__TI_auto_init_nobinit_nopinit)
                  000022bc    0000003a     libclang_rt.builtins.a : comparesf2.S.obj (.text.__eqsf2)
                  000022f6    00000002     --HOLE-- [fill = 0]
                  000022f8    0000003a                            : muldsi3.S.obj (.text.__muldsi3)
                  00002332    00000002     --HOLE-- [fill = 0]
                  00002334    00000038                            : fixsfsi.S.obj (.text.__fixsfsi)
                  0000236c    00000030     ti_msp_dl_config.o (.text.SYSCFG_DL_init)
                  0000239c    00000028     libc.a : boot_cortex_m.c.obj (.text:_c_int00_noargs)
                  000023c4    00000020     Encoder_GPIO.o (.text.Encoder_GPIO_Init)
                  000023e4    00000020     Motor.o (.text.Motor_Init)
                  00002404    0000001c     driverlib.a : dl_timer.o (.text.DL_Timer_setCaptCompUpdateMethod)
                  00002420    0000001c                 : dl_timer.o (.text.DL_Timer_setClockConfig)
                  0000243c    00000018                 : dl_timer.o (.text.DL_Timer_setCaptureCompareOutCtl)
                  00002454    00000018     empty.o (.text.TIMA1_IRQHandler)
                  0000246c    00000018     empty.o (.text.TIMG0_IRQHandler)
                  00002484    00000016     libc.a : copy_zero_init.c.obj (.text:decompress:ZI:__TI_zero_init_nomemset)
                  0000249a    00000002     --HOLE-- [fill = 0]
                  0000249c    00000014     PID_Control.o (.text.PID_Control_SetTarget)
                  000024b0    00000012     libc.a : copy_decompress_none.c.obj (.text:decompress:none)
                  000024c2    00000002     --HOLE-- [fill = 0]
                  000024c4    00000010     driverlib.a : dl_timer.o (.text.DL_Timer_setCaptureCompareValue)
                  000024d4    00000010     Encoder_GPIO.o (.text.Encoder_GPIO_Get)
                  000024e4    00000010     Encoder.o (.text.Encoder_Get)
                  000024f4    0000000a     driverlib.a : dl_common.o (.text.DL_Common_delayCycles)
                  000024fe    00000002     --HOLE-- [fill = 0]
                  00002500    00000008     libclang_rt.builtins.a : aeabi_memcpy.S.obj (.text.__aeabi_memcpy)
                  00002508    00000006     libc.a : exit.c.obj (.text:abort)
                  0000250e    00000004     libsysbm.a : hostexit.c.obj (.text.HOSTexit)
                  00002512    00000004     startup_mspm0g350x_ticlang.o (.text.Reset_Handler)
                  00002516    00000004     libc.a : pre_init.c.obj (.text._system_pre_init)
                  0000251a    00000006     --HOLE-- [fill = 0]

.cinit     0    00002b80    00000030     
                  00002b80    0000000c     (__TI_handler_table)
                  00002b8c    00000008     (.cinit..bss.load) [load image, compression = zero_init]
                  00002b94    00000008     (.cinit..data.load) [load image, compression = lzss]
                  00002b9c    00000010     (__TI_cinit_table)
                  00002bac    00000004     --HOLE-- [fill = 0]

.rodata    0    00002520    00000660     
                  00002520    000005f0     OLED.o (.rodata.OLED_F8x16)
                  00002b10    00000014     ti_msp_dl_config.o (.rodata.gPID_TIMTimerConfig)
                  00002b24    00000014     ti_msp_dl_config.o (.rodata.gPathfinding_TIMTimerConfig)
                  00002b38    0000000c     empty.o (.rodata.str1.11898133897667081452.1)
                  00002b44    00000009     empty.o (.rodata.str1.17669528882079347314.1)
                  00002b4d    00000009     empty.o (.rodata.str1.7401042497206923953.1)
                  00002b56    00000002     Motor.o (.rodata.motor_cc_idx)
                  00002b58    00000008     ti_msp_dl_config.o (.rodata.gPWM_0Config)
                  00002b60    00000008     empty.o (.rodata.str1.9517790425240694019.1)
                  00002b68    00000007     empty.o (.rodata.str1.14685083708502177989.1)
                  00002b6f    00000007     empty.o (.rodata.str1.254342170260855183.1)
                  00002b76    00000003     ti_msp_dl_config.o (.rodata.gPID_TIMClockConfig)
                  00002b79    00000003     ti_msp_dl_config.o (.rodata.gPWM_0ClockConfig)
                  00002b7c    00000003     ti_msp_dl_config.o (.rodata.gPathfinding_TIMClockConfig)
                  00002b7f    00000001     --HOLE-- [fill = 0]

.init_array 
*          0    00000000    00000000     UNINITIALIZED

.binit     0    00000000    00000000     

.bss       0    20200000    00000210     UNINITIALIZED
                  20200000    000000bc     (.common:gPWM_0Backup)
                  202000bc    000000bc     (.common:gPathfinding_TIMBackup)
                  20200178    00000038     (.common:PID_findway)
                  202001b0    00000030     (.common:PID_MotorA)
                  202001e0    00000030     (.common:PID_MotorB)

.data      0    20200210    0000001b     UNINITIALIZED
                  20200210    00000008     empty.o (.data.speedA)
                  20200218    00000008     empty.o (.data.speedB)
                  20200220    00000004     Encoder_GPIO.o (.data.encoder_count)
                  20200224    00000004     PID_Control.o (.data.startup_counter)
                  20200228    00000001     sensor.o (.data.check)
                  20200229    00000001     PID_Control.o (.data.pid_enabled)
                  2020022a    00000001     empty.o (.data.sensor_show_mode)

.stack     0    20207e00    00000200     UNINITIALIZED
                  20207e00    00000004     libc.a : boot_cortex_m.c.obj (.stack)
                  20207e04    000001fc     --HOLE--

__llvm_prf_cnts 
*          0    20200000    00000000     UNINITIALIZED

__llvm_prf_bits 
*          0    20200000    00000000     UNINITIALIZED

MODULE SUMMARY

       Module                         code   ro data   rw data
       ------                         ----   -------   -------
    .\
       OLED.o                         4098   1520      0      
       ti_msp_dl_config.o             764    57        376    
       empty.o                        580    52        17     
       line.o                         540    0         56     
       PID_Control.o                  360    0         101    
       PID.o                          368    0         0      
       startup_mspm0g350x_ticlang.o   6      192       0      
       Motor.o                        188    2         0      
       Encoder.o                      152    0         0      
       Encoder_GPIO.o                 136    0         4      
       sensor.o                       100    0         1      
    +--+------------------------------+------+---------+---------+
       Total:                         7292   1823      555    
                                                              
    C:/ti/mspm0_sdk_2_11_00_07/source/ti/driverlib/lib/ticlang/m0p/mspm0g1x0x_g3x0x/driverlib.a
       dl_timer.o                     608    0         0      
       dl_common.o                    10     0         0      
    +--+------------------------------+------+---------+---------+
       Total:                         618    0         0      
                                                              
    C:\ti\ccs2020\ccs\tools\compiler\ti-cgt-armllvm_4.0.3.LTS\lib\armv6m-ti-none-eabi/c/libc.a
       memcpy16.S.obj                 154    0         0      
       copy_decompress_lzss.c.obj     124    0         0      
       autoinit.c.obj                 60     0         0      
       boot_cortex_m.c.obj            40     0         0      
       copy_zero_init.c.obj           22     0         0      
       copy_decompress_none.c.obj     18     0         0      
       exit.c.obj                     6      0         0      
       pre_init.c.obj                 4      0         0      
    +--+------------------------------+------+---------+---------+
       Total:                         428    0         0      
                                                              
    C:\ti\ccs2020\ccs\tools\compiler\ti-cgt-armllvm_4.0.3.LTS\lib\armv6m-ti-none-eabi/c/libsysbm.a
       hostexit.c.obj                 4      0         0      
    +--+------------------------------+------+---------+---------+
       Total:                         4      0         0      
                                                              
    C:\ti\ccs2020\ccs\tools\compiler\ti-cgt-armllvm_4.0.3.LTS\lib\armv6m-ti-none-eabi/libclang_rt.builtins.a
       addsf3.S.obj                   216    0         0      
       mulsf3.S.obj                   140    0         0      
       divsf3.S.obj                   130    0         0      
       comparesf2.S.obj               118    0         0      
       aeabi_fcmp.S.obj               98     0         0      
       aeabi_uidivmod.S.obj           64     0         0      
       floatsisf.S.obj                60     0         0      
       muldsi3.S.obj                  58     0         0      
       fixsfsi.S.obj                  56     0         0      
       aeabi_memcpy.S.obj             8      0         0      
       aeabi_div0.c.obj               2      0         0      
    +--+------------------------------+------+---------+---------+
       Total:                         950    0         0      
                                                              
       Stack:                         0      0         512    
       Linker Generated:              0      44        0      
    +--+------------------------------+------+---------+---------+
       Grand Total:                   9292   1867      1067   


LINKER GENERATED COPY TABLES

__TI_cinit_table @ 00002b9c records: 2, size/record: 8, table size: 16
	.bss: load addr=00002b8c, load size=00000008 bytes, run addr=20200000, run size=00000210 bytes, compression=zero_init
	.data: load addr=00002b94, load size=00000008 bytes, run addr=20200210, run size=0000001b bytes, compression=lzss


LINKER GENERATED HANDLER TABLE

__TI_handler_table @ 00002b80 records: 3, size/record: 4, table size: 12
	index: 0, handler: __TI_decompress_lzss
	index: 1, handler: __TI_decompress_none
	index: 2, handler: __TI_zero_init


GLOBAL SYMBOLS: SORTED ALPHABETICALLY BY Name 

address   name                            
-------   ----                            
000006e7  ADC0_IRQHandler                 
000006e7  ADC1_IRQHandler                 
000006e7  AES_IRQHandler                  
0000250e  C$$EXIT                         
000006e7  CANFD0_IRQHandler               
000006e7  DAC0_IRQHandler                 
000024f5  DL_Common_delayCycles           
00001355  DL_Timer_initFourCCPWMMode      
00001459  DL_Timer_initTimerMode          
00002405  DL_Timer_setCaptCompUpdateMethod
0000243d  DL_Timer_setCaptureCompareOutCtl
000024c5  DL_Timer_setCaptureCompareValue 
00002421  DL_Timer_setClockConfig         
000006e7  DMA_IRQHandler                  
000006e7  Default_Handler                 
000024d5  Encoder_GPIO_Get                
000023c5  Encoder_GPIO_Init               
000024e5  Encoder_Get                     
00001ca5  Encoder_Init                    
000006e7  GROUP0_IRQHandler               
00001f69  GROUP1_IRQHandler               
0000250f  HOSTexit                        
000006e7  HardFault_Handler               
000006e7  I2C0_IRQHandler                 
000006e7  I2C1_IRQHandler                 
00001a45  Incremental_PID                 
00002065  Line_PID_Init                   
000021cd  Line_PID_Update                 
000023e5  Motor_Init                      
00001ae1  Motor_SetSpeed                  
000006e7  NMI_Handler                     
00001005  OLED_Clear                      
00002520  OLED_F8x16                      
000006e9  OLED_Init                       
000018c1  OLED_ShowChar                   
000003f1  OLED_ShowNum                    
000000c1  OLED_ShowSignedNum              
00001fc1  OLED_ShowString                 
00000959  OLED_WriteCommand               
00000ba5  OLED_WriteData                  
00001e2d  PID_Control_Init                
0000249d  PID_Control_SetTarget           
00001555  PID_Control_Update              
202001b0  PID_MotorA                      
202001e0  PID_MotorB                      
20200178  PID_findway                     
000006e7  PendSV_Handler                  
000017ed  Position_PID                    
000006e7  RTC_IRQHandler                  
00002513  Reset_Handler                   
000006e7  SPI0_IRQHandler                 
000006e7  SPI1_IRQHandler                 
000006e7  SVC_Handler                     
00001985  SYSCFG_DL_GPIO_init             
000020fd  SYSCFG_DL_PID_TIM_init          
00001635  SYSCFG_DL_PWM_0_init            
000020b1  SYSCFG_DL_Pathfinding_TIM_init  
00002015  SYSCFG_DL_SYSCTL_init           
0000236d  SYSCFG_DL_init                  
00002145  SYSCFG_DL_initPower             
000006e7  SysTick_Handler                 
000006e7  TIMA0_IRQHandler                
00002455  TIMA1_IRQHandler                
0000246d  TIMG0_IRQHandler                
000006e7  TIMG12_IRQHandler               
000006e7  TIMG6_IRQHandler                
000006e7  TIMG7_IRQHandler                
000006e7  TIMG8_IRQHandler                
000006e7  UART0_IRQHandler                
000006e7  UART1_IRQHandler                
000006e7  UART2_IRQHandler                
000006e7  UART3_IRQHandler                
20208000  __STACK_END                     
00000200  __STACK_SIZE                    
00000000  __TI_ATRegion0_region_sz        
00000000  __TI_ATRegion0_src_addr         
00000000  __TI_ATRegion0_trg_addr         
00000000  __TI_ATRegion1_region_sz        
00000000  __TI_ATRegion1_src_addr         
00000000  __TI_ATRegion1_trg_addr         
00000000  __TI_ATRegion2_region_sz        
00000000  __TI_ATRegion2_src_addr         
00000000  __TI_ATRegion2_trg_addr         
00002b9c  __TI_CINIT_Base                 
00002bac  __TI_CINIT_Limit                
00002bac  __TI_CINIT_Warm                 
00002b80  __TI_Handler_Table_Base         
00002b8c  __TI_Handler_Table_Limit        
00002281  __TI_auto_init_nobinit_nopinit  
00001db1  __TI_decompress_lzss            
000024b1  __TI_decompress_none            
ffffffff  __TI_pprof_out_hndl             
ffffffff  __TI_prof_data_size             
ffffffff  __TI_prof_data_start            
00000000  __TI_static_base__              
00002485  __TI_zero_init_nomemset         
0000171f  __addsf3                        
00002335  __aeabi_f2iz                    
0000171f  __aeabi_fadd                    
00001f05  __aeabi_fcmpeq                  
00001f41  __aeabi_fcmpge                  
00001f55  __aeabi_fcmpgt                  
00001f2d  __aeabi_fcmple                  
00001f19  __aeabi_fcmplt                  
00001d2d  __aeabi_fdiv                    
00001c19  __aeabi_fmul                    
00001715  __aeabi_fsub                    
00002209  __aeabi_i2f                     
00001c17  __aeabi_idiv0                   
00002501  __aeabi_memcpy                  
00002501  __aeabi_memcpy4                 
00002501  __aeabi_memcpy8                 
0000218d  __aeabi_uidiv                   
0000218d  __aeabi_uidivmod                
ffffffff  __binit__                       
000022bd  __cmpsf2                        
00001d2d  __divsf3                        
000022bd  __eqsf2                         
00002335  __fixsfsi                       
00002209  __floatsisf                     
00002245  __gesf2                         
00002245  __gtsf2                         
000022bd  __lesf2                         
000022bd  __ltsf2                         
UNDEFED   __mpu_init                      
000022f9  __muldsi3                       
00001c19  __mulsf3                        
000022bd  __nesf2                         
20207e00  __stack                         
20200000  __start___llvm_prf_bits         
20200000  __start___llvm_prf_cnts         
20200000  __stop___llvm_prf_bits          
20200000  __stop___llvm_prf_cnts          
00001715  __subsf3                        
0000239d  _c_int00_noargs                 
UNDEFED   _system_post_cinit              
00002517  _system_pre_init                
00002509  abort                           
ffffffff  binit                           
20200228  check                           
00001ea1  digtal                          
20200000  gPWM_0Backup                    
202000bc  gPathfinding_TIMBackup          
00000000  interruptVectors                
00000df1  main                            
00001b7d  memcpy                          
20200229  pid_enabled                     
20200210  speedA                          
20200218  speedB                          
000011c1  track_zhixian1                  


GLOBAL SYMBOLS: SORTED BY Symbol Address 

address   name                            
-------   ----                            
00000000  __TI_ATRegion0_region_sz        
00000000  __TI_ATRegion0_src_addr         
00000000  __TI_ATRegion0_trg_addr         
00000000  __TI_ATRegion1_region_sz        
00000000  __TI_ATRegion1_src_addr         
00000000  __TI_ATRegion1_trg_addr         
00000000  __TI_ATRegion2_region_sz        
00000000  __TI_ATRegion2_src_addr         
00000000  __TI_ATRegion2_trg_addr         
00000000  __TI_static_base__              
00000000  interruptVectors                
000000c1  OLED_ShowSignedNum              
00000200  __STACK_SIZE                    
000003f1  OLED_ShowNum                    
000006e7  ADC0_IRQHandler                 
000006e7  ADC1_IRQHandler                 
000006e7  AES_IRQHandler                  
000006e7  CANFD0_IRQHandler               
000006e7  DAC0_IRQHandler                 
000006e7  DMA_IRQHandler                  
000006e7  Default_Handler                 
000006e7  GROUP0_IRQHandler               
000006e7  HardFault_Handler               
000006e7  I2C0_IRQHandler                 
000006e7  I2C1_IRQHandler                 
000006e7  NMI_Handler                     
000006e7  PendSV_Handler                  
000006e7  RTC_IRQHandler                  
000006e7  SPI0_IRQHandler                 
000006e7  SPI1_IRQHandler                 
000006e7  SVC_Handler                     
000006e7  SysTick_Handler                 
000006e7  TIMA0_IRQHandler                
000006e7  TIMG12_IRQHandler               
000006e7  TIMG6_IRQHandler                
000006e7  TIMG7_IRQHandler                
000006e7  TIMG8_IRQHandler                
000006e7  UART0_IRQHandler                
000006e7  UART1_IRQHandler                
000006e7  UART2_IRQHandler                
000006e7  UART3_IRQHandler                
000006e9  OLED_Init                       
00000959  OLED_WriteCommand               
00000ba5  OLED_WriteData                  
00000df1  main                            
00001005  OLED_Clear                      
000011c1  track_zhixian1                  
00001355  DL_Timer_initFourCCPWMMode      
00001459  DL_Timer_initTimerMode          
00001555  PID_Control_Update              
00001635  SYSCFG_DL_PWM_0_init            
00001715  __aeabi_fsub                    
00001715  __subsf3                        
0000171f  __addsf3                        
0000171f  __aeabi_fadd                    
000017ed  Position_PID                    
000018c1  OLED_ShowChar                   
00001985  SYSCFG_DL_GPIO_init             
00001a45  Incremental_PID                 
00001ae1  Motor_SetSpeed                  
00001b7d  memcpy                          
00001c17  __aeabi_idiv0                   
00001c19  __aeabi_fmul                    
00001c19  __mulsf3                        
00001ca5  Encoder_Init                    
00001d2d  __aeabi_fdiv                    
00001d2d  __divsf3                        
00001db1  __TI_decompress_lzss            
00001e2d  PID_Control_Init                
00001ea1  digtal                          
00001f05  __aeabi_fcmpeq                  
00001f19  __aeabi_fcmplt                  
00001f2d  __aeabi_fcmple                  
00001f41  __aeabi_fcmpge                  
00001f55  __aeabi_fcmpgt                  
00001f69  GROUP1_IRQHandler               
00001fc1  OLED_ShowString                 
00002015  SYSCFG_DL_SYSCTL_init           
00002065  Line_PID_Init                   
000020b1  SYSCFG_DL_Pathfinding_TIM_init  
000020fd  SYSCFG_DL_PID_TIM_init          
00002145  SYSCFG_DL_initPower             
0000218d  __aeabi_uidiv                   
0000218d  __aeabi_uidivmod                
000021cd  Line_PID_Update                 
00002209  __aeabi_i2f                     
00002209  __floatsisf                     
00002245  __gesf2                         
00002245  __gtsf2                         
00002281  __TI_auto_init_nobinit_nopinit  
000022bd  __cmpsf2                        
000022bd  __eqsf2                         
000022bd  __lesf2                         
000022bd  __ltsf2                         
000022bd  __nesf2                         
000022f9  __muldsi3                       
00002335  __aeabi_f2iz                    
00002335  __fixsfsi                       
0000236d  SYSCFG_DL_init                  
0000239d  _c_int00_noargs                 
000023c5  Encoder_GPIO_Init               
000023e5  Motor_Init                      
00002405  DL_Timer_setCaptCompUpdateMethod
00002421  DL_Timer_setClockConfig         
0000243d  DL_Timer_setCaptureCompareOutCtl
00002455  TIMA1_IRQHandler                
0000246d  TIMG0_IRQHandler                
00002485  __TI_zero_init_nomemset         
0000249d  PID_Control_SetTarget           
000024b1  __TI_decompress_none            
000024c5  DL_Timer_setCaptureCompareValue 
000024d5  Encoder_GPIO_Get                
000024e5  Encoder_Get                     
000024f5  DL_Common_delayCycles           
00002501  __aeabi_memcpy                  
00002501  __aeabi_memcpy4                 
00002501  __aeabi_memcpy8                 
00002509  abort                           
0000250e  C$$EXIT                         
0000250f  HOSTexit                        
00002513  Reset_Handler                   
00002517  _system_pre_init                
00002520  OLED_F8x16                      
00002b80  __TI_Handler_Table_Base         
00002b8c  __TI_Handler_Table_Limit        
00002b9c  __TI_CINIT_Base                 
00002bac  __TI_CINIT_Limit                
00002bac  __TI_CINIT_Warm                 
20200000  __start___llvm_prf_bits         
20200000  __start___llvm_prf_cnts         
20200000  __stop___llvm_prf_bits          
20200000  __stop___llvm_prf_cnts          
20200000  gPWM_0Backup                    
202000bc  gPathfinding_TIMBackup          
20200178  PID_findway                     
202001b0  PID_MotorA                      
202001e0  PID_MotorB                      
20200210  speedA                          
20200218  speedB                          
20200228  check                           
20200229  pid_enabled                     
20207e00  __stack                         
20208000  __STACK_END                     
ffffffff  __TI_pprof_out_hndl             
ffffffff  __TI_prof_data_size             
ffffffff  __TI_prof_data_start            
ffffffff  __binit__                       
ffffffff  binit                           
UNDEFED   __mpu_init                      
UNDEFED   _system_post_cinit              

[150 symbols]
