******************************************************************************
            TI ARM Clang Linker PC v4.0.3                      
******************************************************************************
>> Linked Sat Jul 18 18:10:33 2026

OUTPUT FILE NAME:   <Modular_testing_OLED_PWM_Encoder.out>
ENTRY POINT SYMBOL: "_c_int00_noargs"  address: 00001949


MEMORY CONFIGURATION

         name            origin    length      used     unused   attr    fill
----------------------  --------  ---------  --------  --------  ----  --------
  FLASH                 00000000   00020000  00002128  0001ded8  R  X
  SRAM                  20200000   00008000  00000335  00007ccb  RW X
  BCR_CONFIG            41c00000   000000ff  00000000  000000ff  R   
  BSL_CONFIG            41c00100   00000080  00000000  00000080  R   


SEGMENT ALLOCATION MAP

run origin  load origin   length   init length attrs members
----------  ----------- ---------- ----------- ----- -------
00000000    00000000    00002128   00002128    r-x
  00000000    00000000    000000c0   000000c0    r-- .intvecs
  000000c0    000000c0    00001a18   00001a18    r-x .text
  00001ad8    00001ad8    00000620   00000620    r-- .rodata
  000020f8    000020f8    00000030   00000030    r-- .cinit
20200000    20200000    00000135   00000000    rw-
  20200000    20200000    0000011c   00000000    rw- .bss
  2020011c    2020011c    00000019   00000000    rw- .data
20207e00    20207e00    00000200   00000000    rw-
  20207e00    20207e00    00000200   00000000    rw- .stack


SECTION ALLOCATION MAP

 output                                  attributes/
section   page    origin      length       input sections
--------  ----  ----------  ----------   ----------------
.intvecs   0    00000000    000000c0     
                  00000000    000000c0     startup_mspm0g350x_ticlang.o (.intvecs)

.text      0    000000c0    00001a18     
                  000000c0    00000330     OLED.o (.text.OLED_ShowSignedNum)
                  000003f0    00000270     OLED.o (.text.OLED_Init)
                  00000660    0000024c     OLED.o (.text.OLED_WriteCommand)
                  000008ac    0000024c     OLED.o (.text.OLED_WriteData)
                  00000af8    000001bc     OLED.o (.text.OLED_Clear)
                  00000cb4    00000104     driverlib.a : dl_timer.o (.text.DL_Timer_initFourCCPWMMode)
                  00000db8    000000f8     empty.o (.text.main)
                  00000eb0    000000e0     ti_msp_dl_config.o (.text.SYSCFG_DL_PWM_0_init)
                  00000f90    000000d8     libclang_rt.builtins.a : addsf3.S.obj (.text)
                  00001068    000000c4     OLED.o (.text.OLED_ShowChar)
                  0000112c    000000a4     Motor.o (.text.Motor_SetSpeed)
                  000011d0    0000009c     PID.o (.text.Incremental_PID)
                  0000126c    0000009a     libc.a : memcpy16.S.obj (.text:memcpy)
                  00001306    00000002     startup_mspm0g350x_ticlang.o (.text.Default_Handler)
                  00001308    00000090     ti_msp_dl_config.o (.text.SYSCFG_DL_GPIO_init)
                  00001398    0000008c     libclang_rt.builtins.a : mulsf3.S.obj (.text.__mulsf3)
                  00001424    00000088     Encoder.o (.text.Encoder_Init)
                  000014ac    0000007c     PID_Control.o (.text.PID_Control_Update)
                  00001528    0000007c     libc.a : copy_decompress_lzss.c.obj (.text:decompress:lzss)
                  000015a4    0000006c     PID_Control.o (.text.PID_Control_Init)
                  00001610    00000062     libclang_rt.builtins.a : aeabi_fcmp.S.obj (.text.__aeabi_fcmp)
                  00001672    00000002                            : aeabi_div0.c.obj (.text.__aeabi_idiv0)
                  00001674    00000058     Encoder_GPIO.o (.text.GROUP1_IRQHandler)
                  000016cc    00000054     OLED.o (.text.OLED_ShowString)
                  00001720    00000050     ti_msp_dl_config.o (.text.SYSCFG_DL_SYSCTL_init)
                  00001770    00000040     libclang_rt.builtins.a : aeabi_uidivmod.S.obj (.text.__aeabi_uidivmod)
                  000017b0    0000003c                            : floatsisf.S.obj (.text.__floatsisf)
                  000017ec    0000003c                            : comparesf2.S.obj (.text.__gtsf2)
                  00001828    0000003c     libc.a : autoinit.c.obj (.text:__TI_auto_init_nobinit_nopinit)
                  00001864    0000003a     libclang_rt.builtins.a : comparesf2.S.obj (.text.__eqsf2)
                  0000189e    00000002     --HOLE-- [fill = 0]
                  000018a0    0000003a                            : muldsi3.S.obj (.text.__muldsi3)
                  000018da    00000002     --HOLE-- [fill = 0]
                  000018dc    00000038                            : fixsfsi.S.obj (.text.__fixsfsi)
                  00001914    00000034     ti_msp_dl_config.o (.text.SYSCFG_DL_initPower)
                  00001948    00000028     libc.a : boot_cortex_m.c.obj (.text:_c_int00_noargs)
                  00001970    00000020     Encoder_GPIO.o (.text.Encoder_GPIO_Init)
                  00001990    00000020     Motor.o (.text.Motor_Init)
                  000019b0    00000020     ti_msp_dl_config.o (.text.SYSCFG_DL_init)
                  000019d0    0000001c     driverlib.a : dl_timer.o (.text.DL_Timer_setCaptCompUpdateMethod)
                  000019ec    0000001c                 : dl_timer.o (.text.DL_Timer_setClockConfig)
                  00001a08    0000001c     Speed.o (.text.Speed_Update)
                  00001a24    00000018     driverlib.a : dl_timer.o (.text.DL_Timer_setCaptureCompareOutCtl)
                  00001a3c    00000016     libc.a : copy_zero_init.c.obj (.text:decompress:ZI:__TI_zero_init_nomemset)
                  00001a52    00000002     --HOLE-- [fill = 0]
                  00001a54    00000014     PID_Control.o (.text.PID_Control_SetTarget)
                  00001a68    00000012     libc.a : copy_decompress_none.c.obj (.text:decompress:none)
                  00001a7a    00000002     --HOLE-- [fill = 0]
                  00001a7c    00000010     driverlib.a : dl_timer.o (.text.DL_Timer_setCaptureCompareValue)
                  00001a8c    00000010     Encoder_GPIO.o (.text.Encoder_GPIO_Get)
                  00001a9c    00000010     Encoder.o (.text.Encoder_Get)
                  00001aac    0000000a     driverlib.a : dl_common.o (.text.DL_Common_delayCycles)
                  00001ab6    00000002     --HOLE-- [fill = 0]
                  00001ab8    00000008     libclang_rt.builtins.a : aeabi_memcpy.S.obj (.text.__aeabi_memcpy)
                  00001ac0    00000006     libc.a : exit.c.obj (.text:abort)
                  00001ac6    00000004     libsysbm.a : hostexit.c.obj (.text.HOSTexit)
                  00001aca    00000004     startup_mspm0g350x_ticlang.o (.text.Reset_Handler)
                  00001ace    00000004     libc.a : pre_init.c.obj (.text._system_pre_init)
                  00001ad2    00000006     --HOLE-- [fill = 0]

.cinit     0    000020f8    00000030     
                  000020f8    0000000c     (__TI_handler_table)
                  00002104    00000008     (.cinit..bss.load) [load image, compression = zero_init]
                  0000210c    00000008     (.cinit..data.load) [load image, compression = lzss]
                  00002114    00000010     (__TI_cinit_table)
                  00002124    00000004     --HOLE-- [fill = 0]

.rodata    0    00001ad8    00000620     
                  00001ad8    000005f0     OLED.o (.rodata.OLED_F8x16)
                  000020c8    00000009     empty.o (.rodata.str1.17669528882079347314.1)
                  000020d1    00000003     ti_msp_dl_config.o (.rodata.gPWM_0ClockConfig)
                  000020d4    00000008     ti_msp_dl_config.o (.rodata.gPWM_0Config)
                  000020dc    00000008     empty.o (.rodata.str1.9517790425240694019.1)
                  000020e4    00000007     empty.o (.rodata.str1.14685083708502177989.1)
                  000020eb    00000007     empty.o (.rodata.str1.254342170260855183.1)
                  000020f2    00000002     Motor.o (.rodata.motor_cc_idx)
                  000020f4    00000004     --HOLE-- [fill = 0]

.init_array 
*          0    00000000    00000000     UNINITIALIZED

.binit     0    00000000    00000000     

.bss       0    20200000    0000011c     UNINITIALIZED
                  20200000    000000bc     (.common:gPWM_0Backup)
                  202000bc    00000030     (.common:PID_MotorA)
                  202000ec    00000030     (.common:PID_MotorB)

.data      0    2020011c    00000019     UNINITIALIZED
                  2020011c    00000008     empty.o (.data.speedA)
                  20200124    00000008     empty.o (.data.speedB)
                  2020012c    00000004     Encoder_GPIO.o (.data.encoder_count)
                  20200130    00000004     PID_Control.o (.data.startup_counter)
                  20200134    00000001     PID_Control.o (.data.pid_enabled)

.stack     0    20207e00    00000200     UNINITIALIZED
                  20207e00    00000004     libc.a : boot_cortex_m.c.obj (.stack)
                  20207e04    000001fc     --HOLE--

__llvm_prf_cnts 
*          0    20200000    00000000     UNINITIALIZED

__llvm_prf_bits 
*          0    20200000    00000000     UNINITIALIZED

MODULE SUMMARY

       Module                         code   ro data   rw data
       ------                         ----   -------   -------
    .\
       OLED.o                         3340   1520      0      
       ti_msp_dl_config.o             532    11        188    
       PID_Control.o                  252    0         101    
       empty.o                        248    31        16     
       Motor.o                        196    2         0      
       startup_mspm0g350x_ticlang.o   6      192       0      
       PID.o                          156    0         0      
       Encoder.o                      152    0         0      
       Encoder_GPIO.o                 136    0         4      
       Speed.o                        28     0         0      
    +--+------------------------------+------+---------+---------+
       Total:                         5046   1756      309    
                                                              
    C:/ti/mspm0_sdk_2_11_00_07/source/ti/driverlib/lib/ticlang/m0p/mspm0g1x0x_g3x0x/driverlib.a
       dl_timer.o                     356    0         0      
       dl_common.o                    10     0         0      
    +--+------------------------------+------+---------+---------+
       Total:                         366    0         0      
                                                              
    C:\ti\ccs2020\ccs\tools\compiler\ti-cgt-armllvm_4.0.3.LTS\lib\armv6m-ti-none-eabi/c/libc.a
       memcpy16.S.obj                 154    0         0      
       copy_decompress_lzss.c.obj     124    0         0      
       autoinit.c.obj                 60     0         0      
       boot_cortex_m.c.obj            40     0         0      
       copy_zero_init.c.obj           22     0         0      
       copy_decompress_none.c.obj     18     0         0      
       exit.c.obj                     6      0         0      
       pre_init.c.obj                 4      0         0      
    +--+------------------------------+------+---------+---------+
       Total:                         428    0         0      
                                                              
    C:\ti\ccs2020\ccs\tools\compiler\ti-cgt-armllvm_4.0.3.LTS\lib\armv6m-ti-none-eabi/c/libsysbm.a
       hostexit.c.obj                 4      0         0      
    +--+------------------------------+------+---------+---------+
       Total:                         4      0         0      
                                                              
    C:\ti\ccs2020\ccs\tools\compiler\ti-cgt-armllvm_4.0.3.LTS\lib\armv6m-ti-none-eabi/libclang_rt.builtins.a
       addsf3.S.obj                   216    0         0      
       mulsf3.S.obj                   140    0         0      
       comparesf2.S.obj               118    0         0      
       aeabi_fcmp.S.obj               98     0         0      
       aeabi_uidivmod.S.obj           64     0         0      
       floatsisf.S.obj                60     0         0      
       muldsi3.S.obj                  58     0         0      
       fixsfsi.S.obj                  56     0         0      
       aeabi_memcpy.S.obj             8      0         0      
       aeabi_div0.c.obj               2      0         0      
    +--+------------------------------+------+---------+---------+
       Total:                         820    0         0      
                                                              
       Stack:                         0      0         512    
       Linker Generated:              0      44        0      
    +--+------------------------------+------+---------+---------+
       Grand Total:                   6664   1800      821    


LINKER GENERATED COPY TABLES

__TI_cinit_table @ 00002114 records: 2, size/record: 8, table size: 16
	.bss: load addr=00002104, load size=00000008 bytes, run addr=20200000, run size=0000011c bytes, compression=zero_init
	.data: load addr=0000210c, load size=00000008 bytes, run addr=2020011c, run size=00000019 bytes, compression=lzss


LINKER GENERATED HANDLER TABLE

__TI_handler_table @ 000020f8 records: 3, size/record: 4, table size: 12
	index: 0, handler: __TI_decompress_lzss
	index: 1, handler: __TI_decompress_none
	index: 2, handler: __TI_zero_init


GLOBAL SYMBOLS: SORTED ALPHABETICALLY BY Name 

address   name                            
-------   ----                            
00001307  ADC0_IRQHandler                 
00001307  ADC1_IRQHandler                 
00001307  AES_IRQHandler                  
00001ac6  C$$EXIT                         
00001307  CANFD0_IRQHandler               
00001307  DAC0_IRQHandler                 
00001aad  DL_Common_delayCycles           
00000cb5  DL_Timer_initFourCCPWMMode      
000019d1  DL_Timer_setCaptCompUpdateMethod
00001a25  DL_Timer_setCaptureCompareOutCtl
00001a7d  DL_Timer_setCaptureCompareValue 
000019ed  DL_Timer_setClockConfig         
00001307  DMA_IRQHandler                  
00001307  Default_Handler                 
00001a8d  Encoder_GPIO_Get                
00001971  Encoder_GPIO_Init               
00001a9d  Encoder_Get                     
00001425  Encoder_Init                    
00001307  GROUP0_IRQHandler               
00001675  GROUP1_IRQHandler               
00001ac7  HOSTexit                        
00001307  HardFault_Handler               
00001307  I2C0_IRQHandler                 
00001307  I2C1_IRQHandler                 
000011d1  Incremental_PID                 
00001991  Motor_Init                      
0000112d  Motor_SetSpeed                  
00001307  NMI_Handler                     
00000af9  OLED_Clear                      
00001ad8  OLED_F8x16                      
000003f1  OLED_Init                       
00001069  OLED_ShowChar                   
000000c1  OLED_ShowSignedNum              
000016cd  OLED_ShowString                 
00000661  OLED_WriteCommand               
000008ad  OLED_WriteData                  
000015a5  PID_Control_Init                
00001a55  PID_Control_SetTarget           
000014ad  PID_Control_Update              
202000bc  PID_MotorA                      
202000ec  PID_MotorB                      
00001307  PendSV_Handler                  
00001307  RTC_IRQHandler                  
00001acb  Reset_Handler                   
00001307  SPI0_IRQHandler                 
00001307  SPI1_IRQHandler                 
00001307  SVC_Handler                     
00001309  SYSCFG_DL_GPIO_init             
00000eb1  SYSCFG_DL_PWM_0_init            
00001721  SYSCFG_DL_SYSCTL_init           
000019b1  SYSCFG_DL_init                  
00001915  SYSCFG_DL_initPower             
00001a09  Speed_Update                    
00001307  SysTick_Handler                 
00001307  TIMA0_IRQHandler                
00001307  TIMA1_IRQHandler                
00001307  TIMG0_IRQHandler                
00001307  TIMG12_IRQHandler               
00001307  TIMG6_IRQHandler                
00001307  TIMG7_IRQHandler                
00001307  TIMG8_IRQHandler                
00001307  UART0_IRQHandler                
00001307  UART1_IRQHandler                
00001307  UART2_IRQHandler                
00001307  UART3_IRQHandler                
20208000  __STACK_END                     
00000200  __STACK_SIZE                    
00000000  __TI_ATRegion0_region_sz        
00000000  __TI_ATRegion0_src_addr         
00000000  __TI_ATRegion0_trg_addr         
00000000  __TI_ATRegion1_region_sz        
00000000  __TI_ATRegion1_src_addr         
00000000  __TI_ATRegion1_trg_addr         
00000000  __TI_ATRegion2_region_sz        
00000000  __TI_ATRegion2_src_addr         
00000000  __TI_ATRegion2_trg_addr         
00002114  __TI_CINIT_Base                 
00002124  __TI_CINIT_Limit                
00002124  __TI_CINIT_Warm                 
000020f8  __TI_Handler_Table_Base         
00002104  __TI_Handler_Table_Limit        
00001829  __TI_auto_init_nobinit_nopinit  
00001529  __TI_decompress_lzss            
00001a69  __TI_decompress_none            
ffffffff  __TI_pprof_out_hndl             
ffffffff  __TI_prof_data_size             
ffffffff  __TI_prof_data_start            
00000000  __TI_static_base__              
00001a3d  __TI_zero_init_nomemset         
00000f9b  __addsf3                        
000018dd  __aeabi_f2iz                    
00000f9b  __aeabi_fadd                    
00001611  __aeabi_fcmpeq                  
0000164d  __aeabi_fcmpge                  
00001661  __aeabi_fcmpgt                  
00001639  __aeabi_fcmple                  
00001625  __aeabi_fcmplt                  
00001399  __aeabi_fmul                    
00000f91  __aeabi_fsub                    
000017b1  __aeabi_i2f                     
00001673  __aeabi_idiv0                   
00001ab9  __aeabi_memcpy                  
00001ab9  __aeabi_memcpy4                 
00001ab9  __aeabi_memcpy8                 
00001771  __aeabi_uidiv                   
00001771  __aeabi_uidivmod                
ffffffff  __binit__                       
00001865  __cmpsf2                        
00001865  __eqsf2                         
000018dd  __fixsfsi                       
000017b1  __floatsisf                     
000017ed  __gesf2                         
000017ed  __gtsf2                         
00001865  __lesf2                         
00001865  __ltsf2                         
UNDEFED   __mpu_init                      
000018a1  __muldsi3                       
00001399  __mulsf3                        
00001865  __nesf2                         
20207e00  __stack                         
20200000  __start___llvm_prf_bits         
20200000  __start___llvm_prf_cnts         
20200000  __stop___llvm_prf_bits          
20200000  __stop___llvm_prf_cnts          
00000f91  __subsf3                        
00001949  _c_int00_noargs                 
UNDEFED   _system_post_cinit              
00001acf  _system_pre_init                
00001ac1  abort                           
ffffffff  binit                           
20200000  gPWM_0Backup                    
00000000  interruptVectors                
00000db9  main                            
0000126d  memcpy                          
20200134  pid_enabled                     
2020011c  speedA                          
20200124  speedB                          


GLOBAL SYMBOLS: SORTED BY Symbol Address 

address   name                            
-------   ----                            
00000000  __TI_ATRegion0_region_sz        
00000000  __TI_ATRegion0_src_addr         
00000000  __TI_ATRegion0_trg_addr         
00000000  __TI_ATRegion1_region_sz        
00000000  __TI_ATRegion1_src_addr         
00000000  __TI_ATRegion1_trg_addr         
00000000  __TI_ATRegion2_region_sz        
00000000  __TI_ATRegion2_src_addr         
00000000  __TI_ATRegion2_trg_addr         
00000000  __TI_static_base__              
00000000  interruptVectors                
000000c1  OLED_ShowSignedNum              
00000200  __STACK_SIZE                    
000003f1  OLED_Init                       
00000661  OLED_WriteCommand               
000008ad  OLED_WriteData                  
00000af9  OLED_Clear                      
00000cb5  DL_Timer_initFourCCPWMMode      
00000db9  main                            
00000eb1  SYSCFG_DL_PWM_0_init            
00000f91  __aeabi_fsub                    
00000f91  __subsf3                        
00000f9b  __addsf3                        
00000f9b  __aeabi_fadd                    
00001069  OLED_ShowChar                   
0000112d  Motor_SetSpeed                  
000011d1  Incremental_PID                 
0000126d  memcpy                          
00001307  ADC0_IRQHandler                 
00001307  ADC1_IRQHandler                 
00001307  AES_IRQHandler                  
00001307  CANFD0_IRQHandler               
00001307  DAC0_IRQHandler                 
00001307  DMA_IRQHandler                  
00001307  Default_Handler                 
00001307  GROUP0_IRQHandler               
00001307  HardFault_Handler               
00001307  I2C0_IRQHandler                 
00001307  I2C1_IRQHandler                 
00001307  NMI_Handler                     
00001307  PendSV_Handler                  
00001307  RTC_IRQHandler                  
00001307  SPI0_IRQHandler                 
00001307  SPI1_IRQHandler                 
00001307  SVC_Handler                     
00001307  SysTick_Handler                 
00001307  TIMA0_IRQHandler                
00001307  TIMA1_IRQHandler                
00001307  TIMG0_IRQHandler                
00001307  TIMG12_IRQHandler               
00001307  TIMG6_IRQHandler                
00001307  TIMG7_IRQHandler                
00001307  TIMG8_IRQHandler                
00001307  UART0_IRQHandler                
00001307  UART1_IRQHandler                
00001307  UART2_IRQHandler                
00001307  UART3_IRQHandler                
00001309  SYSCFG_DL_GPIO_init             
00001399  __aeabi_fmul                    
00001399  __mulsf3                        
00001425  Encoder_Init                    
000014ad  PID_Control_Update              
00001529  __TI_decompress_lzss            
000015a5  PID_Control_Init                
00001611  __aeabi_fcmpeq                  
00001625  __aeabi_fcmplt                  
00001639  __aeabi_fcmple                  
0000164d  __aeabi_fcmpge                  
00001661  __aeabi_fcmpgt                  
00001673  __aeabi_idiv0                   
00001675  GROUP1_IRQHandler               
000016cd  OLED_ShowString                 
00001721  SYSCFG_DL_SYSCTL_init           
00001771  __aeabi_uidiv                   
00001771  __aeabi_uidivmod                
000017b1  __aeabi_i2f                     
000017b1  __floatsisf                     
000017ed  __gesf2                         
000017ed  __gtsf2                         
00001829  __TI_auto_init_nobinit_nopinit  
00001865  __cmpsf2                        
00001865  __eqsf2                         
00001865  __lesf2                         
00001865  __ltsf2                         
00001865  __nesf2                         
000018a1  __muldsi3                       
000018dd  __aeabi_f2iz                    
000018dd  __fixsfsi                       
00001915  SYSCFG_DL_initPower             
00001949  _c_int00_noargs                 
00001971  Encoder_GPIO_Init               
00001991  Motor_Init                      
000019b1  SYSCFG_DL_init                  
000019d1  DL_Timer_setCaptCompUpdateMethod
000019ed  DL_Timer_setClockConfig         
00001a09  Speed_Update                    
00001a25  DL_Timer_setCaptureCompareOutCtl
00001a3d  __TI_zero_init_nomemset         
00001a55  PID_Control_SetTarget           
00001a69  __TI_decompress_none            
00001a7d  DL_Timer_setCaptureCompareValue 
00001a8d  Encoder_GPIO_Get                
00001a9d  Encoder_Get                     
00001aad  DL_Common_delayCycles           
00001ab9  __aeabi_memcpy                  
00001ab9  __aeabi_memcpy4                 
00001ab9  __aeabi_memcpy8                 
00001ac1  abort                           
00001ac6  C$$EXIT                         
00001ac7  HOSTexit                        
00001acb  Reset_Handler                   
00001acf  _system_pre_init                
00001ad8  OLED_F8x16                      
000020f8  __TI_Handler_Table_Base         
00002104  __TI_Handler_Table_Limit        
00002114  __TI_CINIT_Base                 
00002124  __TI_CINIT_Limit                
00002124  __TI_CINIT_Warm                 
20200000  __start___llvm_prf_bits         
20200000  __start___llvm_prf_cnts         
20200000  __stop___llvm_prf_bits          
20200000  __stop___llvm_prf_cnts          
20200000  gPWM_0Backup                    
202000bc  PID_MotorA                      
202000ec  PID_MotorB                      
2020011c  speedA                          
20200124  speedB                          
20200134  pid_enabled                     
20207e00  __stack                         
20208000  __STACK_END                     
ffffffff  __TI_pprof_out_hndl             
ffffffff  __TI_prof_data_size             
ffffffff  __TI_prof_data_start            
ffffffff  __binit__                       
ffffffff  binit                           
UNDEFED   __mpu_init                      
UNDEFED   _system_post_cinit              

[137 symbols]
