<?xml version="1.0" encoding="ISO-8859-1" ?>
<link_info>
   <banner>TI ARM Clang Linker PC v4.0.3.LTS</banner>
   <copyright>Copyright (c) 1996-2018 Texas Instruments Incorporated</copyright>
   <command_line>C:\ti\ccs2020\ccs\tools\compiler\ti-cgt-armllvm_4.0.3.LTS\bin\tiarmlnk -IC:\ti\ccs2020\ccs\tools\compiler\ti-cgt-armllvm_4.0.3.LTS\lib -o Modular_testing_totalGPIO_NEW_gyro_Replicate.out -mModular_testing_totalGPIO_NEW_gyro_Replicate.map -iC:/ti/mspm0_sdk_2_11_00_07/source -iC:/Users/l/workspace_ccstheia/Modular_testing_totalGPIO_NEW_gyro_Replicate -iC:/Users/l/workspace_ccstheia/Modular_testing_totalGPIO_NEW_gyro_Replicate/Debug/syscfg -iC:/ti/ccs2020/ccs/tools/compiler/ti-cgt-armllvm_4.0.3.LTS/lib --diag_wrap=off --display_error_number --warn_sections --xml_link_info=Modular_testing_totalGPIO_NEW_gyro_Replicate_linkInfo.xml --rom_model ./Encoder.o ./Encoder_GPIO.o ./GyroControl.o ./Motor.o ./PID.o ./Speed.o ./bsp_hc05.o ./empty.o ./ti_msp_dl_config.o ./startup_mspm0g350x_ticlang.o ./gyro.o ./line.o ./oled.o ./sensor.o ./time.o -l./device_linker.cmd -ldevice.cmd.genlibs -llibc.a --start-group -llibc++.a -llibc++abi.a -llibc.a -llibsys.a -llibsysbm.a -llibclang_rt.builtins.a -llibclang_rt.profile.a --end-group --cg_opt_level=2</command_line>
   <link_time>0x6a64dc73</link_time>
   <link_errors>0x0</link_errors>
   <output_file>C:\Users\l\workspace_ccstheia\Modular_testing_totalGPIO_NEW_gyro_Replicate\Debug\Modular_testing_totalGPIO_NEW_gyro_Replicate.out</output_file>
   <entry_point>
      <name>_c_int00_noargs</name>
      <address>0x3421</address>
   </entry_point>
   <input_file_list>
      <input_file id="fl-1">
         <path>C:\Users\l\workspace_ccstheia\Modular_testing_totalGPIO_NEW_gyro_Replicate\Debug\.\</path>
         <kind>object</kind>
         <file>Encoder.o</file>
         <name>Encoder.o</name>
      </input_file>
      <input_file id="fl-2">
         <path>C:\Users\l\workspace_ccstheia\Modular_testing_totalGPIO_NEW_gyro_Replicate\Debug\.\</path>
         <kind>object</kind>
         <file>Encoder_GPIO.o</file>
         <name>Encoder_GPIO.o</name>
      </input_file>
      <input_file id="fl-3">
         <path>C:\Users\l\workspace_ccstheia\Modular_testing_totalGPIO_NEW_gyro_Replicate\Debug\.\</path>
         <kind>object</kind>
         <file>GyroControl.o</file>
         <name>GyroControl.o</name>
      </input_file>
      <input_file id="fl-4">
         <path>C:\Users\l\workspace_ccstheia\Modular_testing_totalGPIO_NEW_gyro_Replicate\Debug\.\</path>
         <kind>object</kind>
         <file>Motor.o</file>
         <name>Motor.o</name>
      </input_file>
      <input_file id="fl-5">
         <path>C:\Users\l\workspace_ccstheia\Modular_testing_totalGPIO_NEW_gyro_Replicate\Debug\.\</path>
         <kind>object</kind>
         <file>PID.o</file>
         <name>PID.o</name>
      </input_file>
      <input_file id="fl-6">
         <path>C:\Users\l\workspace_ccstheia\Modular_testing_totalGPIO_NEW_gyro_Replicate\Debug\.\</path>
         <kind>object</kind>
         <file>Speed.o</file>
         <name>Speed.o</name>
      </input_file>
      <input_file id="fl-7">
         <path>C:\Users\l\workspace_ccstheia\Modular_testing_totalGPIO_NEW_gyro_Replicate\Debug\.\</path>
         <kind>object</kind>
         <file>bsp_hc05.o</file>
         <name>bsp_hc05.o</name>
      </input_file>
      <input_file id="fl-8">
         <path>C:\Users\l\workspace_ccstheia\Modular_testing_totalGPIO_NEW_gyro_Replicate\Debug\.\</path>
         <kind>object</kind>
         <file>empty.o</file>
         <name>empty.o</name>
      </input_file>
      <input_file id="fl-9">
         <path>C:\Users\l\workspace_ccstheia\Modular_testing_totalGPIO_NEW_gyro_Replicate\Debug\.\</path>
         <kind>object</kind>
         <file>ti_msp_dl_config.o</file>
         <name>ti_msp_dl_config.o</name>
      </input_file>
      <input_file id="fl-a">
         <path>C:\Users\l\workspace_ccstheia\Modular_testing_totalGPIO_NEW_gyro_Replicate\Debug\.\</path>
         <kind>object</kind>
         <file>startup_mspm0g350x_ticlang.o</file>
         <name>startup_mspm0g350x_ticlang.o</name>
      </input_file>
      <input_file id="fl-b">
         <path>C:\Users\l\workspace_ccstheia\Modular_testing_totalGPIO_NEW_gyro_Replicate\Debug\.\</path>
         <kind>object</kind>
         <file>gyro.o</file>
         <name>gyro.o</name>
      </input_file>
      <input_file id="fl-c">
         <path>C:\Users\l\workspace_ccstheia\Modular_testing_totalGPIO_NEW_gyro_Replicate\Debug\.\</path>
         <kind>object</kind>
         <file>line.o</file>
         <name>line.o</name>
      </input_file>
      <input_file id="fl-d">
         <path>C:\Users\l\workspace_ccstheia\Modular_testing_totalGPIO_NEW_gyro_Replicate\Debug\.\</path>
         <kind>object</kind>
         <file>oled.o</file>
         <name>oled.o</name>
      </input_file>
      <input_file id="fl-e">
         <path>C:\Users\l\workspace_ccstheia\Modular_testing_totalGPIO_NEW_gyro_Replicate\Debug\.\</path>
         <kind>object</kind>
         <file>sensor.o</file>
         <name>sensor.o</name>
      </input_file>
      <input_file id="fl-f">
         <path>C:\Users\l\workspace_ccstheia\Modular_testing_totalGPIO_NEW_gyro_Replicate\Debug\.\</path>
         <kind>object</kind>
         <file>time.o</file>
         <name>time.o</name>
      </input_file>
      <input_file id="fl-1c">
         <path>C:\Users\l\workspace_ccstheia\Modular_testing_totalGPIO_NEW_gyro_Replicate\Debug\</path>
         <kind>object</kind>
         <file>&lt;internal&gt;</file>
         <name>&lt;internal&gt;</name>
      </input_file>
      <input_file id="fl-1d">
         <path>C:\ti\mspm0_sdk_2_11_00_07\source\ti\driverlib\lib\ticlang\m0p\mspm0g1x0x_g3x0x\</path>
         <kind>archive</kind>
         <file>driverlib.a</file>
         <name>dl_common.o</name>
      </input_file>
      <input_file id="fl-1e">
         <path>C:\ti\mspm0_sdk_2_11_00_07\source\ti\driverlib\lib\ticlang\m0p\mspm0g1x0x_g3x0x\</path>
         <kind>archive</kind>
         <file>driverlib.a</file>
         <name>dl_i2c.o</name>
      </input_file>
      <input_file id="fl-1f">
         <path>C:\ti\mspm0_sdk_2_11_00_07\source\ti\driverlib\lib\ticlang\m0p\mspm0g1x0x_g3x0x\</path>
         <kind>archive</kind>
         <file>driverlib.a</file>
         <name>dl_timer.o</name>
      </input_file>
      <input_file id="fl-20">
         <path>C:\ti\mspm0_sdk_2_11_00_07\source\ti\driverlib\lib\ticlang\m0p\mspm0g1x0x_g3x0x\</path>
         <kind>archive</kind>
         <file>driverlib.a</file>
         <name>dl_uart.o</name>
      </input_file>
      <input_file id="fl-21">
         <path>C:\ti\mspm0_sdk_2_11_00_07\source\ti\driverlib\lib\ticlang\m0p\mspm0g1x0x_g3x0x\</path>
         <kind>archive</kind>
         <file>driverlib.a</file>
         <name>dl_sysctl_mspm0g1x0x_g3x0x.o</name>
      </input_file>
      <input_file id="fl-38">
         <path>C:\ti\ccs2020\ccs\tools\compiler\ti-cgt-armllvm_4.0.3.LTS\lib\armv6m-ti-none-eabi\c\</path>
         <kind>archive</kind>
         <file>libc.a</file>
         <name>boot_cortex_m.c.obj</name>
      </input_file>
      <input_file id="fl-39">
         <path>C:\ti\ccs2020\ccs\tools\compiler\ti-cgt-armllvm_4.0.3.LTS\lib\armv6m-ti-none-eabi\c\</path>
         <kind>archive</kind>
         <file>libc.a</file>
         <name>mathacl_init.c.obj</name>
      </input_file>
      <input_file id="fl-3a">
         <path>C:\ti\ccs2020\ccs\tools\compiler\ti-cgt-armllvm_4.0.3.LTS\lib\armv6m-ti-none-eabi\c\</path>
         <kind>archive</kind>
         <file>libc.a</file>
         <name>autoinit.c.obj</name>
      </input_file>
      <input_file id="fl-3b">
         <path>C:\ti\ccs2020\ccs\tools\compiler\ti-cgt-armllvm_4.0.3.LTS\lib\armv6m-ti-none-eabi\c\</path>
         <kind>archive</kind>
         <file>libc.a</file>
         <name>pre_init.c.obj</name>
      </input_file>
      <input_file id="fl-3c">
         <path>C:\ti\ccs2020\ccs\tools\compiler\ti-cgt-armllvm_4.0.3.LTS\lib\armv6m-ti-none-eabi\c\</path>
         <kind>archive</kind>
         <file>libc.a</file>
         <name>cpy_tbl.c.obj</name>
      </input_file>
      <input_file id="fl-3d">
         <path>C:\ti\ccs2020\ccs\tools\compiler\ti-cgt-armllvm_4.0.3.LTS\lib\armv6m-ti-none-eabi\c\</path>
         <kind>archive</kind>
         <file>libc.a</file>
         <name>copy_zero_init.c.obj</name>
      </input_file>
      <input_file id="fl-3e">
         <path>C:\ti\ccs2020\ccs\tools\compiler\ti-cgt-armllvm_4.0.3.LTS\lib\armv6m-ti-none-eabi\c\</path>
         <kind>archive</kind>
         <file>libc.a</file>
         <name>copy_decompress_none.c.obj</name>
      </input_file>
      <input_file id="fl-3f">
         <path>C:\ti\ccs2020\ccs\tools\compiler\ti-cgt-armllvm_4.0.3.LTS\lib\armv6m-ti-none-eabi\c\</path>
         <kind>archive</kind>
         <file>libc.a</file>
         <name>copy_decompress_lzss.c.obj</name>
      </input_file>
      <input_file id="fl-40">
         <path>C:\ti\ccs2020\ccs\tools\compiler\ti-cgt-armllvm_4.0.3.LTS\lib\armv6m-ti-none-eabi\c\</path>
         <kind>archive</kind>
         <file>libc.a</file>
         <name>exit.c.obj</name>
      </input_file>
      <input_file id="fl-41">
         <path>C:\ti\ccs2020\ccs\tools\compiler\ti-cgt-armllvm_4.0.3.LTS\lib\armv6m-ti-none-eabi\c\</path>
         <kind>archive</kind>
         <file>libc.a</file>
         <name>_lock.c.obj</name>
      </input_file>
      <input_file id="fl-42">
         <path>C:\ti\ccs2020\ccs\tools\compiler\ti-cgt-armllvm_4.0.3.LTS\lib\armv6m-ti-none-eabi\c\</path>
         <kind>archive</kind>
         <file>libc.a</file>
         <name>args_main.c.obj</name>
      </input_file>
      <input_file id="fl-e2">
         <path>C:\ti\ccs2020\ccs\tools\compiler\ti-cgt-armllvm_4.0.3.LTS\lib\armv6m-ti-none-eabi\c\</path>
         <kind>archive</kind>
         <file>libsysbm.a</file>
         <name>hostexit.c.obj</name>
      </input_file>
      <input_file id="fl-e3">
         <path>C:\ti\ccs2020\ccs\tools\compiler\ti-cgt-armllvm_4.0.3.LTS\lib\armv6m-ti-none-eabi\</path>
         <kind>archive</kind>
         <file>libclang_rt.builtins.a</file>
         <name>addsf3.S.obj</name>
      </input_file>
      <input_file id="fl-e4">
         <path>C:\ti\ccs2020\ccs\tools\compiler\ti-cgt-armllvm_4.0.3.LTS\lib\armv6m-ti-none-eabi\</path>
         <kind>archive</kind>
         <file>libclang_rt.builtins.a</file>
         <name>mulsf3.S.obj</name>
      </input_file>
      <input_file id="fl-e5">
         <path>C:\ti\ccs2020\ccs\tools\compiler\ti-cgt-armllvm_4.0.3.LTS\lib\armv6m-ti-none-eabi\</path>
         <kind>archive</kind>
         <file>libclang_rt.builtins.a</file>
         <name>divsf3.S.obj</name>
      </input_file>
      <input_file id="fl-e6">
         <path>C:\ti\ccs2020\ccs\tools\compiler\ti-cgt-armllvm_4.0.3.LTS\lib\armv6m-ti-none-eabi\</path>
         <kind>archive</kind>
         <file>libclang_rt.builtins.a</file>
         <name>fixsfsi.S.obj</name>
      </input_file>
      <input_file id="fl-e7">
         <path>C:\ti\ccs2020\ccs\tools\compiler\ti-cgt-armllvm_4.0.3.LTS\lib\armv6m-ti-none-eabi\</path>
         <kind>archive</kind>
         <file>libclang_rt.builtins.a</file>
         <name>fixunssfsi.S.obj</name>
      </input_file>
      <input_file id="fl-e8">
         <path>C:\ti\ccs2020\ccs\tools\compiler\ti-cgt-armllvm_4.0.3.LTS\lib\armv6m-ti-none-eabi\</path>
         <kind>archive</kind>
         <file>libclang_rt.builtins.a</file>
         <name>floatsisf.S.obj</name>
      </input_file>
      <input_file id="fl-e9">
         <path>C:\ti\ccs2020\ccs\tools\compiler\ti-cgt-armllvm_4.0.3.LTS\lib\armv6m-ti-none-eabi\</path>
         <kind>archive</kind>
         <file>libclang_rt.builtins.a</file>
         <name>floatunsisf.S.obj</name>
      </input_file>
      <input_file id="fl-ea">
         <path>C:\ti\ccs2020\ccs\tools\compiler\ti-cgt-armllvm_4.0.3.LTS\lib\armv6m-ti-none-eabi\</path>
         <kind>archive</kind>
         <file>libclang_rt.builtins.a</file>
         <name>aeabi_fcmp.S.obj</name>
      </input_file>
      <input_file id="fl-eb">
         <path>C:\ti\ccs2020\ccs\tools\compiler\ti-cgt-armllvm_4.0.3.LTS\lib\armv6m-ti-none-eabi\</path>
         <kind>archive</kind>
         <file>libclang_rt.builtins.a</file>
         <name>aeabi_idivmod.S.obj</name>
      </input_file>
      <input_file id="fl-ec">
         <path>C:\ti\ccs2020\ccs\tools\compiler\ti-cgt-armllvm_4.0.3.LTS\lib\armv6m-ti-none-eabi\</path>
         <kind>archive</kind>
         <file>libclang_rt.builtins.a</file>
         <name>aeabi_memcpy.S.obj</name>
      </input_file>
      <input_file id="fl-ed">
         <path>C:\ti\ccs2020\ccs\tools\compiler\ti-cgt-armllvm_4.0.3.LTS\lib\armv6m-ti-none-eabi\</path>
         <kind>archive</kind>
         <file>libclang_rt.builtins.a</file>
         <name>aeabi_memset.S.obj</name>
      </input_file>
      <input_file id="fl-ee">
         <path>C:\ti\ccs2020\ccs\tools\compiler\ti-cgt-armllvm_4.0.3.LTS\lib\armv6m-ti-none-eabi\</path>
         <kind>archive</kind>
         <file>libclang_rt.builtins.a</file>
         <name>aeabi_uidivmod.S.obj</name>
      </input_file>
      <input_file id="fl-ef">
         <path>C:\ti\ccs2020\ccs\tools\compiler\ti-cgt-armllvm_4.0.3.LTS\lib\armv6m-ti-none-eabi\</path>
         <kind>archive</kind>
         <file>libclang_rt.builtins.a</file>
         <name>comparesf2.S.obj</name>
      </input_file>
      <input_file id="fl-f0">
         <path>C:\ti\ccs2020\ccs\tools\compiler\ti-cgt-armllvm_4.0.3.LTS\lib\armv6m-ti-none-eabi\</path>
         <kind>archive</kind>
         <file>libclang_rt.builtins.a</file>
         <name>muldsi3.S.obj</name>
      </input_file>
      <input_file id="fl-f1">
         <path>C:\ti\ccs2020\ccs\tools\compiler\ti-cgt-armllvm_4.0.3.LTS\lib\armv6m-ti-none-eabi\</path>
         <kind>archive</kind>
         <file>libclang_rt.builtins.a</file>
         <name>aeabi_div0.c.obj</name>
      </input_file>
      <input_file id="fl-f2">
         <path>C:\ti\ccs2020\ccs\tools\compiler\ti-cgt-armllvm_4.0.3.LTS\lib\armv6m-ti-none-eabi\c\</path>
         <kind>archive</kind>
         <file>libc.a</file>
         <name>memcpy16.S.obj</name>
      </input_file>
      <input_file id="fl-f3">
         <path>C:\ti\ccs2020\ccs\tools\compiler\ti-cgt-armllvm_4.0.3.LTS\lib\armv6m-ti-none-eabi\c\</path>
         <kind>archive</kind>
         <file>libc.a</file>
         <name>memset16.S.obj</name>
      </input_file>
   </input_file_list>
   <object_component_list>
      <object_component id="oc-18">
         <name>.intvecs</name>
         <load_address>0x0</load_address>
         <readonly>true</readonly>
         <run_address>0x0</run_address>
         <size>0xc0</size>
         <alignment>0x4</alignment>
         <input_file_ref idref="fl-a"/>
      </object_component>
      <object_component id="oc-cb">
         <name>.text.main</name>
         <load_address>0xc0</load_address>
         <readonly>true</readonly>
         <executable>true</executable>
         <run_address>0xc0</run_address>
         <size>0x530</size>
         <alignment>0x4</alignment>
         <input_file_ref idref="fl-8"/>
      </object_component>
      <object_component id="oc-132">
         <name>.text.OLED_ShowNum</name>
         <load_address>0x5f0</load_address>
         <readonly>true</readonly>
         <executable>true</executable>
         <run_address>0x5f0</run_address>
         <size>0x38e</size>
         <alignment>0x2</alignment>
         <input_file_ref idref="fl-d"/>
      </object_component>
      <object_component id="oc-33">
         <name>.text.Default_Handler</name>
         <load_address>0x97e</load_address>
         <readonly>true</readonly>
         <executable>true</executable>
         <run_address>0x97e</run_address>
         <size>0x2</size>
         <alignment>0x2</alignment>
         <input_file_ref idref="fl-a"/>
      </object_component>
      <object_component id="oc-182">
         <name>.text.OLED_WriteBlock</name>
         <load_address>0x980</load_address>
         <readonly>true</readonly>
         <executable>true</executable>
         <run_address>0x980</run_address>
         <size>0x324</size>
         <alignment>0x4</alignment>
         <input_file_ref idref="fl-d"/>
      </object_component>
      <object_component id="oc-b6">
         <name>.text.GyroControl_Update</name>
         <load_address>0xca4</load_address>
         <readonly>true</readonly>
         <executable>true</executable>
         <run_address>0xca4</run_address>
         <size>0x30c</size>
         <alignment>0x4</alignment>
         <input_file_ref idref="fl-3"/>
      </object_component>
      <object_component id="oc-1aa">
         <name>.text.SYSCFG_DL_SYSCTL_SYSPLL_init</name>
         <load_address>0xfb0</load_address>
         <readonly>true</readonly>
         <executable>true</executable>
         <run_address>0xfb0</run_address>
         <size>0x2a8</size>
         <alignment>0x4</alignment>
         <input_file_ref idref="fl-9"/>
      </object_component>
      <object_component id="oc-a6">
         <name>.text.track_zhixian1</name>
         <load_address>0x1258</load_address>
         <readonly>true</readonly>
         <executable>true</executable>
         <run_address>0x1258</run_address>
         <size>0x270</size>
         <alignment>0x4</alignment>
         <input_file_ref idref="fl-c"/>
      </object_component>
      <object_component id="oc-76">
         <name>.text.Gyro_ParseByte</name>
         <load_address>0x14c8</load_address>
         <readonly>true</readonly>
         <executable>true</executable>
         <run_address>0x14c8</run_address>
         <size>0x228</size>
         <alignment>0x4</alignment>
         <input_file_ref idref="fl-b"/>
      </object_component>
      <object_component id="oc-121">
         <name>.text.OLED_Init</name>
         <load_address>0x16f0</load_address>
         <readonly>true</readonly>
         <executable>true</executable>
         <run_address>0x16f0</run_address>
         <size>0x1b4</size>
         <alignment>0x4</alignment>
         <input_file_ref idref="fl-d"/>
      </object_component>
      <object_component id="oc-18c">
         <name>.text.OLED_ShowChar</name>
         <load_address>0x18a4</load_address>
         <readonly>true</readonly>
         <executable>true</executable>
         <run_address>0x18a4</run_address>
         <size>0x188</size>
         <alignment>0x4</alignment>
         <input_file_ref idref="fl-d"/>
      </object_component>
      <object_component id="oc-127">
         <name>.text.OLED_Clear</name>
         <load_address>0x1a2c</load_address>
         <readonly>true</readonly>
         <executable>true</executable>
         <run_address>0x1a2c</run_address>
         <size>0x144</size>
         <alignment>0x4</alignment>
         <input_file_ref idref="fl-d"/>
      </object_component>
      <object_component id="oc-175">
         <name>.text.SYSCFG_DL_GPIO_init</name>
         <load_address>0x1b70</load_address>
         <readonly>true</readonly>
         <executable>true</executable>
         <run_address>0x1b70</run_address>
         <size>0x13c</size>
         <alignment>0x4</alignment>
         <input_file_ref idref="fl-9"/>
      </object_component>
      <object_component id="oc-12f">
         <name>.text.OLED_Refresh</name>
         <load_address>0x1cac</load_address>
         <readonly>true</readonly>
         <executable>true</executable>
         <run_address>0x1cac</run_address>
         <size>0x138</size>
         <alignment>0x4</alignment>
         <input_file_ref idref="fl-d"/>
      </object_component>
      <object_component id="oc-1ad">
         <name>.text.DL_Timer_initFourCCPWMMode</name>
         <load_address>0x1de4</load_address>
         <readonly>true</readonly>
         <executable>true</executable>
         <run_address>0x1de4</run_address>
         <size>0x104</size>
         <alignment>0x4</alignment>
         <input_file_ref idref="fl-1f"/>
      </object_component>
      <object_component id="oc-1b2">
         <name>.text.DL_Timer_initTimerMode</name>
         <load_address>0x1ee8</load_address>
         <readonly>true</readonly>
         <executable>true</executable>
         <run_address>0x1ee8</run_address>
         <size>0xfc</size>
         <alignment>0x4</alignment>
         <input_file_ref idref="fl-1f"/>
      </object_component>
      <object_component id="oc-177">
         <name>.text.SYSCFG_DL_PWM_0_init</name>
         <load_address>0x1fe4</load_address>
         <readonly>true</readonly>
         <executable>true</executable>
         <run_address>0x1fe4</run_address>
         <size>0xe0</size>
         <alignment>0x4</alignment>
         <input_file_ref idref="fl-9"/>
      </object_component>
      <object_component id="oc-1a4">
         <name>.text.DL_SYSCTL_configSYSPLL</name>
         <load_address>0x20c4</load_address>
         <readonly>true</readonly>
         <executable>true</executable>
         <run_address>0x20c4</run_address>
         <size>0xdc</size>
         <alignment>0x4</alignment>
         <input_file_ref idref="fl-21"/>
      </object_component>
      <object_component id="oc-ac">
         <name>.text</name>
         <load_address>0x21a0</load_address>
         <readonly>true</readonly>
         <executable>true</executable>
         <run_address>0x21a0</run_address>
         <size>0xd8</size>
         <alignment>0x4</alignment>
         <input_file_ref idref="fl-e3"/>
      </object_component>
      <object_component id="oc-ab">
         <name>.text.Position_PID</name>
         <load_address>0x2278</load_address>
         <readonly>true</readonly>
         <executable>true</executable>
         <run_address>0x2278</run_address>
         <size>0xc0</size>
         <alignment>0x4</alignment>
         <input_file_ref idref="fl-5"/>
      </object_component>
      <object_component id="oc-49">
         <name>.text.TIMA1_IRQHandler</name>
         <load_address>0x2338</load_address>
         <readonly>true</readonly>
         <executable>true</executable>
         <run_address>0x2338</run_address>
         <size>0xc0</size>
         <alignment>0x4</alignment>
         <input_file_ref idref="fl-f"/>
      </object_component>
      <object_component id="oc-44">
         <name>.text.TIMG0_IRQHandler</name>
         <load_address>0x23f8</load_address>
         <readonly>true</readonly>
         <executable>true</executable>
         <run_address>0x23f8</run_address>
         <size>0xc0</size>
         <alignment>0x4</alignment>
         <input_file_ref idref="fl-f"/>
      </object_component>
      <object_component id="oc-176">
         <name>.text.SYSCFG_DL_SYSCTL_init</name>
         <load_address>0x24b8</load_address>
         <readonly>true</readonly>
         <executable>true</executable>
         <run_address>0x24b8</run_address>
         <size>0xbc</size>
         <alignment>0x4</alignment>
         <input_file_ref idref="fl-9"/>
      </object_component>
      <object_component id="oc-106">
         <name>.text.GyroControl_NormalizeAngle</name>
         <load_address>0x2574</load_address>
         <readonly>true</readonly>
         <executable>true</executable>
         <run_address>0x2574</run_address>
         <size>0xb0</size>
         <alignment>0x4</alignment>
         <input_file_ref idref="fl-3"/>
      </object_component>
      <object_component id="oc-12c">
         <name>.text.PID_Iint</name>
         <load_address>0x2624</load_address>
         <readonly>true</readonly>
         <executable>true</executable>
         <run_address>0x2624</run_address>
         <size>0xac</size>
         <alignment>0x4</alignment>
         <input_file_ref idref="fl-5"/>
      </object_component>
      <object_component id="oc-95">
         <name>.text.Motor_SetSpeed</name>
         <load_address>0x26d0</load_address>
         <readonly>true</readonly>
         <executable>true</executable>
         <run_address>0x26d0</run_address>
         <size>0xa8</size>
         <alignment>0x4</alignment>
         <input_file_ref idref="fl-4"/>
      </object_component>
      <object_component id="oc-8b">
         <name>.text.Incremental_PID</name>
         <load_address>0x2778</load_address>
         <readonly>true</readonly>
         <executable>true</executable>
         <run_address>0x2778</run_address>
         <size>0x9c</size>
         <alignment>0x2</alignment>
         <input_file_ref idref="fl-5"/>
      </object_component>
      <object_component id="oc-117">
         <name>.text:memcpy</name>
         <load_address>0x2814</load_address>
         <readonly>true</readonly>
         <executable>true</executable>
         <run_address>0x2814</run_address>
         <size>0x9a</size>
         <alignment>0x1</alignment>
         <input_file_ref idref="fl-f2"/>
      </object_component>
      <object_component id="oc-1d0">
         <name>.text.__aeabi_idiv0</name>
         <load_address>0x28ae</load_address>
         <readonly>true</readonly>
         <executable>true</executable>
         <run_address>0x28ae</run_address>
         <size>0x2</size>
         <alignment>0x2</alignment>
         <input_file_ref idref="fl-f1"/>
      </object_component>
      <object_component id="oc-87">
         <name>.text.__mulsf3</name>
         <load_address>0x28b0</load_address>
         <readonly>true</readonly>
         <executable>true</executable>
         <run_address>0x28b0</run_address>
         <size>0x8c</size>
         <alignment>0x4</alignment>
         <input_file_ref idref="fl-e4"/>
      </object_component>
      <object_component id="oc-b0">
         <name>.text.motor</name>
         <load_address>0x293c</load_address>
         <readonly>true</readonly>
         <executable>true</executable>
         <run_address>0x293c</run_address>
         <size>0x8c</size>
         <alignment>0x4</alignment>
         <input_file_ref idref="fl-4"/>
      </object_component>
      <object_component id="oc-129">
         <name>.text.Encoder_Init</name>
         <load_address>0x29c8</load_address>
         <readonly>true</readonly>
         <executable>true</executable>
         <run_address>0x29c8</run_address>
         <size>0x88</size>
         <alignment>0x4</alignment>
         <input_file_ref idref="fl-1"/>
      </object_component>
      <object_component id="oc-12d">
         <name>.text.GyroControl_Init</name>
         <load_address>0x2a50</load_address>
         <readonly>true</readonly>
         <executable>true</executable>
         <run_address>0x2a50</run_address>
         <size>0x84</size>
         <alignment>0x4</alignment>
         <input_file_ref idref="fl-3"/>
      </object_component>
      <object_component id="oc-17b">
         <name>.text.SYSCFG_DL_Gyro_init</name>
         <load_address>0x2ad4</load_address>
         <readonly>true</readonly>
         <executable>true</executable>
         <run_address>0x2ad4</run_address>
         <size>0x84</size>
         <alignment>0x4</alignment>
         <input_file_ref idref="fl-9"/>
      </object_component>
      <object_component id="oc-102">
         <name>.text.__divsf3</name>
         <load_address>0x2b58</load_address>
         <readonly>true</readonly>
         <executable>true</executable>
         <run_address>0x2b58</run_address>
         <size>0x82</size>
         <alignment>0x4</alignment>
         <input_file_ref idref="fl-e5"/>
      </object_component>
      <object_component id="oc-17c">
         <name>.text.SYSCFG_DL_HC_init</name>
         <load_address>0x2bdc</load_address>
         <readonly>true</readonly>
         <executable>true</executable>
         <run_address>0x2bdc</run_address>
         <size>0x80</size>
         <alignment>0x4</alignment>
         <input_file_ref idref="fl-9"/>
      </object_component>
      <object_component id="oc-1c">
         <name>.text:decompress:lzss</name>
         <load_address>0x2c5c</load_address>
         <readonly>true</readonly>
         <executable>true</executable>
         <run_address>0x2c5c</run_address>
         <size>0x7c</size>
         <alignment>0x4</alignment>
         <input_file_ref idref="fl-3f"/>
      </object_component>
      <object_component id="oc-130">
         <name>.text.OLED_ClearArea</name>
         <load_address>0x2cd8</load_address>
         <readonly>true</readonly>
         <executable>true</executable>
         <run_address>0x2cd8</run_address>
         <size>0x70</size>
         <alignment>0x4</alignment>
         <input_file_ref idref="fl-d"/>
      </object_component>
      <object_component id="oc-173">
         <name>.text.SYSCFG_DL_initPower</name>
         <load_address>0x2d48</load_address>
         <readonly>true</readonly>
         <executable>true</executable>
         <run_address>0x2d48</run_address>
         <size>0x70</size>
         <alignment>0x4</alignment>
         <input_file_ref idref="fl-9"/>
      </object_component>
      <object_component id="oc-34">
         <name>.text.GROUP1_IRQHandler</name>
         <load_address>0x2db8</load_address>
         <readonly>true</readonly>
         <executable>true</executable>
         <run_address>0x2db8</run_address>
         <size>0x64</size>
         <alignment>0x4</alignment>
         <input_file_ref idref="fl-2"/>
      </object_component>
      <object_component id="oc-fe">
         <name>.text.digtal</name>
         <load_address>0x2e1c</load_address>
         <readonly>true</readonly>
         <executable>true</executable>
         <run_address>0x2e1c</run_address>
         <size>0x64</size>
         <alignment>0x4</alignment>
         <input_file_ref idref="fl-e"/>
      </object_component>
      <object_component id="oc-ec">
         <name>.text.__aeabi_fcmp</name>
         <load_address>0x2e80</load_address>
         <readonly>true</readonly>
         <executable>true</executable>
         <run_address>0x2e80</run_address>
         <size>0x62</size>
         <alignment>0x4</alignment>
         <input_file_ref idref="fl-ea"/>
      </object_component>
      <object_component id="oc-172">
         <name>.text:memset</name>
         <load_address>0x2ee2</load_address>
         <readonly>true</readonly>
         <executable>true</executable>
         <run_address>0x2ee2</run_address>
         <size>0x62</size>
         <alignment>0x1</alignment>
         <input_file_ref idref="fl-f3"/>
      </object_component>
      <object_component id="oc-12e">
         <name>.text.OLED_ShowString</name>
         <load_address>0x2f44</load_address>
         <readonly>true</readonly>
         <executable>true</executable>
         <run_address>0x2f44</run_address>
         <size>0x60</size>
         <alignment>0x2</alignment>
         <input_file_ref idref="fl-d"/>
      </object_component>
      <object_component id="oc-1c9">
         <name>.text.DL_I2C_fillControllerTXFIFO</name>
         <load_address>0x2fa4</load_address>
         <readonly>true</readonly>
         <executable>true</executable>
         <run_address>0x2fa4</run_address>
         <size>0x5e</size>
         <alignment>0x2</alignment>
         <input_file_ref idref="fl-1e"/>
      </object_component>
      <object_component id="oc-17a">
         <name>.text.SYSCFG_DL_OLED_init</name>
         <load_address>0x3004</load_address>
         <readonly>true</readonly>
         <executable>true</executable>
         <run_address>0x3004</run_address>
         <size>0x54</size>
         <alignment>0x4</alignment>
         <input_file_ref idref="fl-9"/>
      </object_component>
      <object_component id="oc-b8">
         <name>.text.checkLineFound</name>
         <load_address>0x3058</load_address>
         <readonly>true</readonly>
         <executable>true</executable>
         <run_address>0x3058</run_address>
         <size>0x50</size>
         <alignment>0x2</alignment>
         <input_file_ref idref="fl-c"/>
      </object_component>
      <object_component id="oc-179">
         <name>.text.SYSCFG_DL_Pathfinding_TIM_init</name>
         <load_address>0x30a8</load_address>
         <readonly>true</readonly>
         <executable>true</executable>
         <run_address>0x30a8</run_address>
         <size>0x4c</size>
         <alignment>0x4</alignment>
         <input_file_ref idref="fl-9"/>
      </object_component>
      <object_component id="oc-1c4">
         <name>.text.DL_UART_init</name>
         <load_address>0x30f4</load_address>
         <readonly>true</readonly>
         <executable>true</executable>
         <run_address>0x30f4</run_address>
         <size>0x48</size>
         <alignment>0x4</alignment>
         <input_file_ref idref="fl-20"/>
      </object_component>
      <object_component id="oc-178">
         <name>.text.SYSCFG_DL_PID_TIM_init</name>
         <load_address>0x313c</load_address>
         <readonly>true</readonly>
         <executable>true</executable>
         <run_address>0x313c</run_address>
         <size>0x48</size>
         <alignment>0x4</alignment>
         <input_file_ref idref="fl-9"/>
      </object_component>
      <object_component id="oc-1ab">
         <name>.text.DL_SYSCTL_switchMCLKfromSYSOSCtoHSCLK</name>
         <load_address>0x3184</load_address>
         <readonly>true</readonly>
         <executable>true</executable>
         <run_address>0x3184</run_address>
         <size>0x44</size>
         <alignment>0x4</alignment>
         <input_file_ref idref="fl-21"/>
      </object_component>
      <object_component id="oc-39">
         <name>.text.UART1_IRQHandler</name>
         <load_address>0x31c8</load_address>
         <readonly>true</readonly>
         <executable>true</executable>
         <run_address>0x31c8</run_address>
         <size>0x44</size>
         <alignment>0x4</alignment>
         <input_file_ref idref="fl-7"/>
      </object_component>
      <object_component id="oc-18d">
         <name>.text.__aeabi_uidivmod</name>
         <load_address>0x320c</load_address>
         <readonly>true</readonly>
         <executable>true</executable>
         <run_address>0x320c</run_address>
         <size>0x40</size>
         <alignment>0x4</alignment>
         <input_file_ref idref="fl-ee"/>
      </object_component>
      <object_component id="oc-11c">
         <name>.text.SYSCFG_DL_init</name>
         <load_address>0x324c</load_address>
         <readonly>true</readonly>
         <executable>true</executable>
         <run_address>0x324c</run_address>
         <size>0x3c</size>
         <alignment>0x4</alignment>
         <input_file_ref idref="fl-9"/>
      </object_component>
      <object_component id="oc-83">
         <name>.text.__floatsisf</name>
         <load_address>0x3288</load_address>
         <readonly>true</readonly>
         <executable>true</executable>
         <run_address>0x3288</run_address>
         <size>0x3c</size>
         <alignment>0x4</alignment>
         <input_file_ref idref="fl-e8"/>
      </object_component>
      <object_component id="oc-163">
         <name>.text.__gtsf2</name>
         <load_address>0x32c4</load_address>
         <readonly>true</readonly>
         <executable>true</executable>
         <run_address>0x32c4</run_address>
         <size>0x3c</size>
         <alignment>0x4</alignment>
         <input_file_ref idref="fl-ef"/>
      </object_component>
      <object_component id="oc-14b">
         <name>.text:__TI_auto_init_nobinit_nopinit</name>
         <load_address>0x3300</load_address>
         <readonly>true</readonly>
         <executable>true</executable>
         <run_address>0x3300</run_address>
         <size>0x3c</size>
         <alignment>0x4</alignment>
         <input_file_ref idref="fl-3a"/>
      </object_component>
      <object_component id="oc-15e">
         <name>.text.__eqsf2</name>
         <load_address>0x333c</load_address>
         <readonly>true</readonly>
         <executable>true</executable>
         <run_address>0x333c</run_address>
         <size>0x3a</size>
         <alignment>0x4</alignment>
         <input_file_ref idref="fl-ef"/>
      </object_component>
      <object_component id="oc-e7">
         <name>.text.__muldsi3</name>
         <load_address>0x3378</load_address>
         <readonly>true</readonly>
         <executable>true</executable>
         <run_address>0x3378</run_address>
         <size>0x3a</size>
         <alignment>0x4</alignment>
         <input_file_ref idref="fl-f0"/>
      </object_component>
      <object_component id="oc-91">
         <name>.text.__fixsfsi</name>
         <load_address>0x33b4</load_address>
         <readonly>true</readonly>
         <executable>true</executable>
         <run_address>0x33b4</run_address>
         <size>0x38</size>
         <alignment>0x4</alignment>
         <input_file_ref idref="fl-e6"/>
      </object_component>
      <object_component id="oc-133">
         <name>.text.__fixunssfsi</name>
         <load_address>0x33ec</load_address>
         <readonly>true</readonly>
         <executable>true</executable>
         <run_address>0x33ec</run_address>
         <size>0x32</size>
         <alignment>0x4</alignment>
         <input_file_ref idref="fl-e7"/>
      </object_component>
      <object_component id="oc-65">
         <name>.text:_c_int00_noargs</name>
         <load_address>0x3420</load_address>
         <readonly>true</readonly>
         <executable>true</executable>
         <run_address>0x3420</run_address>
         <size>0x28</size>
         <alignment>0x4</alignment>
         <input_file_ref idref="fl-38"/>
      </object_component>
      <object_component id="oc-1b7">
         <name>.text.DL_I2C_setClockConfig</name>
         <load_address>0x3448</load_address>
         <readonly>true</readonly>
         <executable>true</executable>
         <run_address>0x3448</run_address>
         <size>0x26</size>
         <alignment>0x2</alignment>
         <input_file_ref idref="fl-1e"/>
      </object_component>
      <object_component id="oc-131">
         <name>.text.Clear_BLERX_BUFF</name>
         <load_address>0x3470</load_address>
         <readonly>true</readonly>
         <executable>true</executable>
         <run_address>0x3470</run_address>
         <size>0x24</size>
         <alignment>0x4</alignment>
         <input_file_ref idref="fl-7"/>
      </object_component>
      <object_component id="oc-12a">
         <name>.text.Encoder_GPIO_Init</name>
         <load_address>0x3494</load_address>
         <readonly>true</readonly>
         <executable>true</executable>
         <run_address>0x3494</run_address>
         <size>0x20</size>
         <alignment>0x4</alignment>
         <input_file_ref idref="fl-2"/>
      </object_component>
      <object_component id="oc-128">
         <name>.text.Motor_Init</name>
         <load_address>0x34b4</load_address>
         <readonly>true</readonly>
         <executable>true</executable>
         <run_address>0x34b4</run_address>
         <size>0x20</size>
         <alignment>0x4</alignment>
         <input_file_ref idref="fl-4"/>
      </object_component>
      <object_component id="oc-3e">
         <name>.text.UART2_IRQHandler</name>
         <load_address>0x34d4</load_address>
         <readonly>true</readonly>
         <executable>true</executable>
         <run_address>0x34d4</run_address>
         <size>0x20</size>
         <alignment>0x4</alignment>
         <input_file_ref idref="fl-8"/>
      </object_component>
      <object_component id="oc-1e3">
         <name>.text.DL_SYSCTL_configFCC</name>
         <load_address>0x34f4</load_address>
         <readonly>true</readonly>
         <executable>true</executable>
         <run_address>0x34f4</run_address>
         <size>0x1c</size>
         <alignment>0x4</alignment>
         <input_file_ref idref="fl-21"/>
      </object_component>
      <object_component id="oc-1af">
         <name>.text.DL_Timer_setCaptCompUpdateMethod</name>
         <load_address>0x3510</load_address>
         <readonly>true</readonly>
         <executable>true</executable>
         <run_address>0x3510</run_address>
         <size>0x1c</size>
         <alignment>0x4</alignment>
         <input_file_ref idref="fl-1f"/>
      </object_component>
      <object_component id="oc-18b">
         <name>.text.DL_Timer_setClockConfig</name>
         <load_address>0x352c</load_address>
         <readonly>true</readonly>
         <executable>true</executable>
         <run_address>0x352c</run_address>
         <size>0x1c</size>
         <alignment>0x4</alignment>
         <input_file_ref idref="fl-1f"/>
      </object_component>
      <object_component id="oc-12b">
         <name>.text.Bluetooth_Init</name>
         <load_address>0x3548</load_address>
         <readonly>true</readonly>
         <executable>true</executable>
         <run_address>0x3548</run_address>
         <size>0x18</size>
         <alignment>0x4</alignment>
         <input_file_ref idref="fl-7"/>
      </object_component>
      <object_component id="oc-1ae">
         <name>.text.DL_Timer_setCaptureCompareOutCtl</name>
         <load_address>0x3560</load_address>
         <readonly>true</readonly>
         <executable>true</executable>
         <run_address>0x3560</run_address>
         <size>0x18</size>
         <alignment>0x4</alignment>
         <input_file_ref idref="fl-1f"/>
      </object_component>
      <object_component id="oc-1be">
         <name>.text.DL_UART_setClockConfig</name>
         <load_address>0x3578</load_address>
         <readonly>true</readonly>
         <executable>true</executable>
         <run_address>0x3578</run_address>
         <size>0x12</size>
         <alignment>0x2</alignment>
         <input_file_ref idref="fl-20"/>
      </object_component>
      <object_component id="oc-20">
         <name>.text:decompress:none</name>
         <load_address>0x358a</load_address>
         <readonly>true</readonly>
         <executable>true</executable>
         <run_address>0x358a</run_address>
         <size>0x12</size>
         <alignment>0x2</alignment>
         <input_file_ref idref="fl-3e"/>
      </object_component>
      <object_component id="oc-f3">
         <name>.text.DL_Timer_setCaptureCompareValue</name>
         <load_address>0x359c</load_address>
         <readonly>true</readonly>
         <executable>true</executable>
         <run_address>0x359c</run_address>
         <size>0x10</size>
         <alignment>0x4</alignment>
         <input_file_ref idref="fl-1f"/>
      </object_component>
      <object_component id="oc-7e">
         <name>.text.Encoder3_Get</name>
         <load_address>0x35ac</load_address>
         <readonly>true</readonly>
         <executable>true</executable>
         <run_address>0x35ac</run_address>
         <size>0x10</size>
         <alignment>0x4</alignment>
         <input_file_ref idref="fl-1"/>
      </object_component>
      <object_component id="oc-9b">
         <name>.text.Encoder4_Get</name>
         <load_address>0x35bc</load_address>
         <readonly>true</readonly>
         <executable>true</executable>
         <run_address>0x35bc</run_address>
         <size>0x10</size>
         <alignment>0x4</alignment>
         <input_file_ref idref="fl-2"/>
      </object_component>
      <object_component id="oc-181">
         <name>.text.delay_ms</name>
         <load_address>0x35cc</load_address>
         <readonly>true</readonly>
         <executable>true</executable>
         <run_address>0x35cc</run_address>
         <size>0x10</size>
         <alignment>0x4</alignment>
         <input_file_ref idref="fl-f"/>
      </object_component>
      <object_component id="oc-62">
         <name>.text:decompress:ZI</name>
         <load_address>0x35dc</load_address>
         <readonly>true</readonly>
         <executable>true</executable>
         <run_address>0x35dc</run_address>
         <size>0x10</size>
         <alignment>0x2</alignment>
         <input_file_ref idref="fl-3d"/>
      </object_component>
      <object_component id="oc-b1">
         <name>.text.GyroControl_SetTarget</name>
         <load_address>0x35ec</load_address>
         <readonly>true</readonly>
         <executable>true</executable>
         <run_address>0x35ec</run_address>
         <size>0xc</size>
         <alignment>0x4</alignment>
         <input_file_ref idref="fl-3"/>
      </object_component>
      <object_component id="oc-10e">
         <name>.text.Gyro_GetRateZ</name>
         <load_address>0x35f8</load_address>
         <readonly>true</readonly>
         <executable>true</executable>
         <run_address>0x35f8</run_address>
         <size>0xc</size>
         <alignment>0x4</alignment>
         <input_file_ref idref="fl-b"/>
      </object_component>
      <object_component id="oc-10d">
         <name>.text.Gyro_GetYaw</name>
         <load_address>0x3604</load_address>
         <readonly>true</readonly>
         <executable>true</executable>
         <run_address>0x3604</run_address>
         <size>0xc</size>
         <alignment>0x4</alignment>
         <input_file_ref idref="fl-b"/>
      </object_component>
      <object_component id="oc-c2">
         <name>.text.__aeabi_memclr</name>
         <load_address>0x3610</load_address>
         <readonly>true</readonly>
         <executable>true</executable>
         <run_address>0x3610</run_address>
         <size>0xc</size>
         <alignment>0x4</alignment>
         <input_file_ref idref="fl-ed"/>
      </object_component>
      <object_component id="oc-187">
         <name>.text.DL_Common_delayCycles</name>
         <load_address>0x361c</load_address>
         <readonly>true</readonly>
         <executable>true</executable>
         <run_address>0x361c</run_address>
         <size>0xa</size>
         <alignment>0x2</alignment>
         <input_file_ref idref="fl-1d"/>
      </object_component>
      <object_component id="oc-55">
         <name>.text.__aeabi_memcpy</name>
         <load_address>0x3628</load_address>
         <readonly>true</readonly>
         <executable>true</executable>
         <run_address>0x3628</run_address>
         <size>0x8</size>
         <alignment>0x4</alignment>
         <input_file_ref idref="fl-ec"/>
      </object_component>
      <object_component id="oc-144">
         <name>.text:abort</name>
         <load_address>0x3630</load_address>
         <readonly>true</readonly>
         <executable>true</executable>
         <run_address>0x3630</run_address>
         <size>0x6</size>
         <alignment>0x2</alignment>
         <input_file_ref idref="fl-40"/>
      </object_component>
      <object_component id="oc-192">
         <name>.text.HOSTexit</name>
         <load_address>0x3636</load_address>
         <readonly>true</readonly>
         <executable>true</executable>
         <run_address>0x3636</run_address>
         <size>0x4</size>
         <alignment>0x2</alignment>
         <input_file_ref idref="fl-e2"/>
      </object_component>
      <object_component id="oc-2f">
         <name>.text.Reset_Handler</name>
         <load_address>0x363a</load_address>
         <readonly>true</readonly>
         <executable>true</executable>
         <run_address>0x363a</run_address>
         <size>0x4</size>
         <alignment>0x2</alignment>
         <input_file_ref idref="fl-a"/>
      </object_component>
      <object_component id="oc-c7">
         <name>.text._system_pre_init</name>
         <load_address>0x363e</load_address>
         <readonly>true</readonly>
         <executable>true</executable>
         <run_address>0x363e</run_address>
         <size>0x4</size>
         <alignment>0x2</alignment>
         <input_file_ref idref="fl-3b"/>
      </object_component>
      <object_component id="oc-22c">
         <name>.cinit..data.load</name>
         <load_address>0x4ee8</load_address>
         <readonly>true</readonly>
         <run_address>0x4ee8</run_address>
         <size>0x10</size>
         <alignment>0x1</alignment>
      </object_component>
      <object_component id="oc-22a">
         <name>__TI_handler_table</name>
         <load_address>0x4ef8</load_address>
         <readonly>true</readonly>
         <run_address>0x4ef8</run_address>
         <size>0xc</size>
         <alignment>0x4</alignment>
      </object_component>
      <object_component id="oc-22d">
         <name>.cinit..bss.load</name>
         <load_address>0x4f04</load_address>
         <readonly>true</readonly>
         <run_address>0x4f04</run_address>
         <size>0x8</size>
         <alignment>0x4</alignment>
      </object_component>
      <object_component id="oc-22b">
         <name>__TI_cinit_table</name>
         <load_address>0x4f0c</load_address>
         <readonly>true</readonly>
         <run_address>0x4f0c</run_address>
         <size>0x10</size>
         <alignment>0x4</alignment>
      </object_component>
      <object_component id="oc-1cf">
         <name>.rodata.asc2_2412</name>
         <load_address>0x3648</load_address>
         <readonly>true</readonly>
         <run_address>0x3648</run_address>
         <size>0xd5c</size>
         <alignment>0x1</alignment>
         <input_file_ref idref="fl-d"/>
      </object_component>
      <object_component id="oc-1cd">
         <name>.rodata.asc2_1608</name>
         <load_address>0x43a4</load_address>
         <readonly>true</readonly>
         <run_address>0x43a4</run_address>
         <size>0x5f0</size>
         <alignment>0x1</alignment>
         <input_file_ref idref="fl-d"/>
      </object_component>
      <object_component id="oc-1ce">
         <name>.rodata.asc2_1206</name>
         <load_address>0x4994</load_address>
         <readonly>true</readonly>
         <run_address>0x4994</run_address>
         <size>0x474</size>
         <alignment>0x1</alignment>
         <input_file_ref idref="fl-d"/>
      </object_component>
      <object_component id="oc-1ac">
         <name>.rodata.gSYSPLLConfig</name>
         <load_address>0x4e08</load_address>
         <readonly>true</readonly>
         <run_address>0x4e08</run_address>
         <size>0x28</size>
         <alignment>0x4</alignment>
         <input_file_ref idref="fl-9"/>
      </object_component>
      <object_component id="oc-183">
         <name>.rodata.OLED_Init.init_cmds</name>
         <load_address>0x4e30</load_address>
         <readonly>true</readonly>
         <run_address>0x4e30</run_address>
         <size>0x1c</size>
         <alignment>0x1</alignment>
         <input_file_ref idref="fl-d"/>
      </object_component>
      <object_component id="oc-1b4">
         <name>.rodata.gPID_TIMTimerConfig</name>
         <load_address>0x4e4c</load_address>
         <readonly>true</readonly>
         <run_address>0x4e4c</run_address>
         <size>0x14</size>
         <alignment>0x4</alignment>
         <input_file_ref idref="fl-9"/>
      </object_component>
      <object_component id="oc-1b6">
         <name>.rodata.gPathfinding_TIMTimerConfig</name>
         <load_address>0x4e60</load_address>
         <readonly>true</readonly>
         <run_address>0x4e60</run_address>
         <size>0x14</size>
         <alignment>0x4</alignment>
         <input_file_ref idref="fl-9"/>
      </object_component>
      <object_component id="oc-137">
         <name>.rodata.str1.9517790425240694019.1</name>
         <load_address>0x4e74</load_address>
         <readonly>true</readonly>
         <run_address>0x4e74</run_address>
         <size>0x10</size>
         <alignment>0x1</alignment>
         <input_file_ref idref="fl-8"/>
      </object_component>
      <object_component id="oc-138">
         <name>.rodata.str1.254342170260855183.1</name>
         <load_address>0x4e84</load_address>
         <readonly>true</readonly>
         <run_address>0x4e84</run_address>
         <size>0xc</size>
         <alignment>0x1</alignment>
         <input_file_ref idref="fl-8"/>
      </object_component>
      <object_component id="oc-1c6">
         <name>.rodata.gGyroConfig</name>
         <load_address>0x4e90</load_address>
         <readonly>true</readonly>
         <run_address>0x4e90</run_address>
         <size>0xa</size>
         <alignment>0x2</alignment>
         <input_file_ref idref="fl-9"/>
      </object_component>
      <object_component id="oc-1c8">
         <name>.rodata.gHCConfig</name>
         <load_address>0x4e9a</load_address>
         <readonly>true</readonly>
         <run_address>0x4e9a</run_address>
         <size>0xa</size>
         <alignment>0x2</alignment>
         <input_file_ref idref="fl-9"/>
      </object_component>
      <object_component id="oc-1b1">
         <name>.rodata.gPWM_0Config</name>
         <load_address>0x4ea4</load_address>
         <readonly>true</readonly>
         <run_address>0x4ea4</run_address>
         <size>0x8</size>
         <alignment>0x4</alignment>
         <input_file_ref idref="fl-9"/>
      </object_component>
      <object_component id="oc-139">
         <name>.rodata.str1.14685083708502177989.1</name>
         <load_address>0x4eac</load_address>
         <readonly>true</readonly>
         <run_address>0x4eac</run_address>
         <size>0x5</size>
         <alignment>0x1</alignment>
         <input_file_ref idref="fl-8"/>
      </object_component>
      <object_component id="oc-13a">
         <name>.rodata.str1.17669528882079347314.1</name>
         <load_address>0x4eb1</load_address>
         <readonly>true</readonly>
         <run_address>0x4eb1</run_address>
         <size>0x5</size>
         <alignment>0x1</alignment>
         <input_file_ref idref="fl-8"/>
      </object_component>
      <object_component id="oc-f9">
         <name>.rodata.cst4</name>
         <load_address>0x4eb6</load_address>
         <readonly>true</readonly>
         <run_address>0x4eb6</run_address>
         <size>0x4</size>
         <alignment>0x1</alignment>
         <input_file_ref idref="fl-4"/>
      </object_component>
      <object_component id="oc-13e">
         <name>.rodata.str1.150872071346279890.1</name>
         <load_address>0x4eba</load_address>
         <readonly>true</readonly>
         <run_address>0x4eba</run_address>
         <size>0x4</size>
         <alignment>0x1</alignment>
         <input_file_ref idref="fl-8"/>
      </object_component>
      <object_component id="oc-13f">
         <name>.rodata.str1.15706828512682300538.1</name>
         <load_address>0x4ebe</load_address>
         <readonly>true</readonly>
         <run_address>0x4ebe</run_address>
         <size>0x4</size>
         <alignment>0x1</alignment>
         <input_file_ref idref="fl-8"/>
      </object_component>
      <object_component id="oc-1b3">
         <name>.rodata.gPID_TIMClockConfig</name>
         <load_address>0x4ec2</load_address>
         <readonly>true</readonly>
         <run_address>0x4ec2</run_address>
         <size>0x3</size>
         <alignment>0x1</alignment>
         <input_file_ref idref="fl-9"/>
      </object_component>
      <object_component id="oc-1b0">
         <name>.rodata.gPWM_0ClockConfig</name>
         <load_address>0x4ec5</load_address>
         <readonly>true</readonly>
         <run_address>0x4ec5</run_address>
         <size>0x3</size>
         <alignment>0x1</alignment>
         <input_file_ref idref="fl-9"/>
      </object_component>
      <object_component id="oc-1b5">
         <name>.rodata.gPathfinding_TIMClockConfig</name>
         <load_address>0x4ec8</load_address>
         <readonly>true</readonly>
         <run_address>0x4ec8</run_address>
         <size>0x3</size>
         <alignment>0x1</alignment>
         <input_file_ref idref="fl-9"/>
      </object_component>
      <object_component id="oc-13b">
         <name>.rodata.str1.11898133897667081452.1</name>
         <load_address>0x4ecb</load_address>
         <readonly>true</readonly>
         <run_address>0x4ecb</run_address>
         <size>0x3</size>
         <alignment>0x1</alignment>
         <input_file_ref idref="fl-8"/>
      </object_component>
      <object_component id="oc-13d">
         <name>.rodata.str1.16704889451495720520.1</name>
         <load_address>0x4ece</load_address>
         <readonly>true</readonly>
         <run_address>0x4ece</run_address>
         <size>0x3</size>
         <alignment>0x1</alignment>
         <input_file_ref idref="fl-8"/>
      </object_component>
      <object_component id="oc-141">
         <name>.rodata.str1.17686411042290499047.1</name>
         <load_address>0x4ed1</load_address>
         <readonly>true</readonly>
         <run_address>0x4ed1</run_address>
         <size>0x3</size>
         <alignment>0x1</alignment>
         <input_file_ref idref="fl-8"/>
      </object_component>
      <object_component id="oc-140">
         <name>.rodata.str1.2196762768037919588.1</name>
         <load_address>0x4ed4</load_address>
         <readonly>true</readonly>
         <run_address>0x4ed4</run_address>
         <size>0x3</size>
         <alignment>0x1</alignment>
         <input_file_ref idref="fl-8"/>
      </object_component>
      <object_component id="oc-13c">
         <name>.rodata.str1.7401042497206923953.1</name>
         <load_address>0x4ed7</load_address>
         <readonly>true</readonly>
         <run_address>0x4ed7</run_address>
         <size>0x3</size>
         <alignment>0x1</alignment>
         <input_file_ref idref="fl-8"/>
      </object_component>
      <object_component id="oc-1c5">
         <name>.rodata.gGyroClockConfig</name>
         <load_address>0x4eda</load_address>
         <readonly>true</readonly>
         <run_address>0x4eda</run_address>
         <size>0x2</size>
         <alignment>0x1</alignment>
         <input_file_ref idref="fl-9"/>
      </object_component>
      <object_component id="oc-1c7">
         <name>.rodata.gHCClockConfig</name>
         <load_address>0x4edc</load_address>
         <readonly>true</readonly>
         <run_address>0x4edc</run_address>
         <size>0x2</size>
         <alignment>0x1</alignment>
         <input_file_ref idref="fl-9"/>
      </object_component>
      <object_component id="oc-1bd">
         <name>.rodata.gOLEDClockConfig</name>
         <load_address>0x4ede</load_address>
         <readonly>true</readonly>
         <run_address>0x4ede</run_address>
         <size>0x2</size>
         <alignment>0x1</alignment>
         <input_file_ref idref="fl-9"/>
      </object_component>
      <object_component id="oc-142">
         <name>.rodata.str1.9410084661655729462.1</name>
         <load_address>0x4ee0</load_address>
         <readonly>true</readonly>
         <run_address>0x4ee0</run_address>
         <size>0x2</size>
         <alignment>0x1</alignment>
         <input_file_ref idref="fl-8"/>
      </object_component>
      <object_component id="oc-1f4">
         <name>.binit</name>
         <load_address>0x0</load_address>
         <readonly>true</readonly>
         <run_address>0x0</run_address>
         <size>0x0</size>
         <alignment>0x4</alignment>
      </object_component>
      <object_component id="oc-6c">
         <name>.data.encoder_count</name>
         <load_address>0x20200890</load_address>
         <readwrite>true</readwrite>
         <run_address>0x20200890</run_address>
         <size>0x4</size>
         <alignment>0x4</alignment>
         <input_file_ref idref="fl-2"/>
      </object_component>
      <object_component id="oc-10f">
         <name>.data.gyroDir</name>
         <load_address>0x202008ce</load_address>
         <readwrite>true</readwrite>
         <run_address>0x202008ce</run_address>
         <size>0x1</size>
         <alignment>0x1</alignment>
         <input_file_ref idref="fl-3"/>
      </object_component>
      <object_component id="oc-72">
         <name>.data.BLERX_FLAG</name>
         <load_address>0x202008c8</load_address>
         <readwrite>true</readwrite>
         <run_address>0x202008c8</run_address>
         <size>0x1</size>
         <alignment>0x1</alignment>
         <input_file_ref idref="fl-7"/>
      </object_component>
      <object_component id="oc-70">
         <name>.data.BLERX_LEN</name>
         <load_address>0x202008c9</load_address>
         <readwrite>true</readwrite>
         <run_address>0x202008c9</run_address>
         <size>0x1</size>
         <alignment>0x1</alignment>
         <input_file_ref idref="fl-7"/>
      </object_component>
      <object_component id="oc-143">
         <name>.data.last_ble_data</name>
         <load_address>0x2020078c</load_address>
         <readwrite>true</readwrite>
         <run_address>0x2020078c</run_address>
         <size>0x100</size>
         <alignment>0x4</alignment>
         <input_file_ref idref="fl-8"/>
      </object_component>
      <object_component id="oc-d6">
         <name>.data.Gyro_ParseByte.ucRxCnt</name>
         <load_address>0x202008ca</load_address>
         <readwrite>true</readwrite>
         <run_address>0x202008ca</run_address>
         <size>0x1</size>
         <alignment>0x1</alignment>
         <input_file_ref idref="fl-b"/>
      </object_component>
      <object_component id="oc-de">
         <name>.data.g_rate.0</name>
         <load_address>0x202008ac</load_address>
         <readwrite>true</readwrite>
         <run_address>0x202008ac</run_address>
         <size>0x4</size>
         <alignment>0x4</alignment>
         <input_file_ref idref="fl-b"/>
      </object_component>
      <object_component id="oc-df">
         <name>.data.g_rate.1</name>
         <load_address>0x202008b0</load_address>
         <readwrite>true</readwrite>
         <run_address>0x202008b0</run_address>
         <size>0x4</size>
         <alignment>0x4</alignment>
         <input_file_ref idref="fl-b"/>
      </object_component>
      <object_component id="oc-e0">
         <name>.data.g_rate.2</name>
         <load_address>0x202008b4</load_address>
         <readwrite>true</readwrite>
         <run_address>0x202008b4</run_address>
         <size>0x4</size>
         <alignment>0x4</alignment>
         <input_file_ref idref="fl-b"/>
      </object_component>
      <object_component id="oc-db">
         <name>.data.g_angle.0</name>
         <load_address>0x202008a0</load_address>
         <readwrite>true</readwrite>
         <run_address>0x202008a0</run_address>
         <size>0x4</size>
         <alignment>0x4</alignment>
         <input_file_ref idref="fl-b"/>
      </object_component>
      <object_component id="oc-dc">
         <name>.data.g_angle.1</name>
         <load_address>0x202008a4</load_address>
         <readwrite>true</readwrite>
         <run_address>0x202008a4</run_address>
         <size>0x4</size>
         <alignment>0x4</alignment>
         <input_file_ref idref="fl-b"/>
      </object_component>
      <object_component id="oc-dd">
         <name>.data.g_angle.2</name>
         <load_address>0x202008a8</load_address>
         <readwrite>true</readwrite>
         <run_address>0x202008a8</run_address>
         <size>0x4</size>
         <alignment>0x4</alignment>
         <input_file_ref idref="fl-b"/>
      </object_component>
      <object_component id="oc-d8">
         <name>.data.g_accel.0</name>
         <load_address>0x20200894</load_address>
         <readwrite>true</readwrite>
         <run_address>0x20200894</run_address>
         <size>0x4</size>
         <alignment>0x4</alignment>
         <input_file_ref idref="fl-b"/>
      </object_component>
      <object_component id="oc-d9">
         <name>.data.g_accel.1</name>
         <load_address>0x20200898</load_address>
         <readwrite>true</readwrite>
         <run_address>0x20200898</run_address>
         <size>0x4</size>
         <alignment>0x4</alignment>
         <input_file_ref idref="fl-b"/>
      </object_component>
      <object_component id="oc-da">
         <name>.data.g_accel.2</name>
         <load_address>0x2020089c</load_address>
         <readwrite>true</readwrite>
         <run_address>0x2020089c</run_address>
         <size>0x4</size>
         <alignment>0x4</alignment>
         <input_file_ref idref="fl-b"/>
      </object_component>
      <object_component id="oc-ba">
         <name>.data.base_speed</name>
         <load_address>0x2020088c</load_address>
         <readwrite>true</readwrite>
         <run_address>0x2020088c</run_address>
         <size>0x4</size>
         <alignment>0x4</alignment>
         <input_file_ref idref="fl-c"/>
      </object_component>
      <object_component id="oc-b9">
         <name>.data.controlMode</name>
         <load_address>0x202008cc</load_address>
         <readwrite>true</readwrite>
         <run_address>0x202008cc</run_address>
         <size>0x1</size>
         <alignment>0x1</alignment>
         <input_file_ref idref="fl-c"/>
      </object_component>
      <object_component id="oc-107">
         <name>.data.controlModelast</name>
         <load_address>0x202008cd</load_address>
         <readwrite>true</readwrite>
         <run_address>0x202008cd</run_address>
         <size>0x1</size>
         <alignment>0x1</alignment>
         <input_file_ref idref="fl-c"/>
      </object_component>
      <object_component id="oc-109">
         <name>.data.yawWhenLost</name>
         <load_address>0x202008c4</load_address>
         <readwrite>true</readwrite>
         <run_address>0x202008c4</run_address>
         <size>0x4</size>
         <alignment>0x4</alignment>
         <input_file_ref idref="fl-c"/>
      </object_component>
      <object_component id="oc-bb">
         <name>.data.targetYaw</name>
         <load_address>0x202008bc</load_address>
         <readwrite>true</readwrite>
         <run_address>0x202008bc</run_address>
         <size>0x4</size>
         <alignment>0x4</alignment>
         <input_file_ref idref="fl-c"/>
      </object_component>
      <object_component id="oc-108">
         <name>.data.isLineLost</name>
         <load_address>0x202008d0</load_address>
         <readwrite>true</readwrite>
         <run_address>0x202008d0</run_address>
         <size>0x1</size>
         <alignment>0x1</alignment>
         <input_file_ref idref="fl-c"/>
      </object_component>
      <object_component id="oc-9e">
         <name>.data.gyroToLineFlag</name>
         <load_address>0x202008cf</load_address>
         <readwrite>true</readwrite>
         <run_address>0x202008cf</run_address>
         <size>0x1</size>
         <alignment>0x1</alignment>
         <input_file_ref idref="fl-c"/>
      </object_component>
      <object_component id="oc-167">
         <name>.data.check</name>
         <load_address>0x202008cb</load_address>
         <readwrite>true</readwrite>
         <run_address>0x202008cb</run_address>
         <size>0x1</size>
         <alignment>0x1</alignment>
         <input_file_ref idref="fl-e"/>
      </object_component>
      <object_component id="oc-9d">
         <name>.data.pid_enabled</name>
         <load_address>0x202008d1</load_address>
         <readwrite>true</readwrite>
         <run_address>0x202008d1</run_address>
         <size>0x1</size>
         <alignment>0x1</alignment>
         <input_file_ref idref="fl-f"/>
      </object_component>
      <object_component id="oc-a0">
         <name>.data.timer6Count</name>
         <load_address>0x202008c0</load_address>
         <readwrite>true</readwrite>
         <run_address>0x202008c0</run_address>
         <size>0x4</size>
         <alignment>0x4</alignment>
         <input_file_ref idref="fl-f"/>
      </object_component>
      <object_component id="oc-9c">
         <name>.data.i</name>
         <load_address>0x202008b8</load_address>
         <readwrite>true</readwrite>
         <run_address>0x202008b8</run_address>
         <size>0x4</size>
         <alignment>0x4</alignment>
         <input_file_ref idref="fl-f"/>
      </object_component>
      <object_component id="oc-d7">
         <name>.bss.Gyro_ParseByte.ucRxBuffer</name>
         <uninitialized>true</uninitialized>
         <readwrite>true</readwrite>
         <run_address>0x20200780</run_address>
         <size>0xb</size>
         <alignment>0x1</alignment>
         <input_file_ref idref="fl-b"/>
      </object_component>
      <object_component id="oc-110">
         <name>.common:GyroPID_Angle</name>
         <uninitialized>true</uninitialized>
         <readwrite>true</readwrite>
         <run_address>0x20200738</run_address>
         <size>0x24</size>
         <alignment>0x4</alignment>
      </object_component>
      <object_component id="oc-111">
         <name>.common:GyroPID_Gyro</name>
         <uninitialized>true</uninitialized>
         <readwrite>true</readwrite>
         <run_address>0x2020075c</run_address>
         <size>0x24</size>
         <alignment>0x4</alignment>
      </object_component>
      <object_component id="oc-bc">
         <name>.common:GyroControl</name>
         <uninitialized>true</uninitialized>
         <readwrite>true</readwrite>
         <run_address>0x20200710</run_address>
         <size>0x28</size>
         <alignment>0x4</alignment>
      </object_component>
      <object_component id="oc-a1">
         <name>.common:PID_MotorA</name>
         <uninitialized>true</uninitialized>
         <readwrite>true</readwrite>
         <run_address>0x202006b0</run_address>
         <size>0x30</size>
         <alignment>0x4</alignment>
      </object_component>
      <object_component id="oc-a2">
         <name>.common:PID_MotorB</name>
         <uninitialized>true</uninitialized>
         <readwrite>true</readwrite>
         <run_address>0x202006e0</run_address>
         <size>0x30</size>
         <alignment>0x4</alignment>
      </object_component>
      <object_component id="oc-bd">
         <name>.common:PID_findway</name>
         <uninitialized>true</uninitialized>
         <readwrite>true</readwrite>
         <run_address>0x20200678</run_address>
         <size>0x38</size>
         <alignment>0x4</alignment>
      </object_component>
      <object_component id="oc-71">
         <name>.common:BLERX_BUFF</name>
         <uninitialized>true</uninitialized>
         <readwrite>true</readwrite>
         <run_address>0x20200400</run_address>
         <size>0x100</size>
         <alignment>0x1</alignment>
      </object_component>
      <object_component id="oc-17d">
         <name>.common:gPWM_0Backup</name>
         <uninitialized>true</uninitialized>
         <readwrite>true</readwrite>
         <run_address>0x20200500</run_address>
         <size>0xbc</size>
         <alignment>0x4</alignment>
      </object_component>
      <object_component id="oc-17e">
         <name>.common:gPathfinding_TIMBackup</name>
         <uninitialized>true</uninitialized>
         <readwrite>true</readwrite>
         <run_address>0x202005bc</run_address>
         <size>0xbc</size>
         <alignment>0x4</alignment>
      </object_component>
      <object_component id="oc-184">
         <name>.common:OLED_GRAM</name>
         <uninitialized>true</uninitialized>
         <readwrite>true</readwrite>
         <run_address>0x20200000</run_address>
         <size>0x400</size>
         <alignment>0x1</alignment>
      </object_component>
      <object_component id="oc-1a">
         <name>.stack</name>
         <uninitialized>true</uninitialized>
         <readwrite>true</readwrite>
         <run_address>0x20207e00</run_address>
         <size>0x4</size>
         <alignment>0x4</alignment>
         <input_file_ref idref="fl-38"/>
      </object_component>
      <object_component id="oc-22f">
         <name>.stack</name>
         <uninitialized>true</uninitialized>
         <readwrite>true</readwrite>
         <run_address>0x20207e00</run_address>
         <size>0x0</size>
         <alignment>0x8</alignment>
      </object_component>
      <object_component id="oc-e5">
         <name>.debug_loc</name>
         <load_address>0x0</load_address>
         <run_address>0x0</run_address>
         <size>0x36</size>
         <alignment>0x1</alignment>
         <input_file_ref idref="fl-1"/>
      </object_component>
      <object_component id="oc-6f">
         <name>.debug_loc</name>
         <load_address>0x36</load_address>
         <run_address>0x36</run_address>
         <size>0x36</size>
         <alignment>0x1</alignment>
         <input_file_ref idref="fl-2"/>
      </object_component>
      <object_component id="oc-b7">
         <name>.debug_loc</name>
         <load_address>0x6c</load_address>
         <run_address>0x6c</run_address>
         <size>0x1e0</size>
         <alignment>0x1</alignment>
         <input_file_ref idref="fl-3"/>
      </object_component>
      <object_component id="oc-98">
         <name>.debug_loc</name>
         <load_address>0x24c</load_address>
         <run_address>0x24c</run_address>
         <size>0x20b</size>
         <alignment>0x1</alignment>
         <input_file_ref idref="fl-4"/>
      </object_component>
      <object_component id="oc-8d">
         <name>.debug_loc</name>
         <load_address>0x457</load_address>
         <run_address>0x457</run_address>
         <size>0x59</size>
         <alignment>0x1</alignment>
         <input_file_ref idref="fl-5"/>
      </object_component>
      <object_component id="oc-75">
         <name>.debug_loc</name>
         <load_address>0x4b0</load_address>
         <run_address>0x4b0</run_address>
         <size>0x7f</size>
         <alignment>0x1</alignment>
         <input_file_ref idref="fl-7"/>
      </object_component>
      <object_component id="oc-41">
         <name>.debug_loc</name>
         <load_address>0x52f</load_address>
         <run_address>0x52f</run_address>
         <size>0x106</size>
         <alignment>0x1</alignment>
         <input_file_ref idref="fl-8"/>
      </object_component>
      <object_component id="oc-174">
         <name>.debug_loc</name>
         <load_address>0x635</load_address>
         <run_address>0x635</run_address>
         <size>0x320</size>
         <alignment>0x1</alignment>
         <input_file_ref idref="fl-9"/>
      </object_component>
      <object_component id="oc-79">
         <name>.debug_loc</name>
         <load_address>0x955</load_address>
         <run_address>0x955</run_address>
         <size>0xc2d</size>
         <alignment>0x1</alignment>
         <input_file_ref idref="fl-b"/>
      </object_component>
      <object_component id="oc-a8">
         <name>.debug_loc</name>
         <load_address>0x1582</load_address>
         <run_address>0x1582</run_address>
         <size>0x152</size>
         <alignment>0x1</alignment>
         <input_file_ref idref="fl-c"/>
      </object_component>
      <object_component id="oc-122">
         <name>.debug_loc</name>
         <load_address>0x16d4</load_address>
         <run_address>0x16d4</run_address>
         <size>0x24af</size>
         <alignment>0x1</alignment>
         <input_file_ref idref="fl-d"/>
      </object_component>
      <object_component id="oc-16a">
         <name>.debug_loc</name>
         <load_address>0x3b83</load_address>
         <run_address>0x3b83</run_address>
         <size>0x63</size>
         <alignment>0x1</alignment>
         <input_file_ref idref="fl-e"/>
      </object_component>
      <object_component id="oc-a5">
         <name>.debug_loc</name>
         <load_address>0x3be6</load_address>
         <run_address>0x3be6</run_address>
         <size>0x28</size>
         <alignment>0x1</alignment>
         <input_file_ref idref="fl-f"/>
      </object_component>
      <object_component id="oc-1cc">
         <name>.debug_loc</name>
         <load_address>0x3c0e</load_address>
         <run_address>0x3c0e</run_address>
         <size>0x13</size>
         <alignment>0x1</alignment>
         <input_file_ref idref="fl-1d"/>
      </object_component>
      <object_component id="oc-1bc">
         <name>.debug_loc</name>
         <load_address>0x3c21</load_address>
         <run_address>0x3c21</run_address>
         <size>0x37a</size>
         <alignment>0x1</alignment>
         <input_file_ref idref="fl-1e"/>
      </object_component>
      <object_component id="oc-f6">
         <name>.debug_loc</name>
         <load_address>0x3f9b</load_address>
         <run_address>0x3f9b</run_address>
         <size>0x1b12</size>
         <alignment>0x1</alignment>
         <input_file_ref idref="fl-1f"/>
      </object_component>
      <object_component id="oc-1c3">
         <name>.debug_loc</name>
         <load_address>0x5aad</load_address>
         <run_address>0x5aad</run_address>
         <size>0x7e4</size>
         <alignment>0x1</alignment>
         <input_file_ref idref="fl-20"/>
      </object_component>
      <object_component id="oc-1a6">
         <name>.debug_loc</name>
         <load_address>0x6291</load_address>
         <run_address>0x6291</run_address>
         <size>0x414</size>
         <alignment>0x1</alignment>
         <input_file_ref idref="fl-21"/>
      </object_component>
      <object_component id="oc-50">
         <name>.debug_loc</name>
         <load_address>0x66a5</load_address>
         <run_address>0x66a5</run_address>
         <size>0xd8</size>
         <alignment>0x1</alignment>
         <input_file_ref idref="fl-38"/>
      </object_component>
      <object_component id="oc-14c">
         <name>.debug_loc</name>
         <load_address>0x677d</load_address>
         <run_address>0x677d</run_address>
         <size>0x424</size>
         <alignment>0x1</alignment>
         <input_file_ref idref="fl-3a"/>
      </object_component>
      <object_component id="oc-5d">
         <name>.debug_loc</name>
         <load_address>0x6ba1</load_address>
         <run_address>0x6ba1</run_address>
         <size>0x16c</size>
         <alignment>0x1</alignment>
         <input_file_ref idref="fl-3d"/>
      </object_component>
      <object_component id="oc-5b">
         <name>.debug_loc</name>
         <load_address>0x6d0d</load_address>
         <run_address>0x6d0d</run_address>
         <size>0x6f</size>
         <alignment>0x1</alignment>
         <input_file_ref idref="fl-3e"/>
      </object_component>
      <object_component id="oc-53">
         <name>.debug_loc</name>
         <load_address>0x6d7c</load_address>
         <run_address>0x6d7c</run_address>
         <size>0x167</size>
         <alignment>0x1</alignment>
         <input_file_ref idref="fl-3f"/>
      </object_component>
      <object_component id="oc-14a">
         <name>.debug_loc</name>
         <load_address>0x6ee3</load_address>
         <run_address>0x6ee3</run_address>
         <size>0x26</size>
         <alignment>0x1</alignment>
         <input_file_ref idref="fl-40"/>
      </object_component>
      <object_component id="oc-1ea">
         <name>.debug_loc</name>
         <load_address>0x6f09</load_address>
         <run_address>0x6f09</run_address>
         <size>0x20</size>
         <alignment>0x1</alignment>
         <input_file_ref idref="fl-f1"/>
      </object_component>
      <object_component id="oc-e3">
         <name>.debug_abbrev</name>
         <load_address>0x0</load_address>
         <run_address>0x0</run_address>
         <size>0x1b8</size>
         <alignment>0x1</alignment>
         <input_file_ref idref="fl-1"/>
      </object_component>
      <object_component id="oc-6d">
         <name>.debug_abbrev</name>
         <load_address>0x1b8</load_address>
         <run_address>0x1b8</run_address>
         <size>0x1d2</size>
         <alignment>0x1</alignment>
         <input_file_ref idref="fl-2"/>
      </object_component>
      <object_component id="oc-10b">
         <name>.debug_abbrev</name>
         <load_address>0x38a</load_address>
         <run_address>0x38a</run_address>
         <size>0x11b</size>
         <alignment>0x1</alignment>
         <input_file_ref idref="fl-3"/>
      </object_component>
      <object_component id="oc-fa">
         <name>.debug_abbrev</name>
         <load_address>0x4a5</load_address>
         <run_address>0x4a5</run_address>
         <size>0x19a</size>
         <alignment>0x1</alignment>
         <input_file_ref idref="fl-4"/>
      </object_component>
      <object_component id="oc-f0">
         <name>.debug_abbrev</name>
         <load_address>0x63f</load_address>
[...]
      </symbol>
      <symbol id="sm-12f">
         <name>interruptVectors</name>
         <value>0x0</value>
         <object_component_ref idref="oc-18"/>
      </symbol>
      <symbol id="sm-130">
         <name>NMI_Handler</name>
         <value>0x97f</value>
         <object_component_ref idref="oc-33"/>
      </symbol>
      <symbol id="sm-131">
         <name>HardFault_Handler</name>
         <value>0x97f</value>
         <object_component_ref idref="oc-33"/>
      </symbol>
      <symbol id="sm-132">
         <name>SVC_Handler</name>
         <value>0x97f</value>
         <object_component_ref idref="oc-33"/>
      </symbol>
      <symbol id="sm-133">
         <name>PendSV_Handler</name>
         <value>0x97f</value>
         <object_component_ref idref="oc-33"/>
      </symbol>
      <symbol id="sm-134">
         <name>SysTick_Handler</name>
         <value>0x97f</value>
         <object_component_ref idref="oc-33"/>
      </symbol>
      <symbol id="sm-135">
         <name>GROUP0_IRQHandler</name>
         <value>0x97f</value>
         <object_component_ref idref="oc-33"/>
      </symbol>
      <symbol id="sm-136">
         <name>TIMG8_IRQHandler</name>
         <value>0x97f</value>
         <object_component_ref idref="oc-33"/>
      </symbol>
      <symbol id="sm-137">
         <name>UART3_IRQHandler</name>
         <value>0x97f</value>
         <object_component_ref idref="oc-33"/>
      </symbol>
      <symbol id="sm-138">
         <name>ADC0_IRQHandler</name>
         <value>0x97f</value>
         <object_component_ref idref="oc-33"/>
      </symbol>
      <symbol id="sm-139">
         <name>ADC1_IRQHandler</name>
         <value>0x97f</value>
         <object_component_ref idref="oc-33"/>
      </symbol>
      <symbol id="sm-13a">
         <name>CANFD0_IRQHandler</name>
         <value>0x97f</value>
         <object_component_ref idref="oc-33"/>
      </symbol>
      <symbol id="sm-13b">
         <name>DAC0_IRQHandler</name>
         <value>0x97f</value>
         <object_component_ref idref="oc-33"/>
      </symbol>
      <symbol id="sm-13c">
         <name>SPI0_IRQHandler</name>
         <value>0x97f</value>
         <object_component_ref idref="oc-33"/>
      </symbol>
      <symbol id="sm-13d">
         <name>SPI1_IRQHandler</name>
         <value>0x97f</value>
         <object_component_ref idref="oc-33"/>
      </symbol>
      <symbol id="sm-13e">
         <name>UART0_IRQHandler</name>
         <value>0x97f</value>
         <object_component_ref idref="oc-33"/>
      </symbol>
      <symbol id="sm-13f">
         <name>TIMG6_IRQHandler</name>
         <value>0x97f</value>
         <object_component_ref idref="oc-33"/>
      </symbol>
      <symbol id="sm-140">
         <name>TIMA0_IRQHandler</name>
         <value>0x97f</value>
         <object_component_ref idref="oc-33"/>
      </symbol>
      <symbol id="sm-141">
         <name>TIMG7_IRQHandler</name>
         <value>0x97f</value>
         <object_component_ref idref="oc-33"/>
      </symbol>
      <symbol id="sm-142">
         <name>TIMG12_IRQHandler</name>
         <value>0x97f</value>
         <object_component_ref idref="oc-33"/>
      </symbol>
      <symbol id="sm-143">
         <name>I2C0_IRQHandler</name>
         <value>0x97f</value>
         <object_component_ref idref="oc-33"/>
      </symbol>
      <symbol id="sm-144">
         <name>I2C1_IRQHandler</name>
         <value>0x97f</value>
         <object_component_ref idref="oc-33"/>
      </symbol>
      <symbol id="sm-145">
         <name>AES_IRQHandler</name>
         <value>0x97f</value>
         <object_component_ref idref="oc-33"/>
      </symbol>
      <symbol id="sm-146">
         <name>RTC_IRQHandler</name>
         <value>0x97f</value>
         <object_component_ref idref="oc-33"/>
      </symbol>
      <symbol id="sm-147">
         <name>DMA_IRQHandler</name>
         <value>0x97f</value>
         <object_component_ref idref="oc-33"/>
      </symbol>
      <symbol id="sm-16e">
         <name>Gyro_ParseByte</name>
         <value>0x14c9</value>
         <object_component_ref idref="oc-76"/>
      </symbol>
      <symbol id="sm-16f">
         <name>Gyro_GetYaw</name>
         <value>0x3605</value>
         <object_component_ref idref="oc-10d"/>
      </symbol>
      <symbol id="sm-170">
         <name>Gyro_GetRateZ</name>
         <value>0x35f9</value>
         <object_component_ref idref="oc-10e"/>
      </symbol>
      <symbol id="sm-17d">
         <name>track_zhixian1</name>
         <value>0x1259</value>
         <object_component_ref idref="oc-a6"/>
      </symbol>
      <symbol id="sm-17e">
         <name>controlMode</name>
         <value>0x202008cc</value>
         <object_component_ref idref="oc-b9"/>
      </symbol>
      <symbol id="sm-17f">
         <name>gyroToLineFlag</name>
         <value>0x202008cf</value>
         <object_component_ref idref="oc-9e"/>
      </symbol>
      <symbol id="sm-180">
         <name>controlModelast</name>
         <value>0x202008cd</value>
         <object_component_ref idref="oc-107"/>
      </symbol>
      <symbol id="sm-181">
         <name>isLineLost</name>
         <value>0x202008d0</value>
         <object_component_ref idref="oc-108"/>
      </symbol>
      <symbol id="sm-182">
         <name>yawWhenLost</name>
         <value>0x202008c4</value>
         <object_component_ref idref="oc-109"/>
      </symbol>
      <symbol id="sm-183">
         <name>targetYaw</name>
         <value>0x202008bc</value>
         <object_component_ref idref="oc-bb"/>
      </symbol>
      <symbol id="sm-184">
         <name>checkLineFound</name>
         <value>0x3059</value>
         <object_component_ref idref="oc-b8"/>
      </symbol>
      <symbol id="sm-185">
         <name>base_speed</name>
         <value>0x2020088c</value>
         <object_component_ref idref="oc-ba"/>
      </symbol>
      <symbol id="sm-1a6">
         <name>OLED_Refresh</name>
         <value>0x1cad</value>
         <object_component_ref idref="oc-12f"/>
      </symbol>
      <symbol id="sm-1a7">
         <name>OLED_GRAM</name>
         <value>0x20200000</value>
      </symbol>
      <symbol id="sm-1a8">
         <name>OLED_Clear</name>
         <value>0x1a2d</value>
         <object_component_ref idref="oc-127"/>
      </symbol>
      <symbol id="sm-1a9">
         <name>OLED_ClearArea</name>
         <value>0x2cd9</value>
         <object_component_ref idref="oc-130"/>
      </symbol>
      <symbol id="sm-1aa">
         <name>OLED_ShowChar</name>
         <value>0x18a5</value>
         <object_component_ref idref="oc-18c"/>
      </symbol>
      <symbol id="sm-1ab">
         <name>asc2_1608</name>
         <value>0x43a4</value>
         <object_component_ref idref="oc-1cd"/>
      </symbol>
      <symbol id="sm-1ac">
         <name>asc2_1206</name>
         <value>0x4994</value>
         <object_component_ref idref="oc-1ce"/>
      </symbol>
      <symbol id="sm-1ad">
         <name>asc2_2412</name>
         <value>0x3648</value>
         <object_component_ref idref="oc-1cf"/>
      </symbol>
      <symbol id="sm-1ae">
         <name>OLED_ShowString</name>
         <value>0x2f45</value>
         <object_component_ref idref="oc-12e"/>
      </symbol>
      <symbol id="sm-1af">
         <name>OLED_ShowNum</name>
         <value>0x5f1</value>
         <object_component_ref idref="oc-132"/>
      </symbol>
      <symbol id="sm-1b0">
         <name>OLED_Init</name>
         <value>0x16f1</value>
         <object_component_ref idref="oc-121"/>
      </symbol>
      <symbol id="sm-1bc">
         <name>digtal</name>
         <value>0x2e1d</value>
         <object_component_ref idref="oc-fe"/>
      </symbol>
      <symbol id="sm-1bd">
         <name>check</name>
         <value>0x202008cb</value>
         <object_component_ref idref="oc-167"/>
      </symbol>
      <symbol id="sm-1d0">
         <name>delay_ms</name>
         <value>0x35cd</value>
         <object_component_ref idref="oc-181"/>
      </symbol>
      <symbol id="sm-1d1">
         <name>TIMG0_IRQHandler</name>
         <value>0x23f9</value>
         <object_component_ref idref="oc-44"/>
      </symbol>
      <symbol id="sm-1d2">
         <name>pid_enabled</name>
         <value>0x202008d1</value>
         <object_component_ref idref="oc-9d"/>
      </symbol>
      <symbol id="sm-1d3">
         <name>timer6Count</name>
         <value>0x202008c0</value>
         <object_component_ref idref="oc-a0"/>
      </symbol>
      <symbol id="sm-1d4">
         <name>TIMA1_IRQHandler</name>
         <value>0x2339</value>
         <object_component_ref idref="oc-49"/>
      </symbol>
      <symbol id="sm-1d5">
         <name>__TI_ATRegion0_src_addr</name>
         <value>0x0</value>
      </symbol>
      <symbol id="sm-1d6">
         <name>__TI_ATRegion0_trg_addr</name>
         <value>0x0</value>
      </symbol>
      <symbol id="sm-1d7">
         <name>__TI_ATRegion0_region_sz</name>
         <value>0x0</value>
      </symbol>
      <symbol id="sm-1d8">
         <name>__TI_ATRegion1_src_addr</name>
         <value>0x0</value>
      </symbol>
      <symbol id="sm-1d9">
         <name>__TI_ATRegion1_trg_addr</name>
         <value>0x0</value>
      </symbol>
      <symbol id="sm-1da">
         <name>__TI_ATRegion1_region_sz</name>
         <value>0x0</value>
      </symbol>
      <symbol id="sm-1db">
         <name>__TI_ATRegion2_src_addr</name>
         <value>0x0</value>
      </symbol>
      <symbol id="sm-1dc">
         <name>__TI_ATRegion2_trg_addr</name>
         <value>0x0</value>
      </symbol>
      <symbol id="sm-1dd">
         <name>__TI_ATRegion2_region_sz</name>
         <value>0x0</value>
      </symbol>
      <symbol id="sm-1e6">
         <name>DL_Common_delayCycles</name>
         <value>0x361d</value>
         <object_component_ref idref="oc-187"/>
      </symbol>
      <symbol id="sm-1f2">
         <name>DL_I2C_setClockConfig</name>
         <value>0x3449</value>
         <object_component_ref idref="oc-1b7"/>
      </symbol>
      <symbol id="sm-1f3">
         <name>DL_I2C_fillControllerTXFIFO</name>
         <value>0x2fa5</value>
         <object_component_ref idref="oc-1c9"/>
      </symbol>
      <symbol id="sm-20f">
         <name>DL_Timer_setClockConfig</name>
         <value>0x352d</value>
         <object_component_ref idref="oc-18b"/>
      </symbol>
      <symbol id="sm-210">
         <name>DL_Timer_initTimerMode</name>
         <value>0x1ee9</value>
         <object_component_ref idref="oc-1b2"/>
      </symbol>
      <symbol id="sm-211">
         <name>DL_Timer_setCaptureCompareValue</name>
         <value>0x359d</value>
         <object_component_ref idref="oc-f3"/>
      </symbol>
      <symbol id="sm-212">
         <name>DL_Timer_setCaptCompUpdateMethod</name>
         <value>0x3511</value>
         <object_component_ref idref="oc-1af"/>
      </symbol>
      <symbol id="sm-213">
         <name>DL_Timer_setCaptureCompareOutCtl</name>
         <value>0x3561</value>
         <object_component_ref idref="oc-1ae"/>
      </symbol>
      <symbol id="sm-214">
         <name>DL_Timer_initFourCCPWMMode</name>
         <value>0x1de5</value>
         <object_component_ref idref="oc-1ad"/>
      </symbol>
      <symbol id="sm-221">
         <name>DL_UART_init</name>
         <value>0x30f5</value>
         <object_component_ref idref="oc-1c4"/>
      </symbol>
      <symbol id="sm-222">
         <name>DL_UART_setClockConfig</name>
         <value>0x3579</value>
         <object_component_ref idref="oc-1be"/>
      </symbol>
      <symbol id="sm-233">
         <name>DL_SYSCTL_configSYSPLL</name>
         <value>0x20c5</value>
         <object_component_ref idref="oc-1a4"/>
      </symbol>
      <symbol id="sm-234">
         <name>DL_SYSCTL_switchMCLKfromSYSOSCtoHSCLK</name>
         <value>0x3185</value>
         <object_component_ref idref="oc-1ab"/>
      </symbol>
      <symbol id="sm-235">
         <name>DL_SYSCTL_configFCC</name>
         <value>0x34f5</value>
         <object_component_ref idref="oc-1e3"/>
      </symbol>
      <symbol id="sm-240">
         <name>_c_int00_noargs</name>
         <value>0x3421</value>
         <object_component_ref idref="oc-65"/>
      </symbol>
      <symbol id="sm-241">
         <name>__stack</name>
         <value>0x20207e00</value>
         <object_component_ref idref="oc-1a"/>
      </symbol>
      <symbol id="sm-24d">
         <name>__TI_auto_init_nobinit_nopinit</name>
         <value>0x3301</value>
         <object_component_ref idref="oc-14b"/>
      </symbol>
      <symbol id="sm-255">
         <name>_system_pre_init</name>
         <value>0x363f</value>
         <object_component_ref idref="oc-c7"/>
      </symbol>
      <symbol id="sm-260">
         <name>__TI_zero_init</name>
         <value>0x35dd</value>
         <object_component_ref idref="oc-62"/>
      </symbol>
      <symbol id="sm-269">
         <name>__TI_decompress_none</name>
         <value>0x358b</value>
         <object_component_ref idref="oc-20"/>
      </symbol>
      <symbol id="sm-274">
         <name>__TI_decompress_lzss</name>
         <value>0x2c5d</value>
         <object_component_ref idref="oc-1c"/>
      </symbol>
      <symbol id="sm-27e">
         <name>abort</name>
         <value>0x3631</value>
         <object_component_ref idref="oc-144"/>
      </symbol>
      <symbol id="sm-288">
         <name>HOSTexit</name>
         <value>0x3637</value>
         <object_component_ref idref="oc-192"/>
      </symbol>
      <symbol id="sm-289">
         <name>C$$EXIT</name>
         <value>0x3636</value>
         <object_component_ref idref="oc-192"/>
      </symbol>
      <symbol id="sm-28f">
         <name>__aeabi_fadd</name>
         <value>0x21ab</value>
         <object_component_ref idref="oc-ac"/>
      </symbol>
      <symbol id="sm-290">
         <name>__addsf3</name>
         <value>0x21ab</value>
         <object_component_ref idref="oc-ac"/>
      </symbol>
      <symbol id="sm-291">
         <name>__aeabi_fsub</name>
         <value>0x21a1</value>
         <object_component_ref idref="oc-ac"/>
      </symbol>
      <symbol id="sm-292">
         <name>__subsf3</name>
         <value>0x21a1</value>
         <object_component_ref idref="oc-ac"/>
      </symbol>
      <symbol id="sm-298">
         <name>__aeabi_fmul</name>
         <value>0x28b1</value>
         <object_component_ref idref="oc-87"/>
      </symbol>
      <symbol id="sm-299">
         <name>__mulsf3</name>
         <value>0x28b1</value>
         <object_component_ref idref="oc-87"/>
      </symbol>
      <symbol id="sm-29f">
         <name>__aeabi_fdiv</name>
         <value>0x2b59</value>
         <object_component_ref idref="oc-102"/>
      </symbol>
      <symbol id="sm-2a0">
         <name>__divsf3</name>
         <value>0x2b59</value>
         <object_component_ref idref="oc-102"/>
      </symbol>
      <symbol id="sm-2a6">
         <name>__aeabi_f2iz</name>
         <value>0x33b5</value>
         <object_component_ref idref="oc-91"/>
      </symbol>
      <symbol id="sm-2a7">
         <name>__fixsfsi</name>
         <value>0x33b5</value>
         <object_component_ref idref="oc-91"/>
      </symbol>
      <symbol id="sm-2ad">
         <name>__aeabi_f2uiz</name>
         <value>0x33ed</value>
         <object_component_ref idref="oc-133"/>
      </symbol>
      <symbol id="sm-2ae">
         <name>__fixunssfsi</name>
         <value>0x33ed</value>
         <object_component_ref idref="oc-133"/>
      </symbol>
      <symbol id="sm-2b4">
         <name>__aeabi_i2f</name>
         <value>0x3289</value>
         <object_component_ref idref="oc-83"/>
      </symbol>
      <symbol id="sm-2b5">
         <name>__floatsisf</name>
         <value>0x3289</value>
         <object_component_ref idref="oc-83"/>
      </symbol>
      <symbol id="sm-2bb">
         <name>__aeabi_fcmpeq</name>
         <value>0x2e81</value>
         <object_component_ref idref="oc-ec"/>
      </symbol>
      <symbol id="sm-2bc">
         <name>__aeabi_fcmplt</name>
         <value>0x2e95</value>
         <object_component_ref idref="oc-ec"/>
      </symbol>
      <symbol id="sm-2bd">
         <name>__aeabi_fcmple</name>
         <value>0x2ea9</value>
         <object_component_ref idref="oc-ec"/>
      </symbol>
      <symbol id="sm-2be">
         <name>__aeabi_fcmpge</name>
         <value>0x2ebd</value>
         <object_component_ref idref="oc-ec"/>
      </symbol>
      <symbol id="sm-2bf">
         <name>__aeabi_fcmpgt</name>
         <value>0x2ed1</value>
         <object_component_ref idref="oc-ec"/>
      </symbol>
      <symbol id="sm-2c5">
         <name>__aeabi_memcpy</name>
         <value>0x3629</value>
         <object_component_ref idref="oc-55"/>
      </symbol>
      <symbol id="sm-2c6">
         <name>__aeabi_memcpy4</name>
         <value>0x3629</value>
         <object_component_ref idref="oc-55"/>
      </symbol>
      <symbol id="sm-2c7">
         <name>__aeabi_memcpy8</name>
         <value>0x3629</value>
         <object_component_ref idref="oc-55"/>
      </symbol>
      <symbol id="sm-2ce">
         <name>__aeabi_memclr</name>
         <value>0x3611</value>
         <object_component_ref idref="oc-c2"/>
      </symbol>
      <symbol id="sm-2cf">
         <name>__aeabi_memclr4</name>
         <value>0x3611</value>
         <object_component_ref idref="oc-c2"/>
      </symbol>
      <symbol id="sm-2d0">
         <name>__aeabi_memclr8</name>
         <value>0x3611</value>
         <object_component_ref idref="oc-c2"/>
      </symbol>
      <symbol id="sm-2d6">
         <name>__aeabi_uidiv</name>
         <value>0x320d</value>
         <object_component_ref idref="oc-18d"/>
      </symbol>
      <symbol id="sm-2d7">
         <name>__aeabi_uidivmod</name>
         <value>0x320d</value>
         <object_component_ref idref="oc-18d"/>
      </symbol>
      <symbol id="sm-2e0">
         <name>__eqsf2</name>
         <value>0x333d</value>
         <object_component_ref idref="oc-15e"/>
      </symbol>
      <symbol id="sm-2e1">
         <name>__lesf2</name>
         <value>0x333d</value>
         <object_component_ref idref="oc-15e"/>
      </symbol>
      <symbol id="sm-2e2">
         <name>__ltsf2</name>
         <value>0x333d</value>
         <object_component_ref idref="oc-15e"/>
      </symbol>
      <symbol id="sm-2e3">
         <name>__nesf2</name>
         <value>0x333d</value>
         <object_component_ref idref="oc-15e"/>
      </symbol>
      <symbol id="sm-2e4">
         <name>__cmpsf2</name>
         <value>0x333d</value>
         <object_component_ref idref="oc-15e"/>
      </symbol>
      <symbol id="sm-2e5">
         <name>__gtsf2</name>
         <value>0x32c5</value>
         <object_component_ref idref="oc-163"/>
      </symbol>
      <symbol id="sm-2e6">
         <name>__gesf2</name>
         <value>0x32c5</value>
         <object_component_ref idref="oc-163"/>
      </symbol>
      <symbol id="sm-2ec">
         <name>__muldsi3</name>
         <value>0x3379</value>
         <object_component_ref idref="oc-e7"/>
      </symbol>
      <symbol id="sm-2f6">
         <name>__aeabi_idiv0</name>
         <value>0x28af</value>
         <object_component_ref idref="oc-1d0"/>
      </symbol>
      <symbol id="sm-30f">
         <name>memcpy</name>
         <value>0x2815</value>
         <object_component_ref idref="oc-117"/>
      </symbol>
      <symbol id="sm-31e">
         <name>memset</name>
         <value>0x2ee3</value>
         <object_component_ref idref="oc-172"/>
      </symbol>
      <symbol id="sm-31f">
         <name>__TI_static_base__</name>
         <value>0x0</value>
      </symbol>
      <symbol id="sm-322">
         <name>__mpu_init</name>
         <value>0x0</value>
      </symbol>
      <symbol id="sm-323">
         <name>_system_post_cinit</name>
         <value>0x0</value>
      </symbol>
   </symbol_table>
   <title>Link successful</title>
</link_info>
