******************************************************************************
            TI ARM Clang Linker PC v4.0.3                      
******************************************************************************
>> Linked Mon Jul 27 13:52:03 2026

OUTPUT FILE NAME:   <Modular_testing_totalGPIO_NEW_gyro_Replicate_HC.out>
ENTRY POINT SYMBOL: "_c_int00_noargs"  address: 000034d5


MEMORY CONFIGURATION

         name            origin    length      used     unused   attr    fill
----------------------  --------  ---------  --------  --------  ----  --------
  FLASH                 00000000   00020000  00005000  0001b000  R  X
  SRAM                  20200000   00008000  00000ad7  00007529  RW X
  BCR_CONFIG            41c00000   000000ff  00000000  000000ff  R   
  BSL_CONFIG            41c00100   00000080  00000000  00000080  R   


SEGMENT ALLOCATION MAP

run origin  load origin   length   init length attrs members
----------  ----------- ---------- ----------- ----- -------
00000000    00000000    00005000   00005000    r-x
  00000000    00000000    000000c0   000000c0    r-- .intvecs
  000000c0    000000c0    00003658   00003658    r-x .text
  00003718    00003718    000018b0   000018b0    r-- .rodata
  00004fc8    00004fc8    00000038   00000038    r-- .cinit
20200000    20200000    000008d8   00000000    rw-
  20200000    20200000    0000078b   00000000    rw- .bss
  2020078c    2020078c    0000014c   00000000    rw- .data
20207e00    20207e00    00000200   00000000    rw-
  20207e00    20207e00    00000200   00000000    rw- .stack


SECTION ALLOCATION MAP

 output                                  attributes/
section   page    origin      length       input sections
--------  ----  ----------  ----------   ----------------
.intvecs   0    00000000    000000c0     
                  00000000    000000c0     startup_mspm0g350x_ticlang.o (.intvecs)

.text      0    000000c0    00003658     
                  000000c0    00000584     empty.o (.text.main)
                  00000644    0000038e     oled.o (.text.OLED_ShowNum)
                  000009d2    00000002     startup_mspm0g350x_ticlang.o (.text.Default_Handler)
                  000009d4    00000324     oled.o (.text.OLED_WriteBlock)
                  00000cf8    0000030c     GyroControl.o (.text.GyroControl_Update)
                  00001004    000002a8     ti_msp_dl_config.o (.text.SYSCFG_DL_SYSCTL_SYSPLL_init)
                  000012ac    00000270     line.o (.text.track_zhixian1)
                  0000151c    00000228     gyro.o (.text.Gyro_ParseByte)
                  00001744    000001b4     oled.o (.text.OLED_Init)
                  000018f8    00000188     oled.o (.text.OLED_ShowChar)
                  00001a80    00000144     oled.o (.text.OLED_Clear)
                  00001bc4    0000013c     ti_msp_dl_config.o (.text.SYSCFG_DL_GPIO_init)
                  00001d00    00000138     oled.o (.text.OLED_Refresh)
                  00001e38    00000104     driverlib.a : dl_timer.o (.text.DL_Timer_initFourCCPWMMode)
                  00001f3c    000000fc                 : dl_timer.o (.text.DL_Timer_initTimerMode)
                  00002038    000000e0     ti_msp_dl_config.o (.text.SYSCFG_DL_PWM_0_init)
                  00002118    000000dc     driverlib.a : dl_sysctl_mspm0g1x0x_g3x0x.o (.text.DL_SYSCTL_configSYSPLL)
                  000021f4    000000d8     libclang_rt.builtins.a : addsf3.S.obj (.text)
                  000022cc    000000c0     PID.o (.text.Position_PID)
                  0000238c    000000c0     time.o (.text.TIMA1_IRQHandler)
                  0000244c    000000c0     time.o (.text.TIMG0_IRQHandler)
                  0000250c    000000bc     ti_msp_dl_config.o (.text.SYSCFG_DL_SYSCTL_init)
                  000025c8    000000b0     GyroControl.o (.text.GyroControl_NormalizeAngle)
                  00002678    000000ac     PID.o (.text.PID_Iint)
                  00002724    000000a8     Motor.o (.text.Motor_SetSpeed)
                  000027cc    0000009c     PID.o (.text.Incremental_PID)
                  00002868    0000009a     libc.a : memcpy16.S.obj (.text:memcpy)
                  00002902    00000002     libclang_rt.builtins.a : aeabi_div0.c.obj (.text.__aeabi_idiv0)
                  00002904    0000008c                            : mulsf3.S.obj (.text.__mulsf3)
                  00002990    0000008c     Motor.o (.text.motor)
                  00002a1c    00000088     Encoder.o (.text.Encoder_Init)
                  00002aa4    00000084     GyroControl.o (.text.GyroControl_Init)
                  00002b28    00000084     ti_msp_dl_config.o (.text.SYSCFG_DL_Gyro_init)
                  00002bac    00000082     libclang_rt.builtins.a : divsf3.S.obj (.text.__divsf3)
                  00002c2e    00000002     --HOLE-- [fill = 0]
                  00002c30    00000080     ti_msp_dl_config.o (.text.SYSCFG_DL_HC_init)
                  00002cb0    0000007c     libc.a : copy_decompress_lzss.c.obj (.text:decompress:lzss)
                  00002d2c    00000074     empty.o (.text.UART1_IRQHandler)
                  00002da0    00000070     oled.o (.text.OLED_ClearArea)
                  00002e10    00000070     ti_msp_dl_config.o (.text.SYSCFG_DL_initPower)
                  00002e80    00000064     Encoder_GPIO.o (.text.GROUP1_IRQHandler)
                  00002ee4    00000064     sensor.o (.text.digtal)
                  00002f48    00000062     libclang_rt.builtins.a : aeabi_fcmp.S.obj (.text.__aeabi_fcmp)
                  00002faa    00000062     libc.a : memset16.S.obj (.text:memset)
                  0000300c    00000060     oled.o (.text.OLED_ShowString)
                  0000306c    0000005e     driverlib.a : dl_i2c.o (.text.DL_I2C_fillControllerTXFIFO)
                  000030ca    00000002     --HOLE-- [fill = 0]
                  000030cc    00000054     ti_msp_dl_config.o (.text.SYSCFG_DL_OLED_init)
                  00003120    00000050     line.o (.text.checkLineFound)
                  00003170    0000004c     ti_msp_dl_config.o (.text.SYSCFG_DL_Pathfinding_TIM_init)
                  000031bc    00000048     driverlib.a : dl_uart.o (.text.DL_UART_init)
                  00003204    00000048     ti_msp_dl_config.o (.text.SYSCFG_DL_PID_TIM_init)
                  0000324c    00000044     driverlib.a : dl_sysctl_mspm0g1x0x_g3x0x.o (.text.DL_SYSCTL_switchMCLKfromSYSOSCtoHSCLK)
                  00003290    00000040     libclang_rt.builtins.a : aeabi_uidivmod.S.obj (.text.__aeabi_uidivmod)
                  000032d0    0000003c     ti_msp_dl_config.o (.text.SYSCFG_DL_init)
                  0000330c    0000003c     libclang_rt.builtins.a : floatsisf.S.obj (.text.__floatsisf)
                  00003348    0000003c                            : comparesf2.S.obj (.text.__gtsf2)
                  00003384    0000003c     libc.a : autoinit.c.obj (.text:__TI_auto_init_nobinit_nopinit)
                  000033c0    0000003a     libclang_rt.builtins.a : comparesf2.S.obj (.text.__eqsf2)
                  000033fa    00000002     --HOLE-- [fill = 0]
                  000033fc    0000003a                            : muldsi3.S.obj (.text.__muldsi3)
                  00003436    00000002     --HOLE-- [fill = 0]
                  00003438    00000038                            : fixsfsi.S.obj (.text.__fixsfsi)
                  00003470    00000032                            : fixunssfsi.S.obj (.text.__fixunssfsi)
                  000034a2    00000002     --HOLE-- [fill = 0]
                  000034a4    00000030     bsp_hc05.o (.text.BLE_send_String)
                  000034d4    00000028     libc.a : boot_cortex_m.c.obj (.text:_c_int00_noargs)
                  000034fc    00000026     driverlib.a : dl_i2c.o (.text.DL_I2C_setClockConfig)
                  00003522    00000002     --HOLE-- [fill = 0]
                  00003524    00000024     bsp_hc05.o (.text.Clear_BLERX_BUFF)
                  00003548    00000020     Encoder_GPIO.o (.text.Encoder_GPIO_Init)
                  00003568    00000020     Motor.o (.text.Motor_Init)
                  00003588    00000020     empty.o (.text.UART2_IRQHandler)
                  000035a8    00000020     libc.a : memcmp.c.obj (.text.memcmp)
                  000035c8    0000001c     driverlib.a : dl_sysctl_mspm0g1x0x_g3x0x.o (.text.DL_SYSCTL_configFCC)
                  000035e4    0000001c                 : dl_timer.o (.text.DL_Timer_setCaptCompUpdateMethod)
                  00003600    0000001c                 : dl_timer.o (.text.DL_Timer_setClockConfig)
                  0000361c    00000018     bsp_hc05.o (.text.Bluetooth_Init)
                  00003634    00000018     driverlib.a : dl_timer.o (.text.DL_Timer_setCaptureCompareOutCtl)
                  0000364c    00000012                 : dl_uart.o (.text.DL_UART_setClockConfig)
                  0000365e    00000012     libc.a : copy_decompress_none.c.obj (.text:decompress:none)
                  00003670    00000010     driverlib.a : dl_timer.o (.text.DL_Timer_setCaptureCompareValue)
                  00003680    00000010     Encoder.o (.text.Encoder3_Get)
                  00003690    00000010     Encoder_GPIO.o (.text.Encoder4_Get)
                  000036a0    00000010     time.o (.text.delay_ms)
                  000036b0    00000010     libc.a : copy_zero_init.c.obj (.text:decompress:ZI)
                  000036c0    0000000c     GyroControl.o (.text.GyroControl_SetTarget)
                  000036cc    0000000c     gyro.o (.text.Gyro_GetRateZ)
                  000036d8    0000000c     gyro.o (.text.Gyro_GetYaw)
                  000036e4    0000000c     libclang_rt.builtins.a : aeabi_memset.S.obj (.text.__aeabi_memclr)
                  000036f0    0000000a     driverlib.a : dl_common.o (.text.DL_Common_delayCycles)
                  000036fa    00000002     --HOLE-- [fill = 0]
                  000036fc    00000008     libclang_rt.builtins.a : aeabi_memcpy.S.obj (.text.__aeabi_memcpy)
                  00003704    00000006     libc.a : exit.c.obj (.text:abort)
                  0000370a    00000004     libsysbm.a : hostexit.c.obj (.text.HOSTexit)
                  0000370e    00000004     startup_mspm0g350x_ticlang.o (.text.Reset_Handler)
                  00003712    00000004     libc.a : pre_init.c.obj (.text._system_pre_init)
                  00003716    00000002     --HOLE-- [fill = 0]

.cinit     0    00004fc8    00000038     
                  00004fc8    00000010     (.cinit..data.load) [load image, compression = lzss]
                  00004fd8    0000000c     (__TI_handler_table)
                  00004fe4    00000008     (.cinit..bss.load) [load image, compression = zero_init]
                  00004fec    00000010     (__TI_cinit_table)
                  00004ffc    00000004     --HOLE-- [fill = 0]

.rodata    0    00003718    000018b0     
                  00003718    00000d5c     oled.o (.rodata.asc2_2412)
                  00004474    000005f0     oled.o (.rodata.asc2_1608)
                  00004a64    00000474     oled.o (.rodata.asc2_1206)
                  00004ed8    00000028     ti_msp_dl_config.o (.rodata.gSYSPLLConfig)
                  00004f00    0000001c     oled.o (.rodata.OLED_Init.init_cmds)
                  00004f1c    00000014     ti_msp_dl_config.o (.rodata.gPID_TIMTimerConfig)
                  00004f30    00000014     ti_msp_dl_config.o (.rodata.gPathfinding_TIMTimerConfig)
                  00004f44    00000010     empty.o (.rodata.str1.9517790425240694019.1)
                  00004f54    0000000c     empty.o (.rodata.str1.254342170260855183.1)
                  00004f60    0000000a     ti_msp_dl_config.o (.rodata.gGyroConfig)
                  00004f6a    0000000a     ti_msp_dl_config.o (.rodata.gHCConfig)
                  00004f74    00000008     ti_msp_dl_config.o (.rodata.gPWM_0Config)
                  00004f7c    00000006     empty.o (.rodata.str1.11822412164550770238.1)
                  00004f82    00000005     empty.o (.rodata.str1.14685083708502177989.1)
                  00004f87    00000004     Motor.o (.rodata.cst4)
                  00004f8b    00000004     empty.o (.rodata.str1.11898133897667081452.1)
                  00004f8f    00000004     empty.o (.rodata.str1.15706828512682300538.1)
                  00004f93    00000004     empty.o (.rodata.str1.17669528882079347314.1)
                  00004f97    00000004     empty.o (.rodata.str1.2196762768037919588.1)
                  00004f9b    00000003     ti_msp_dl_config.o (.rodata.gPID_TIMClockConfig)
                  00004f9e    00000003     ti_msp_dl_config.o (.rodata.gPWM_0ClockConfig)
                  00004fa1    00000003     ti_msp_dl_config.o (.rodata.gPathfinding_TIMClockConfig)
                  00004fa4    00000003     empty.o (.rodata.str1.150872071346279890.1)
                  00004fa7    00000003     empty.o (.rodata.str1.15170238581331914936.1)
                  00004faa    00000003     empty.o (.rodata.str1.16704889451495720520.1)
                  00004fad    00000003     empty.o (.rodata.str1.17686411042290499047.1)
                  00004fb0    00000003     empty.o (.rodata.str1.7401042497206923953.1)
                  00004fb3    00000003     empty.o (.rodata.str1.9410084661655729462.1)
                  00004fb6    00000002     ti_msp_dl_config.o (.rodata.gGyroClockConfig)
                  00004fb8    00000002     ti_msp_dl_config.o (.rodata.gHCClockConfig)
                  00004fba    00000002     ti_msp_dl_config.o (.rodata.gOLEDClockConfig)
                  00004fbc    00000002     empty.o (.rodata.str1.4000995719088696555.1)
                  00004fbe    00000002     empty.o (.rodata.str1.5792233746214848027.1)
                  00004fc0    00000002     empty.o (.rodata.str1.7386103758396746866.1)
                  00004fc2    00000006     --HOLE-- [fill = 0]

.init_array 
*          0    00000000    00000000     UNINITIALIZED

.binit     0    00000000    00000000     

.bss       0    20200000    0000078b     UNINITIALIZED
                  20200000    00000400     (.common:OLED_GRAM)
                  20200400    00000100     (.common:BLERX_BUFF)
                  20200500    000000bc     (.common:gPWM_0Backup)
                  202005bc    000000bc     (.common:gPathfinding_TIMBackup)
                  20200678    00000038     (.common:PID_findway)
                  202006b0    00000030     (.common:PID_MotorA)
                  202006e0    00000030     (.common:PID_MotorB)
                  20200710    00000028     (.common:GyroControl)
                  20200738    00000024     (.common:GyroPID_Angle)
                  2020075c    00000024     (.common:GyroPID_Gyro)
                  20200780    0000000b     gyro.o (.bss.Gyro_ParseByte.ucRxBuffer)

.data      0    2020078c    0000014c     UNINITIALIZED
                  2020078c    00000100     empty.o (.data.last_ble_data)
                  2020088c    00000004     line.o (.data.base_speed)
                  20200890    00000004     Encoder_GPIO.o (.data.encoder_count)
                  20200894    00000004     gyro.o (.data.g_accel.0)
                  20200898    00000004     gyro.o (.data.g_accel.1)
                  2020089c    00000004     gyro.o (.data.g_accel.2)
                  202008a0    00000004     gyro.o (.data.g_angle.0)
                  202008a4    00000004     gyro.o (.data.g_angle.1)
                  202008a8    00000004     gyro.o (.data.g_angle.2)
                  202008ac    00000004     gyro.o (.data.g_rate.0)
                  202008b0    00000004     gyro.o (.data.g_rate.1)
                  202008b4    00000004     gyro.o (.data.g_rate.2)
                  202008b8    00000004     time.o (.data.i)
                  202008bc    00000004     line.o (.data.targetYaw)
                  202008c0    00000004     time.o (.data.timer6Count)
                  202008c4    00000004     empty.o (.data.tx_count)
                  202008c8    00000004     line.o (.data.yawWhenLost)
                  202008cc    00000001     bsp_hc05.o (.data.BLERX_FLAG)
                  202008cd    00000001     bsp_hc05.o (.data.BLERX_LEN)
                  202008ce    00000001     gyro.o (.data.Gyro_ParseByte.ucRxCnt)
                  202008cf    00000001     sensor.o (.data.check)
                  202008d0    00000001     empty.o (.data.confirmed)
                  202008d1    00000001     line.o (.data.controlMode)
                  202008d2    00000001     line.o (.data.controlModelast)
                  202008d3    00000001     empty.o (.data.frame_started)
                  202008d4    00000001     GyroControl.o (.data.gyroDir)
                  202008d5    00000001     line.o (.data.gyroToLineFlag)
                  202008d6    00000001     line.o (.data.isLineLost)
                  202008d7    00000001     time.o (.data.pid_enabled)

.stack     0    20207e00    00000200     UNINITIALIZED
                  20207e00    00000004     libc.a : boot_cortex_m.c.obj (.stack)
                  20207e04    000001fc     --HOLE--

__llvm_prf_cnts 
*          0    20200000    00000000     UNINITIALIZED

__llvm_prf_bits 
*          0    20200000    00000000     UNINITIALIZED

MODULE SUMMARY

       Module                         code    ro data   rw data
       ------                         ----    -------   -------
    .\
       oled.o                         3386    6108      1024   
       ti_msp_dl_config.o             2072    123       376    
       empty.o                        1560    79        262    
       GyroControl.o                  1100    0         113    
       line.o                         704     0         16     
       PID.o                          520     0         152    
       gyro.o                         576     0         48     
       time.o                         400     0         9      
       bsp_hc05.o                     108     0         258    
       Motor.o                        340     4         0      
       startup_mspm0g350x_ticlang.o   6       192       0      
       Encoder.o                      152     0         0      
       Encoder_GPIO.o                 148     0         4      
       sensor.o                       100     0         1      
    +--+------------------------------+-------+---------+---------+
       Total:                         11172   6506      2263   
                                                               
    C:/ti/mspm0_sdk_2_11_00_07/source/ti/driverlib/lib/ticlang/m0p/mspm0g1x0x_g3x0x/driverlib.a
       dl_timer.o                     608     0         0      
       dl_sysctl_mspm0g1x0x_g3x0x.o   316     0         0      
       dl_i2c.o                       132     0         0      
       dl_uart.o                      90      0         0      
       dl_common.o                    10      0         0      
    +--+------------------------------+-------+---------+---------+
       Total:                         1156    0         0      
                                                               
    C:\ti\ccs2020\ccs\tools\compiler\ti-cgt-armllvm_4.0.3.LTS\lib\armv6m-ti-none-eabi/c/libc.a
       memcpy16.S.obj                 154     0         0      
       copy_decompress_lzss.c.obj     124     0         0      
       memset16.S.obj                 98      0         0      
       autoinit.c.obj                 60      0         0      
       boot_cortex_m.c.obj            40      0         0      
       memcmp.c.obj                   32      0         0      
       copy_decompress_none.c.obj     18      0         0      
       copy_zero_init.c.obj           16      0         0      
       exit.c.obj                     6       0         0      
       pre_init.c.obj                 4       0         0      
    +--+------------------------------+-------+---------+---------+
       Total:                         552     0         0      
                                                               
    C:\ti\ccs2020\ccs\tools\compiler\ti-cgt-armllvm_4.0.3.LTS\lib\armv6m-ti-none-eabi/c/libsysbm.a
       hostexit.c.obj                 4       0         0      
    +--+------------------------------+-------+---------+---------+
       Total:                         4       0         0      
                                                               
    C:\ti\ccs2020\ccs\tools\compiler\ti-cgt-armllvm_4.0.3.LTS\lib\armv6m-ti-none-eabi/libclang_rt.builtins.a
       addsf3.S.obj                   216     0         0      
       mulsf3.S.obj                   140     0         0      
       divsf3.S.obj                   130     0         0      
       comparesf2.S.obj               118     0         0      
       aeabi_fcmp.S.obj               98      0         0      
       aeabi_uidivmod.S.obj           64      0         0      
       floatsisf.S.obj                60      0         0      
       muldsi3.S.obj                  58      0         0      
       fixsfsi.S.obj                  56      0         0      
       fixunssfsi.S.obj               50      0         0      
       aeabi_memset.S.obj             12      0         0      
       aeabi_memcpy.S.obj             8       0         0      
       aeabi_div0.c.obj               2       0         0      
    +--+------------------------------+-------+---------+---------+
       Total:                         1012    0         0      
                                                               
       Stack:                         0       0         512    
       Linker Generated:              0       52        0      
    +--+------------------------------+-------+---------+---------+
       Grand Total:                   13896   6558      2775   


LINKER GENERATED COPY TABLES

__TI_cinit_table @ 00004fec records: 2, size/record: 8, table size: 16
	.data: load addr=00004fc8, load size=00000010 bytes, run addr=2020078c, run size=0000014c bytes, compression=lzss
	.bss: load addr=00004fe4, load size=00000008 bytes, run addr=20200000, run size=0000078b bytes, compression=zero_init


LINKER GENERATED HANDLER TABLE

__TI_handler_table @ 00004fd8 records: 3, size/record: 4, table size: 12
	index: 0, handler: __TI_decompress_lzss
	index: 1, handler: __TI_decompress_none
	index: 2, handler: __TI_zero_init


GLOBAL SYMBOLS: SORTED ALPHABETICALLY BY Name 

address   name                                 
-------   ----                                 
000009d3  ADC0_IRQHandler                      
000009d3  ADC1_IRQHandler                      
000009d3  AES_IRQHandler                       
20200400  BLERX_BUFF                           
202008cc  BLERX_FLAG                           
202008cd  BLERX_LEN                            
000034a5  BLE_send_String                      
0000361d  Bluetooth_Init                       
0000370a  C$$EXIT                              
000009d3  CANFD0_IRQHandler                    
00003525  Clear_BLERX_BUFF                     
000009d3  DAC0_IRQHandler                      
000036f1  DL_Common_delayCycles                
0000306d  DL_I2C_fillControllerTXFIFO          
000034fd  DL_I2C_setClockConfig                
000035c9  DL_SYSCTL_configFCC                  
00002119  DL_SYSCTL_configSYSPLL               
0000324d  DL_SYSCTL_switchMCLKfromSYSOSCtoHSCLK
00001e39  DL_Timer_initFourCCPWMMode           
00001f3d  DL_Timer_initTimerMode               
000035e5  DL_Timer_setCaptCompUpdateMethod     
00003635  DL_Timer_setCaptureCompareOutCtl     
00003671  DL_Timer_setCaptureCompareValue      
00003601  DL_Timer_setClockConfig              
000031bd  DL_UART_init                         
0000364d  DL_UART_setClockConfig               
000009d3  DMA_IRQHandler                       
000009d3  Default_Handler                      
00003681  Encoder3_Get                         
00003691  Encoder4_Get                         
00003549  Encoder_GPIO_Init                    
00002a1d  Encoder_Init                         
000009d3  GROUP0_IRQHandler                    
00002e81  GROUP1_IRQHandler                    
20200710  GyroControl                          
00002aa5  GyroControl_Init                     
000025c9  GyroControl_NormalizeAngle           
000036c1  GyroControl_SetTarget                
00000cf9  GyroControl_Update                   
20200738  GyroPID_Angle                        
2020075c  GyroPID_Gyro                         
000036cd  Gyro_GetRateZ                        
000036d9  Gyro_GetYaw                          
0000151d  Gyro_ParseByte                       
0000370b  HOSTexit                             
000009d3  HardFault_Handler                    
000009d3  I2C0_IRQHandler                      
000009d3  I2C1_IRQHandler                      
000027cd  Incremental_PID                      
00003569  Motor_Init                           
00002725  Motor_SetSpeed                       
000009d3  NMI_Handler                          
00001a81  OLED_Clear                           
00002da1  OLED_ClearArea                       
20200000  OLED_GRAM                            
00001745  OLED_Init                            
00001d01  OLED_Refresh                         
000018f9  OLED_ShowChar                        
00000645  OLED_ShowNum                         
0000300d  OLED_ShowString                      
00002679  PID_Iint                             
202006b0  PID_MotorA                           
202006e0  PID_MotorB                           
20200678  PID_findway                          
000009d3  PendSV_Handler                       
000022cd  Position_PID                         
000009d3  RTC_IRQHandler                       
0000370f  Reset_Handler                        
000009d3  SPI0_IRQHandler                      
000009d3  SPI1_IRQHandler                      
000009d3  SVC_Handler                          
00001bc5  SYSCFG_DL_GPIO_init                  
00002b29  SYSCFG_DL_Gyro_init                  
00002c31  SYSCFG_DL_HC_init                    
000030cd  SYSCFG_DL_OLED_init                  
00003205  SYSCFG_DL_PID_TIM_init               
00002039  SYSCFG_DL_PWM_0_init                 
00003171  SYSCFG_DL_Pathfinding_TIM_init       
00001005  SYSCFG_DL_SYSCTL_SYSPLL_init         
0000250d  SYSCFG_DL_SYSCTL_init                
000032d1  SYSCFG_DL_init                       
00002e11  SYSCFG_DL_initPower                  
000009d3  SysTick_Handler                      
000009d3  TIMA0_IRQHandler                     
0000238d  TIMA1_IRQHandler                     
0000244d  TIMG0_IRQHandler                     
000009d3  TIMG12_IRQHandler                    
000009d3  TIMG6_IRQHandler                     
000009d3  TIMG7_IRQHandler                     
000009d3  TIMG8_IRQHandler                     
000009d3  UART0_IRQHandler                     
00002d2d  UART1_IRQHandler                     
00003589  UART2_IRQHandler                     
000009d3  UART3_IRQHandler                     
20208000  __STACK_END                          
00000200  __STACK_SIZE                         
00000000  __TI_ATRegion0_region_sz             
00000000  __TI_ATRegion0_src_addr              
00000000  __TI_ATRegion0_trg_addr              
00000000  __TI_ATRegion1_region_sz             
00000000  __TI_ATRegion1_src_addr              
00000000  __TI_ATRegion1_trg_addr              
00000000  __TI_ATRegion2_region_sz             
00000000  __TI_ATRegion2_src_addr              
00000000  __TI_ATRegion2_trg_addr              
00004fec  __TI_CINIT_Base                      
00004ffc  __TI_CINIT_Limit                     
00004ffc  __TI_CINIT_Warm                      
00004fd8  __TI_Handler_Table_Base              
00004fe4  __TI_Handler_Table_Limit             
00003385  __TI_auto_init_nobinit_nopinit       
00002cb1  __TI_decompress_lzss                 
0000365f  __TI_decompress_none                 
ffffffff  __TI_pprof_out_hndl                  
ffffffff  __TI_prof_data_size                  
ffffffff  __TI_prof_data_start                 
00000000  __TI_static_base__                   
000036b1  __TI_zero_init                       
000021ff  __addsf3                             
00003439  __aeabi_f2iz                         
00003471  __aeabi_f2uiz                        
000021ff  __aeabi_fadd                         
00002f49  __aeabi_fcmpeq                       
00002f85  __aeabi_fcmpge                       
00002f99  __aeabi_fcmpgt                       
00002f71  __aeabi_fcmple                       
00002f5d  __aeabi_fcmplt                       
00002bad  __aeabi_fdiv                         
00002905  __aeabi_fmul                         
000021f5  __aeabi_fsub                         
0000330d  __aeabi_i2f                          
00002903  __aeabi_idiv0                        
000036e5  __aeabi_memclr                       
000036e5  __aeabi_memclr4                      
000036e5  __aeabi_memclr8                      
000036fd  __aeabi_memcpy                       
000036fd  __aeabi_memcpy4                      
000036fd  __aeabi_memcpy8                      
00003291  __aeabi_uidiv                        
00003291  __aeabi_uidivmod                     
ffffffff  __binit__                            
000033c1  __cmpsf2                             
00002bad  __divsf3                             
000033c1  __eqsf2                              
00003439  __fixsfsi                            
00003471  __fixunssfsi                         
0000330d  __floatsisf                          
00003349  __gesf2                              
00003349  __gtsf2                              
000033c1  __lesf2                              
000033c1  __ltsf2                              
UNDEFED   __mpu_init                           
000033fd  __muldsi3                            
00002905  __mulsf3                             
000033c1  __nesf2                              
20207e00  __stack                              
20200000  __start___llvm_prf_bits              
20200000  __start___llvm_prf_cnts              
20200000  __stop___llvm_prf_bits               
20200000  __stop___llvm_prf_cnts               
000021f5  __subsf3                             
000034d5  _c_int00_noargs                      
UNDEFED   _system_post_cinit                   
00003713  _system_pre_init                     
00003705  abort                                
00004a64  asc2_1206                            
00004474  asc2_1608                            
00003718  asc2_2412                            
2020088c  base_speed                           
ffffffff  binit                                
202008cf  check                                
00003121  checkLineFound                       
202008d1  controlMode                          
202008d2  controlModelast                      
000036a1  delay_ms                             
00002ee5  digtal                               
20200500  gPWM_0Backup                         
202005bc  gPathfinding_TIMBackup               
202008d4  gyroDir                              
202008d5  gyroToLineFlag                       
00000000  interruptVectors                     
202008d6  isLineLost                           
000000c1  main                                 
000035a9  memcmp                               
00002869  memcpy                               
00002fab  memset                               
00002991  motor                                
202008d7  pid_enabled                          
202008bc  targetYaw                            
202008c0  timer6Count                          
000012ad  track_zhixian1                       
202008c8  yawWhenLost                          


GLOBAL SYMBOLS: SORTED BY Symbol Address 

address   name                                 
-------   ----                                 
00000000  __TI_ATRegion0_region_sz             
00000000  __TI_ATRegion0_src_addr              
00000000  __TI_ATRegion0_trg_addr              
00000000  __TI_ATRegion1_region_sz             
00000000  __TI_ATRegion1_src_addr              
00000000  __TI_ATRegion1_trg_addr              
00000000  __TI_ATRegion2_region_sz             
00000000  __TI_ATRegion2_src_addr              
00000000  __TI_ATRegion2_trg_addr              
00000000  __TI_static_base__                   
00000000  interruptVectors                     
000000c1  main                                 
00000200  __STACK_SIZE                         
00000645  OLED_ShowNum                         
000009d3  ADC0_IRQHandler                      
000009d3  ADC1_IRQHandler                      
000009d3  AES_IRQHandler                       
000009d3  CANFD0_IRQHandler                    
000009d3  DAC0_IRQHandler                      
000009d3  DMA_IRQHandler                       
000009d3  Default_Handler                      
000009d3  GROUP0_IRQHandler                    
000009d3  HardFault_Handler                    
000009d3  I2C0_IRQHandler                      
000009d3  I2C1_IRQHandler                      
000009d3  NMI_Handler                          
000009d3  PendSV_Handler                       
000009d3  RTC_IRQHandler                       
000009d3  SPI0_IRQHandler                      
000009d3  SPI1_IRQHandler                      
000009d3  SVC_Handler                          
000009d3  SysTick_Handler                      
000009d3  TIMA0_IRQHandler                     
000009d3  TIMG12_IRQHandler                    
000009d3  TIMG6_IRQHandler                     
000009d3  TIMG7_IRQHandler                     
000009d3  TIMG8_IRQHandler                     
000009d3  UART0_IRQHandler                     
000009d3  UART3_IRQHandler                     
00000cf9  GyroControl_Update                   
00001005  SYSCFG_DL_SYSCTL_SYSPLL_init         
000012ad  track_zhixian1                       
0000151d  Gyro_ParseByte                       
00001745  OLED_Init                            
000018f9  OLED_ShowChar                        
00001a81  OLED_Clear                           
00001bc5  SYSCFG_DL_GPIO_init                  
00001d01  OLED_Refresh                         
00001e39  DL_Timer_initFourCCPWMMode           
00001f3d  DL_Timer_initTimerMode               
00002039  SYSCFG_DL_PWM_0_init                 
00002119  DL_SYSCTL_configSYSPLL               
000021f5  __aeabi_fsub                         
000021f5  __subsf3                             
000021ff  __addsf3                             
000021ff  __aeabi_fadd                         
000022cd  Position_PID                         
0000238d  TIMA1_IRQHandler                     
0000244d  TIMG0_IRQHandler                     
0000250d  SYSCFG_DL_SYSCTL_init                
000025c9  GyroControl_NormalizeAngle           
00002679  PID_Iint                             
00002725  Motor_SetSpeed                       
000027cd  Incremental_PID                      
00002869  memcpy                               
00002903  __aeabi_idiv0                        
00002905  __aeabi_fmul                         
00002905  __mulsf3                             
00002991  motor                                
00002a1d  Encoder_Init                         
00002aa5  GyroControl_Init                     
00002b29  SYSCFG_DL_Gyro_init                  
00002bad  __aeabi_fdiv                         
00002bad  __divsf3                             
00002c31  SYSCFG_DL_HC_init                    
00002cb1  __TI_decompress_lzss                 
00002d2d  UART1_IRQHandler                     
00002da1  OLED_ClearArea                       
00002e11  SYSCFG_DL_initPower                  
00002e81  GROUP1_IRQHandler                    
00002ee5  digtal                               
00002f49  __aeabi_fcmpeq                       
00002f5d  __aeabi_fcmplt                       
00002f71  __aeabi_fcmple                       
00002f85  __aeabi_fcmpge                       
00002f99  __aeabi_fcmpgt                       
00002fab  memset                               
0000300d  OLED_ShowString                      
0000306d  DL_I2C_fillControllerTXFIFO          
000030cd  SYSCFG_DL_OLED_init                  
00003121  checkLineFound                       
00003171  SYSCFG_DL_Pathfinding_TIM_init       
000031bd  DL_UART_init                         
00003205  SYSCFG_DL_PID_TIM_init               
0000324d  DL_SYSCTL_switchMCLKfromSYSOSCtoHSCLK
00003291  __aeabi_uidiv                        
00003291  __aeabi_uidivmod                     
000032d1  SYSCFG_DL_init                       
0000330d  __aeabi_i2f                          
0000330d  __floatsisf                          
00003349  __gesf2                              
00003349  __gtsf2                              
00003385  __TI_auto_init_nobinit_nopinit       
000033c1  __cmpsf2                             
000033c1  __eqsf2                              
000033c1  __lesf2                              
000033c1  __ltsf2                              
000033c1  __nesf2                              
000033fd  __muldsi3                            
00003439  __aeabi_f2iz                         
00003439  __fixsfsi                            
00003471  __aeabi_f2uiz                        
00003471  __fixunssfsi                         
000034a5  BLE_send_String                      
000034d5  _c_int00_noargs                      
000034fd  DL_I2C_setClockConfig                
00003525  Clear_BLERX_BUFF                     
00003549  Encoder_GPIO_Init                    
00003569  Motor_Init                           
00003589  UART2_IRQHandler                     
000035a9  memcmp                               
000035c9  DL_SYSCTL_configFCC                  
000035e5  DL_Timer_setCaptCompUpdateMethod     
00003601  DL_Timer_setClockConfig              
0000361d  Bluetooth_Init                       
00003635  DL_Timer_setCaptureCompareOutCtl     
0000364d  DL_UART_setClockConfig               
0000365f  __TI_decompress_none                 
00003671  DL_Timer_setCaptureCompareValue      
00003681  Encoder3_Get                         
00003691  Encoder4_Get                         
000036a1  delay_ms                             
000036b1  __TI_zero_init                       
000036c1  GyroControl_SetTarget                
000036cd  Gyro_GetRateZ                        
000036d9  Gyro_GetYaw                          
000036e5  __aeabi_memclr                       
000036e5  __aeabi_memclr4                      
000036e5  __aeabi_memclr8                      
000036f1  DL_Common_delayCycles                
000036fd  __aeabi_memcpy                       
000036fd  __aeabi_memcpy4                      
000036fd  __aeabi_memcpy8                      
00003705  abort                                
0000370a  C$$EXIT                              
0000370b  HOSTexit                             
0000370f  Reset_Handler                        
00003713  _system_pre_init                     
00003718  asc2_2412                            
00004474  asc2_1608                            
00004a64  asc2_1206                            
00004fd8  __TI_Handler_Table_Base              
00004fe4  __TI_Handler_Table_Limit             
00004fec  __TI_CINIT_Base                      
00004ffc  __TI_CINIT_Limit                     
00004ffc  __TI_CINIT_Warm                      
20200000  OLED_GRAM                            
20200000  __start___llvm_prf_bits              
20200000  __start___llvm_prf_cnts              
20200000  __stop___llvm_prf_bits               
20200000  __stop___llvm_prf_cnts               
20200400  BLERX_BUFF                           
20200500  gPWM_0Backup                         
202005bc  gPathfinding_TIMBackup               
20200678  PID_findway                          
202006b0  PID_MotorA                           
202006e0  PID_MotorB                           
20200710  GyroControl                          
20200738  GyroPID_Angle                        
2020075c  GyroPID_Gyro                         
2020088c  base_speed                           
202008bc  targetYaw                            
202008c0  timer6Count                          
202008c8  yawWhenLost                          
202008cc  BLERX_FLAG                           
202008cd  BLERX_LEN                            
202008cf  check                                
202008d1  controlMode                          
202008d2  controlModelast                      
202008d4  gyroDir                              
202008d5  gyroToLineFlag                       
202008d6  isLineLost                           
202008d7  pid_enabled                          
20207e00  __stack                              
20208000  __STACK_END                          
ffffffff  __TI_pprof_out_hndl                  
ffffffff  __TI_prof_data_size                  
ffffffff  __TI_prof_data_start                 
ffffffff  __binit__                            
ffffffff  binit                                
UNDEFED   __mpu_init                           
UNDEFED   _system_post_cinit                   

[192 symbols]
