******************************************************************************
            TI ARM Clang Linker PC v4.0.3                      
******************************************************************************
>> Linked Tue Jul 21 17:05:03 2026

OUTPUT FILE NAME:   <Modular_testing_totalGPIO.out>
ENTRY POINT SYMBOL: "_c_int00_noargs"  address: 00002b75


MEMORY CONFIGURATION

         name            origin    length      used     unused   attr    fill
----------------------  --------  ---------  --------  --------  ----  --------
  FLASH                 00000000   00020000  00004630  0001b9d0  R  X
  SRAM                  20200000   00008000  00000863  0000779d  RW X
  BCR_CONFIG            41c00000   000000ff  00000000  000000ff  R   
  BSL_CONFIG            41c00100   00000080  00000000  00000080  R   


SEGMENT ALLOCATION MAP

run origin  load origin   length   init length attrs members
----------  ----------- ---------- ----------- ----- -------
00000000    00000000    00004630   00004630    r-x
  00000000    00000000    000000c0   000000c0    r-- .intvecs
  000000c0    000000c0    00002ca8   00002ca8    r-x .text
  00002d68    00002d68    00001898   00001898    r-- .rodata
  00004600    00004600    00000030   00000030    r-- .cinit
20200000    20200000    00000664   00000000    rw-
  20200000    20200000    0000061b   00000000    rw- .bss
  2020061c    2020061c    00000048   00000000    rw- .data
20207e00    20207e00    00000200   00000000    rw-
  20207e00    20207e00    00000200   00000000    rw- .stack


SECTION ALLOCATION MAP

 output                                  attributes/
section   page    origin      length       input sections
--------  ----  ----------  ----------   ----------------
.intvecs   0    00000000    000000c0     
                  00000000    000000c0     startup_mspm0g350x_ticlang.o (.intvecs)

.text      0    000000c0    00002ca8     
                  000000c0    0000038e     oled.o (.text.OLED_ShowNum)
                  0000044e    00000002     startup_mspm0g350x_ticlang.o (.text.Default_Handler)
                  00000450    00000364     empty.o (.text.main)
                  000007b4    00000324     oled.o (.text.OLED_WriteBlock)
                  00000ad8    000002a8     ti_msp_dl_config.o (.text.SYSCFG_DL_SYSCTL_SYSPLL_init)
                  00000d80    00000228     gyro.o (.text.Gyro_ParseByte)
                  00000fa8    000001b4     oled.o (.text.OLED_Init)
                  0000115c    00000194     line.o (.text.track_zhixian1)
                  000012f0    00000188     oled.o (.text.OLED_ShowChar)
                  00001478    00000144     oled.o (.text.OLED_Clear)
                  000015bc    0000013c     ti_msp_dl_config.o (.text.SYSCFG_DL_GPIO_init)
                  000016f8    00000138     oled.o (.text.OLED_Refresh)
                  00001830    00000104     driverlib.a : dl_timer.o (.text.DL_Timer_initFourCCPWMMode)
                  00001934    000000fc                 : dl_timer.o (.text.DL_Timer_initTimerMode)
                  00001a30    000000e0     PID_Control.o (.text.PID_Control_Update)
                  00001b10    000000e0     ti_msp_dl_config.o (.text.SYSCFG_DL_PWM_0_init)
                  00001bf0    000000dc     driverlib.a : dl_sysctl_mspm0g1x0x_g3x0x.o (.text.DL_SYSCTL_configSYSPLL)
                  00001ccc    000000d8     libclang_rt.builtins.a : addsf3.S.obj (.text)
                  00001da4    000000d4     PID.o (.text.Position_PID)
                  00001e78    000000bc     ti_msp_dl_config.o (.text.SYSCFG_DL_SYSCTL_init)
                  00001f34    000000b4     Motor.o (.text.Motor_SetSpeed)
                  00001fe8    0000009c     PID.o (.text.Incremental_PID)
                  00002084    0000009a     libc.a : memcpy16.S.obj (.text:memcpy)
                  0000211e    00000002     libclang_rt.builtins.a : aeabi_div0.c.obj (.text.__aeabi_idiv0)
                  00002120    0000008c                            : mulsf3.S.obj (.text.__mulsf3)
                  000021ac    00000088     Encoder.o (.text.Encoder_Init)
                  00002234    00000084     ti_msp_dl_config.o (.text.SYSCFG_DL_Gyro_init)
                  000022b8    00000082     libclang_rt.builtins.a : divsf3.S.obj (.text.__divsf3)
                  0000233a    00000002     --HOLE-- [fill = 0]
                  0000233c    0000007c     libc.a : copy_decompress_lzss.c.obj (.text:decompress:lzss)
                  000023b8    00000074     PID_Control.o (.text.PID_Control_Init)
                  0000242c    00000070     oled.o (.text.OLED_ClearArea)
                  0000249c    00000064     sensor.o (.text.digtal)
                  00002500    00000062     libclang_rt.builtins.a : aeabi_fcmp.S.obj (.text.__aeabi_fcmp)
                  00002562    00000062     libc.a : memset16.S.obj (.text:memset)
                  000025c4    00000060     oled.o (.text.OLED_ShowString)
                  00002624    00000060     ti_msp_dl_config.o (.text.SYSCFG_DL_initPower)
                  00002684    0000005e     driverlib.a : dl_i2c.o (.text.DL_I2C_fillControllerTXFIFO)
                  000026e2    00000002     --HOLE-- [fill = 0]
                  000026e4    00000058     Encoder_GPIO.o (.text.GROUP1_IRQHandler)
                  0000273c    00000054     ti_msp_dl_config.o (.text.SYSCFG_DL_OLED_init)
                  00002790    0000004c     line.o (.text.Line_PID_Init)
                  000027dc    0000004c     ti_msp_dl_config.o (.text.SYSCFG_DL_Pathfinding_TIM_init)
                  00002828    00000048     driverlib.a : dl_uart.o (.text.DL_UART_init)
                  00002870    00000048     ti_msp_dl_config.o (.text.SYSCFG_DL_PID_TIM_init)
                  000028b8    00000044     driverlib.a : dl_sysctl_mspm0g1x0x_g3x0x.o (.text.DL_SYSCTL_switchMCLKfromSYSOSCtoHSCLK)
                  000028fc    00000040     libclang_rt.builtins.a : aeabi_uidivmod.S.obj (.text.__aeabi_uidivmod)
                  0000293c    0000003c     line.o (.text.Line_PID_Update)
                  00002978    0000003c     libclang_rt.builtins.a : floatsisf.S.obj (.text.__floatsisf)
                  000029b4    0000003c                            : comparesf2.S.obj (.text.__gtsf2)
                  000029f0    0000003c     libc.a : autoinit.c.obj (.text:__TI_auto_init_nobinit_nopinit)
                  00002a2c    0000003a     libclang_rt.builtins.a : comparesf2.S.obj (.text.__eqsf2)
                  00002a66    00000002     --HOLE-- [fill = 0]
                  00002a68    0000003a                            : muldsi3.S.obj (.text.__muldsi3)
                  00002aa2    00000002     --HOLE-- [fill = 0]
                  00002aa4    00000038     ti_msp_dl_config.o (.text.SYSCFG_DL_init)
                  00002adc    00000038     libclang_rt.builtins.a : fixsfsi.S.obj (.text.__fixsfsi)
                  00002b14    00000032                            : fixunssfsi.S.obj (.text.__fixunssfsi)
                  00002b46    00000002     --HOLE-- [fill = 0]
                  00002b48    0000002c     empty.o (.text.UART2_IRQHandler)
                  00002b74    00000028     libc.a : boot_cortex_m.c.obj (.text:_c_int00_noargs)
                  00002b9c    00000026     driverlib.a : dl_i2c.o (.text.DL_I2C_setClockConfig)
                  00002bc2    00000002     --HOLE-- [fill = 0]
                  00002bc4    00000020     Encoder_GPIO.o (.text.Encoder_GPIO_Init)
                  00002be4    00000020     Motor.o (.text.Motor_Init)
                  00002c04    0000001c     driverlib.a : dl_sysctl_mspm0g1x0x_g3x0x.o (.text.DL_SYSCTL_configFCC)
                  00002c20    0000001c                 : dl_timer.o (.text.DL_Timer_setCaptCompUpdateMethod)
                  00002c3c    0000001c                 : dl_timer.o (.text.DL_Timer_setClockConfig)
                  00002c58    00000018                 : dl_timer.o (.text.DL_Timer_setCaptureCompareOutCtl)
                  00002c70    00000018     empty.o (.text.TIMA1_IRQHandler)
                  00002c88    00000018     empty.o (.text.TIMG0_IRQHandler)
                  00002ca0    00000014     PID_Control.o (.text.PID_Control_SetTarget)
                  00002cb4    00000012     driverlib.a : dl_uart.o (.text.DL_UART_setClockConfig)
                  00002cc6    00000012     libc.a : copy_decompress_none.c.obj (.text:decompress:none)
                  00002cd8    00000010     driverlib.a : dl_timer.o (.text.DL_Timer_setCaptureCompareValue)
                  00002ce8    00000010     Encoder_GPIO.o (.text.Encoder_GPIO_Get)
                  00002cf8    00000010     Encoder.o (.text.Encoder_Get)
                  00002d08    00000010     empty.o (.text.delay_ms)
                  00002d18    00000010     libc.a : copy_zero_init.c.obj (.text:decompress:ZI)
                  00002d28    0000000c     gyro.o (.text.Gyro_GetYaw)
                  00002d34    0000000c     libclang_rt.builtins.a : aeabi_memset.S.obj (.text.__aeabi_memclr)
                  00002d40    0000000a     driverlib.a : dl_common.o (.text.DL_Common_delayCycles)
                  00002d4a    00000002     --HOLE-- [fill = 0]
                  00002d4c    00000008     libclang_rt.builtins.a : aeabi_memcpy.S.obj (.text.__aeabi_memcpy)
                  00002d54    00000006     libc.a : exit.c.obj (.text:abort)
                  00002d5a    00000004     libsysbm.a : hostexit.c.obj (.text.HOSTexit)
                  00002d5e    00000004     startup_mspm0g350x_ticlang.o (.text.Reset_Handler)
                  00002d62    00000004     libc.a : pre_init.c.obj (.text._system_pre_init)
                  00002d66    00000002     --HOLE-- [fill = 0]

.cinit     0    00004600    00000030     
                  00004600    0000000c     (__TI_handler_table)
                  0000460c    00000008     (.cinit..bss.load) [load image, compression = zero_init]
                  00004614    00000008     (.cinit..data.load) [load image, compression = lzss]
                  0000461c    00000010     (__TI_cinit_table)
                  0000462c    00000004     --HOLE-- [fill = 0]

.rodata    0    00002d68    00001898     
                  00002d68    00000d5c     oled.o (.rodata.asc2_2412)
                  00003ac4    000005f0     oled.o (.rodata.asc2_1608)
                  000040b4    00000474     oled.o (.rodata.asc2_1206)
                  00004528    00000028     ti_msp_dl_config.o (.rodata.gSYSPLLConfig)
                  00004550    0000001c     oled.o (.rodata.OLED_Init.init_cmds)
                  0000456c    00000014     ti_msp_dl_config.o (.rodata.gPID_TIMTimerConfig)
                  00004580    00000014     ti_msp_dl_config.o (.rodata.gPathfinding_TIMTimerConfig)
                  00004594    0000000d     empty.o (.rodata.str1.17669528882079347314.1)
                  000045a1    0000000c     empty.o (.rodata.str1.11898133897667081452.1)
                  000045ad    00000001     --HOLE-- [fill = 0]
                  000045ae    0000000a     ti_msp_dl_config.o (.rodata.gGyroConfig)
                  000045b8    00000009     empty.o (.rodata.str1.7401042497206923953.1)
                  000045c1    00000003     ti_msp_dl_config.o (.rodata.gPID_TIMClockConfig)
                  000045c4    00000008     ti_msp_dl_config.o (.rodata.gPWM_0Config)
                  000045cc    00000008     empty.o (.rodata.str1.9517790425240694019.1)
                  000045d4    00000007     empty.o (.rodata.str1.14685083708502177989.1)
                  000045db    00000007     empty.o (.rodata.str1.254342170260855183.1)
                  000045e2    00000003     ti_msp_dl_config.o (.rodata.gPWM_0ClockConfig)
                  000045e5    00000003     ti_msp_dl_config.o (.rodata.gPathfinding_TIMClockConfig)
                  000045e8    00000003     empty.o (.rodata.str1.150872071346279890.1)
                  000045eb    00000003     empty.o (.rodata.str1.15706828512682300538.1)
                  000045ee    00000003     empty.o (.rodata.str1.16704889451495720520.1)
                  000045f1    00000002     ti_msp_dl_config.o (.rodata.gGyroClockConfig)
                  000045f3    00000002     ti_msp_dl_config.o (.rodata.gOLEDClockConfig)
                  000045f5    00000002     Motor.o (.rodata.motor_cc_idx)
                  000045f7    00000002     empty.o (.rodata.str1.2196762768037919588.1)
                  000045f9    00000007     --HOLE-- [fill = 0]

.init_array 
*          0    00000000    00000000     UNINITIALIZED

.binit     0    00000000    00000000     

.bss       0    20200000    0000061b     UNINITIALIZED
                  20200000    00000400     (.common:OLED_GRAM)
                  20200400    000000bc     (.common:gPWM_0Backup)
                  202004bc    000000bc     (.common:gPathfinding_TIMBackup)
                  20200578    00000038     (.common:PID_findway)
                  202005b0    00000030     (.common:PID_MotorA)
                  202005e0    00000030     (.common:PID_MotorB)
                  20200610    0000000b     gyro.o (.bss.Gyro_ParseByte.ucRxBuffer)

.data      0    2020061c    00000048     UNINITIALIZED
                  2020061c    00000008     empty.o (.data.speedA)
                  20200624    00000008     empty.o (.data.speedB)
                  2020062c    00000004     Encoder_GPIO.o (.data.encoder_count)
                  20200630    00000004     gyro.o (.data.g_accel.0)
                  20200634    00000004     gyro.o (.data.g_accel.1)
                  20200638    00000004     gyro.o (.data.g_accel.2)
                  2020063c    00000004     gyro.o (.data.g_angle.0)
                  20200640    00000004     gyro.o (.data.g_angle.1)
                  20200644    00000004     gyro.o (.data.g_angle.2)
                  20200648    00000004     gyro.o (.data.g_rate.0)
                  2020064c    00000004     gyro.o (.data.g_rate.1)
                  20200650    00000004     gyro.o (.data.g_rate.2)
                  20200654    00000004     empty.o (.data.gyro_irq_count)
                  20200658    00000004     empty.o (.data.poll_count)
                  2020065c    00000004     PID_Control.o (.data.startup_counter)
                  20200660    00000001     gyro.o (.data.Gyro_ParseByte.ucRxCnt)
                  20200661    00000001     sensor.o (.data.check)
                  20200662    00000001     PID_Control.o (.data.pid_enabled)
                  20200663    00000001     empty.o (.data.sensor_show_mode)

.stack     0    20207e00    00000200     UNINITIALIZED
                  20207e00    00000004     libc.a : boot_cortex_m.c.obj (.stack)
                  20207e04    000001fc     --HOLE--

__llvm_prf_cnts 
*          0    20200000    00000000     UNINITIALIZED

__llvm_prf_bits 
*          0    20200000    00000000     UNINITIALIZED

MODULE SUMMARY

       Module                         code    ro data   rw data
       ------                         ----    -------   -------
    .\
       oled.o                         3386    6108      1024   
       ti_msp_dl_config.o             1924    111       376    
       empty.o                        976     67        25     
       gyro.o                         564     0         48     
       line.o                         540     0         56     
       PID_Control.o                  360     0         101    
       PID.o                          368     0         0      
       Motor.o                        212     2         0      
       startup_mspm0g350x_ticlang.o   6       192       0      
       Encoder.o                      152     0         0      
       Encoder_GPIO.o                 136     0         4      
       sensor.o                       100     0         1      
    +--+------------------------------+-------+---------+---------+
       Total:                         8724    6480      1635   
                                                               
    C:/ti/mspm0_sdk_2_11_00_07/source/ti/driverlib/lib/ticlang/m0p/mspm0g1x0x_g3x0x/driverlib.a
       dl_timer.o                     608     0         0      
       dl_sysctl_mspm0g1x0x_g3x0x.o   316     0         0      
       dl_i2c.o                       132     0         0      
       dl_uart.o                      90      0         0      
       dl_common.o                    10      0         0      
    +--+------------------------------+-------+---------+---------+
       Total:                         1156    0         0      
                                                               
    C:\ti\ccs2020\ccs\tools\compiler\ti-cgt-armllvm_4.0.3.LTS\lib\armv6m-ti-none-eabi/c/libc.a
       memcpy16.S.obj                 154     0         0      
       copy_decompress_lzss.c.obj     124     0         0      
       memset16.S.obj                 98      0         0      
       autoinit.c.obj                 60      0         0      
       boot_cortex_m.c.obj            40      0         0      
       copy_decompress_none.c.obj     18      0         0      
       copy_zero_init.c.obj           16      0         0      
       exit.c.obj                     6       0         0      
       pre_init.c.obj                 4       0         0      
    +--+------------------------------+-------+---------+---------+
       Total:                         520     0         0      
                                                               
    C:\ti\ccs2020\ccs\tools\compiler\ti-cgt-armllvm_4.0.3.LTS\lib\armv6m-ti-none-eabi/c/libsysbm.a
       hostexit.c.obj                 4       0         0      
    +--+------------------------------+-------+---------+---------+
       Total:                         4       0         0      
                                                               
    C:\ti\ccs2020\ccs\tools\compiler\ti-cgt-armllvm_4.0.3.LTS\lib\armv6m-ti-none-eabi/libclang_rt.builtins.a
       addsf3.S.obj                   216     0         0      
       mulsf3.S.obj                   140     0         0      
       divsf3.S.obj                   130     0         0      
       comparesf2.S.obj               118     0         0      
       aeabi_fcmp.S.obj               98      0         0      
       aeabi_uidivmod.S.obj           64      0         0      
       floatsisf.S.obj                60      0         0      
       muldsi3.S.obj                  58      0         0      
       fixsfsi.S.obj                  56      0         0      
       fixunssfsi.S.obj               50      0         0      
       aeabi_memset.S.obj             12      0         0      
       aeabi_memcpy.S.obj             8       0         0      
       aeabi_div0.c.obj               2       0         0      
    +--+------------------------------+-------+---------+---------+
       Total:                         1012    0         0      
                                                               
       Stack:                         0       0         512    
       Linker Generated:              0       44        0      
    +--+------------------------------+-------+---------+---------+
       Grand Total:                   11416   6524      2147   


LINKER GENERATED COPY TABLES

__TI_cinit_table @ 0000461c records: 2, size/record: 8, table size: 16
	.bss: load addr=0000460c, load size=00000008 bytes, run addr=20200000, run size=0000061b bytes, compression=zero_init
	.data: load addr=00004614, load size=00000008 bytes, run addr=2020061c, run size=00000048 bytes, compression=lzss


LINKER GENERATED HANDLER TABLE

__TI_handler_table @ 00004600 records: 3, size/record: 4, table size: 12
	index: 0, handler: __TI_decompress_lzss
	index: 1, handler: __TI_decompress_none
	index: 2, handler: __TI_zero_init


GLOBAL SYMBOLS: SORTED ALPHABETICALLY BY Name 

address   name                                 
-------   ----                                 
0000044f  ADC0_IRQHandler                      
0000044f  ADC1_IRQHandler                      
0000044f  AES_IRQHandler                       
00002d5a  C$$EXIT                              
0000044f  CANFD0_IRQHandler                    
0000044f  DAC0_IRQHandler                      
00002d41  DL_Common_delayCycles                
00002685  DL_I2C_fillControllerTXFIFO          
00002b9d  DL_I2C_setClockConfig                
00002c05  DL_SYSCTL_configFCC                  
00001bf1  DL_SYSCTL_configSYSPLL               
000028b9  DL_SYSCTL_switchMCLKfromSYSOSCtoHSCLK
00001831  DL_Timer_initFourCCPWMMode           
00001935  DL_Timer_initTimerMode               
00002c21  DL_Timer_setCaptCompUpdateMethod     
00002c59  DL_Timer_setCaptureCompareOutCtl     
00002cd9  DL_Timer_setCaptureCompareValue      
00002c3d  DL_Timer_setClockConfig              
00002829  DL_UART_init                         
00002cb5  DL_UART_setClockConfig               
0000044f  DMA_IRQHandler                       
0000044f  Default_Handler                      
00002ce9  Encoder_GPIO_Get                     
00002bc5  Encoder_GPIO_Init                    
00002cf9  Encoder_Get                          
000021ad  Encoder_Init                         
0000044f  GROUP0_IRQHandler                    
000026e5  GROUP1_IRQHandler                    
00002d29  Gyro_GetYaw                          
00000d81  Gyro_ParseByte                       
00002d5b  HOSTexit                             
0000044f  HardFault_Handler                    
0000044f  I2C0_IRQHandler                      
0000044f  I2C1_IRQHandler                      
00001fe9  Incremental_PID                      
00002791  Line_PID_Init                        
0000293d  Line_PID_Update                      
00002be5  Motor_Init                           
00001f35  Motor_SetSpeed                       
0000044f  NMI_Handler                          
00001479  OLED_Clear                           
0000242d  OLED_ClearArea                       
20200000  OLED_GRAM                            
00000fa9  OLED_Init                            
000016f9  OLED_Refresh                         
000012f1  OLED_ShowChar                        
000000c1  OLED_ShowNum                         
000025c5  OLED_ShowString                      
000023b9  PID_Control_Init                     
00002ca1  PID_Control_SetTarget                
00001a31  PID_Control_Update                   
202005b0  PID_MotorA                           
202005e0  PID_MotorB                           
20200578  PID_findway                          
0000044f  PendSV_Handler                       
00001da5  Position_PID                         
0000044f  RTC_IRQHandler                       
00002d5f  Reset_Handler                        
0000044f  SPI0_IRQHandler                      
0000044f  SPI1_IRQHandler                      
0000044f  SVC_Handler                          
000015bd  SYSCFG_DL_GPIO_init                  
00002235  SYSCFG_DL_Gyro_init                  
0000273d  SYSCFG_DL_OLED_init                  
00002871  SYSCFG_DL_PID_TIM_init               
00001b11  SYSCFG_DL_PWM_0_init                 
000027dd  SYSCFG_DL_Pathfinding_TIM_init       
00000ad9  SYSCFG_DL_SYSCTL_SYSPLL_init         
00001e79  SYSCFG_DL_SYSCTL_init                
00002aa5  SYSCFG_DL_init                       
00002625  SYSCFG_DL_initPower                  
0000044f  SysTick_Handler                      
0000044f  TIMA0_IRQHandler                     
00002c71  TIMA1_IRQHandler                     
00002c89  TIMG0_IRQHandler                     
0000044f  TIMG12_IRQHandler                    
0000044f  TIMG6_IRQHandler                     
0000044f  TIMG7_IRQHandler                     
0000044f  TIMG8_IRQHandler                     
0000044f  UART0_IRQHandler                     
0000044f  UART1_IRQHandler                     
00002b49  UART2_IRQHandler                     
0000044f  UART3_IRQHandler                     
20208000  __STACK_END                          
00000200  __STACK_SIZE                         
00000000  __TI_ATRegion0_region_sz             
00000000  __TI_ATRegion0_src_addr              
00000000  __TI_ATRegion0_trg_addr              
00000000  __TI_ATRegion1_region_sz             
00000000  __TI_ATRegion1_src_addr              
00000000  __TI_ATRegion1_trg_addr              
00000000  __TI_ATRegion2_region_sz             
00000000  __TI_ATRegion2_src_addr              
00000000  __TI_ATRegion2_trg_addr              
0000461c  __TI_CINIT_Base                      
0000462c  __TI_CINIT_Limit                     
0000462c  __TI_CINIT_Warm                      
00004600  __TI_Handler_Table_Base              
0000460c  __TI_Handler_Table_Limit             
000029f1  __TI_auto_init_nobinit_nopinit       
0000233d  __TI_decompress_lzss                 
00002cc7  __TI_decompress_none                 
ffffffff  __TI_pprof_out_hndl                  
ffffffff  __TI_prof_data_size                  
ffffffff  __TI_prof_data_start                 
00000000  __TI_static_base__                   
00002d19  __TI_zero_init                       
00001cd7  __addsf3                             
00002add  __aeabi_f2iz                         
00002b15  __aeabi_f2uiz                        
00001cd7  __aeabi_fadd                         
00002501  __aeabi_fcmpeq                       
0000253d  __aeabi_fcmpge                       
00002551  __aeabi_fcmpgt                       
00002529  __aeabi_fcmple                       
00002515  __aeabi_fcmplt                       
000022b9  __aeabi_fdiv                         
00002121  __aeabi_fmul                         
00001ccd  __aeabi_fsub                         
00002979  __aeabi_i2f                          
0000211f  __aeabi_idiv0                        
00002d35  __aeabi_memclr                       
00002d35  __aeabi_memclr4                      
00002d35  __aeabi_memclr8                      
00002d4d  __aeabi_memcpy                       
00002d4d  __aeabi_memcpy4                      
00002d4d  __aeabi_memcpy8                      
000028fd  __aeabi_uidiv                        
000028fd  __aeabi_uidivmod                     
ffffffff  __binit__                            
00002a2d  __cmpsf2                             
000022b9  __divsf3                             
00002a2d  __eqsf2                              
00002add  __fixsfsi                            
00002b15  __fixunssfsi                         
00002979  __floatsisf                          
000029b5  __gesf2                              
000029b5  __gtsf2                              
00002a2d  __lesf2                              
00002a2d  __ltsf2                              
UNDEFED   __mpu_init                           
00002a69  __muldsi3                            
00002121  __mulsf3                             
00002a2d  __nesf2                              
20207e00  __stack                              
20200000  __start___llvm_prf_bits              
20200000  __start___llvm_prf_cnts              
20200000  __stop___llvm_prf_bits               
20200000  __stop___llvm_prf_cnts               
00001ccd  __subsf3                             
00002b75  _c_int00_noargs                      
UNDEFED   _system_post_cinit                   
00002d63  _system_pre_init                     
00002d55  abort                                
000040b4  asc2_1206                            
00003ac4  asc2_1608                            
00002d68  asc2_2412                            
ffffffff  binit                                
20200661  check                                
00002d09  delay_ms                             
0000249d  digtal                               
20200400  gPWM_0Backup                         
202004bc  gPathfinding_TIMBackup               
20200654  gyro_irq_count                       
00000000  interruptVectors                     
00000451  main                                 
00002085  memcpy                               
00002563  memset                               
20200662  pid_enabled                          
20200658  poll_count                           
2020061c  speedA                               
20200624  speedB                               
0000115d  track_zhixian1                       


GLOBAL SYMBOLS: SORTED BY Symbol Address 

address   name                                 
-------   ----                                 
00000000  __TI_ATRegion0_region_sz             
00000000  __TI_ATRegion0_src_addr              
00000000  __TI_ATRegion0_trg_addr              
00000000  __TI_ATRegion1_region_sz             
00000000  __TI_ATRegion1_src_addr              
00000000  __TI_ATRegion1_trg_addr              
00000000  __TI_ATRegion2_region_sz             
00000000  __TI_ATRegion2_src_addr              
00000000  __TI_ATRegion2_trg_addr              
00000000  __TI_static_base__                   
00000000  interruptVectors                     
000000c1  OLED_ShowNum                         
00000200  __STACK_SIZE                         
0000044f  ADC0_IRQHandler                      
0000044f  ADC1_IRQHandler                      
0000044f  AES_IRQHandler                       
0000044f  CANFD0_IRQHandler                    
0000044f  DAC0_IRQHandler                      
0000044f  DMA_IRQHandler                       
0000044f  Default_Handler                      
0000044f  GROUP0_IRQHandler                    
0000044f  HardFault_Handler                    
0000044f  I2C0_IRQHandler                      
0000044f  I2C1_IRQHandler                      
0000044f  NMI_Handler                          
0000044f  PendSV_Handler                       
0000044f  RTC_IRQHandler                       
0000044f  SPI0_IRQHandler                      
0000044f  SPI1_IRQHandler                      
0000044f  SVC_Handler                          
0000044f  SysTick_Handler                      
0000044f  TIMA0_IRQHandler                     
0000044f  TIMG12_IRQHandler                    
0000044f  TIMG6_IRQHandler                     
0000044f  TIMG7_IRQHandler                     
0000044f  TIMG8_IRQHandler                     
0000044f  UART0_IRQHandler                     
0000044f  UART1_IRQHandler                     
0000044f  UART3_IRQHandler                     
00000451  main                                 
00000ad9  SYSCFG_DL_SYSCTL_SYSPLL_init         
00000d81  Gyro_ParseByte                       
00000fa9  OLED_Init                            
0000115d  track_zhixian1                       
000012f1  OLED_ShowChar                        
00001479  OLED_Clear                           
000015bd  SYSCFG_DL_GPIO_init                  
000016f9  OLED_Refresh                         
00001831  DL_Timer_initFourCCPWMMode           
00001935  DL_Timer_initTimerMode               
00001a31  PID_Control_Update                   
00001b11  SYSCFG_DL_PWM_0_init                 
00001bf1  DL_SYSCTL_configSYSPLL               
00001ccd  __aeabi_fsub                         
00001ccd  __subsf3                             
00001cd7  __addsf3                             
00001cd7  __aeabi_fadd                         
00001da5  Position_PID                         
00001e79  SYSCFG_DL_SYSCTL_init                
00001f35  Motor_SetSpeed                       
00001fe9  Incremental_PID                      
00002085  memcpy                               
0000211f  __aeabi_idiv0                        
00002121  __aeabi_fmul                         
00002121  __mulsf3                             
000021ad  Encoder_Init                         
00002235  SYSCFG_DL_Gyro_init                  
000022b9  __aeabi_fdiv                         
000022b9  __divsf3                             
0000233d  __TI_decompress_lzss                 
000023b9  PID_Control_Init                     
0000242d  OLED_ClearArea                       
0000249d  digtal                               
00002501  __aeabi_fcmpeq                       
00002515  __aeabi_fcmplt                       
00002529  __aeabi_fcmple                       
0000253d  __aeabi_fcmpge                       
00002551  __aeabi_fcmpgt                       
00002563  memset                               
000025c5  OLED_ShowString                      
00002625  SYSCFG_DL_initPower                  
00002685  DL_I2C_fillControllerTXFIFO          
000026e5  GROUP1_IRQHandler                    
0000273d  SYSCFG_DL_OLED_init                  
00002791  Line_PID_Init                        
000027dd  SYSCFG_DL_Pathfinding_TIM_init       
00002829  DL_UART_init                         
00002871  SYSCFG_DL_PID_TIM_init               
000028b9  DL_SYSCTL_switchMCLKfromSYSOSCtoHSCLK
000028fd  __aeabi_uidiv                        
000028fd  __aeabi_uidivmod                     
0000293d  Line_PID_Update                      
00002979  __aeabi_i2f                          
00002979  __floatsisf                          
000029b5  __gesf2                              
000029b5  __gtsf2                              
000029f1  __TI_auto_init_nobinit_nopinit       
00002a2d  __cmpsf2                             
00002a2d  __eqsf2                              
00002a2d  __lesf2                              
00002a2d  __ltsf2                              
00002a2d  __nesf2                              
00002a69  __muldsi3                            
00002aa5  SYSCFG_DL_init                       
00002add  __aeabi_f2iz                         
00002add  __fixsfsi                            
00002b15  __aeabi_f2uiz                        
00002b15  __fixunssfsi                         
00002b49  UART2_IRQHandler                     
00002b75  _c_int00_noargs                      
00002b9d  DL_I2C_setClockConfig                
00002bc5  Encoder_GPIO_Init                    
00002be5  Motor_Init                           
00002c05  DL_SYSCTL_configFCC                  
00002c21  DL_Timer_setCaptCompUpdateMethod     
00002c3d  DL_Timer_setClockConfig              
00002c59  DL_Timer_setCaptureCompareOutCtl     
00002c71  TIMA1_IRQHandler                     
00002c89  TIMG0_IRQHandler                     
00002ca1  PID_Control_SetTarget                
00002cb5  DL_UART_setClockConfig               
00002cc7  __TI_decompress_none                 
00002cd9  DL_Timer_setCaptureCompareValue      
00002ce9  Encoder_GPIO_Get                     
00002cf9  Encoder_Get                          
00002d09  delay_ms                             
00002d19  __TI_zero_init                       
00002d29  Gyro_GetYaw                          
00002d35  __aeabi_memclr                       
00002d35  __aeabi_memclr4                      
00002d35  __aeabi_memclr8                      
00002d41  DL_Common_delayCycles                
00002d4d  __aeabi_memcpy                       
00002d4d  __aeabi_memcpy4                      
00002d4d  __aeabi_memcpy8                      
00002d55  abort                                
00002d5a  C$$EXIT                              
00002d5b  HOSTexit                             
00002d5f  Reset_Handler                        
00002d63  _system_pre_init                     
00002d68  asc2_2412                            
00003ac4  asc2_1608                            
000040b4  asc2_1206                            
00004600  __TI_Handler_Table_Base              
0000460c  __TI_Handler_Table_Limit             
0000461c  __TI_CINIT_Base                      
0000462c  __TI_CINIT_Limit                     
0000462c  __TI_CINIT_Warm                      
20200000  OLED_GRAM                            
20200000  __start___llvm_prf_bits              
20200000  __start___llvm_prf_cnts              
20200000  __stop___llvm_prf_bits               
20200000  __stop___llvm_prf_cnts               
20200400  gPWM_0Backup                         
202004bc  gPathfinding_TIMBackup               
20200578  PID_findway                          
202005b0  PID_MotorA                           
202005e0  PID_MotorB                           
2020061c  speedA                               
20200624  speedB                               
20200654  gyro_irq_count                       
20200658  poll_count                           
20200661  check                                
20200662  pid_enabled                          
20207e00  __stack                              
20208000  __STACK_END                          
ffffffff  __TI_pprof_out_hndl                  
ffffffff  __TI_prof_data_size                  
ffffffff  __TI_prof_data_start                 
ffffffff  __binit__                            
ffffffff  binit                                
UNDEFED   __mpu_init                           
UNDEFED   _system_post_cinit                   

[173 symbols]
