******************************************************************************
            TI ARM Clang Linker PC v4.0.3                      
******************************************************************************
>> Linked Tue Jul 21 10:20:40 2026

OUTPUT FILE NAME:   <Modular_testing_OLED_PWM_Encoder_TIM_Pathfinding_Sysclk.out>
ENTRY POINT SYMBOL: "_c_int00_noargs"  address: 00002741


MEMORY CONFIGURATION

         name            origin    length      used     unused   attr    fill
----------------------  --------  ---------  --------  --------  ----  --------
  FLASH                 00000000   00020000  000041c0  0001be40  R  X
  SRAM                  20200000   00008000  0000082b  000077d5  RW X
  BCR_CONFIG            41c00000   000000ff  00000000  000000ff  R   
  BSL_CONFIG            41c00100   00000080  00000000  00000080  R   


SEGMENT ALLOCATION MAP

run origin  load origin   length   init length attrs members
----------  ----------- ---------- ----------- ----- -------
00000000    00000000    000041c0   000041c0    r-x
  00000000    00000000    000000c0   000000c0    r-- .intvecs
  000000c0    000000c0    00002858   00002858    r-x .text
  00002918    00002918    00001878   00001878    r-- .rodata
  00004190    00004190    00000030   00000030    r-- .cinit
20200000    20200000    0000062b   00000000    rw-
  20200000    20200000    00000610   00000000    rw- .bss
  20200610    20200610    0000001b   00000000    rw- .data
20207e00    20207e00    00000200   00000000    rw-
  20207e00    20207e00    00000200   00000000    rw- .stack


SECTION ALLOCATION MAP

 output                                  attributes/
section   page    origin      length       input sections
--------  ----  ----------  ----------   ----------------
.intvecs   0    00000000    000000c0     
                  00000000    000000c0     startup_mspm0g350x_ticlang.o (.intvecs)

.text      0    000000c0    00002858     
                  000000c0    0000038e     oled.o (.text.OLED_ShowNum)
                  0000044e    00000002     startup_mspm0g350x_ticlang.o (.text.Default_Handler)
                  00000450    00000324     oled.o (.text.OLED_WriteBlock)
                  00000774    000002bc     empty.o (.text.main)
                  00000a30    000002a8     ti_msp_dl_config.o (.text.SYSCFG_DL_SYSCTL_SYSPLL_init)
                  00000cd8    000001b4     oled.o (.text.OLED_Init)
                  00000e8c    00000194     line.o (.text.track_zhixian1)
                  00001020    00000188     oled.o (.text.OLED_ShowChar)
                  000011a8    00000144     oled.o (.text.OLED_Clear)
                  000012ec    00000138     oled.o (.text.OLED_Refresh)
                  00001424    00000104     driverlib.a : dl_timer.o (.text.DL_Timer_initFourCCPWMMode)
                  00001528    000000fc                 : dl_timer.o (.text.DL_Timer_initTimerMode)
                  00001624    000000fc     ti_msp_dl_config.o (.text.SYSCFG_DL_GPIO_init)
                  00001720    000000e0     PID_Control.o (.text.PID_Control_Update)
                  00001800    000000e0     ti_msp_dl_config.o (.text.SYSCFG_DL_PWM_0_init)
                  000018e0    000000dc     driverlib.a : dl_sysctl_mspm0g1x0x_g3x0x.o (.text.DL_SYSCTL_configSYSPLL)
                  000019bc    000000d8     libclang_rt.builtins.a : addsf3.S.obj (.text)
                  00001a94    000000d4     PID.o (.text.Position_PID)
                  00001b68    000000b8     ti_msp_dl_config.o (.text.SYSCFG_DL_SYSCTL_init)
                  00001c20    0000009c     PID.o (.text.Incremental_PID)
                  00001cbc    0000009c     Motor.o (.text.Motor_SetSpeed)
                  00001d58    0000009a     libc.a : memcpy16.S.obj (.text:memcpy)
                  00001df2    00000002     libclang_rt.builtins.a : aeabi_div0.c.obj (.text.__aeabi_idiv0)
                  00001df4    0000008c                            : mulsf3.S.obj (.text.__mulsf3)
                  00001e80    00000088     Encoder.o (.text.Encoder_Init)
                  00001f08    00000082     libclang_rt.builtins.a : divsf3.S.obj (.text.__divsf3)
                  00001f8a    00000002     --HOLE-- [fill = 0]
                  00001f8c    0000007c     libc.a : copy_decompress_lzss.c.obj (.text:decompress:lzss)
                  00002008    00000074     PID_Control.o (.text.PID_Control_Init)
                  0000207c    00000070     oled.o (.text.OLED_ClearArea)
                  000020ec    00000064     sensor.o (.text.digtal)
                  00002150    00000062     libclang_rt.builtins.a : aeabi_fcmp.S.obj (.text.__aeabi_fcmp)
                  000021b2    00000062     libc.a : memset16.S.obj (.text:memset)
                  00002214    00000060     oled.o (.text.OLED_ShowString)
                  00002274    0000005e     driverlib.a : dl_i2c.o (.text.DL_I2C_fillControllerTXFIFO)
                  000022d2    00000002     --HOLE-- [fill = 0]
                  000022d4    00000058     Encoder_GPIO.o (.text.GROUP1_IRQHandler)
                  0000232c    00000054     ti_msp_dl_config.o (.text.SYSCFG_DL_OLED_init)
                  00002380    00000054     ti_msp_dl_config.o (.text.SYSCFG_DL_initPower)
                  000023d4    0000004c     line.o (.text.Line_PID_Init)
                  00002420    0000004c     ti_msp_dl_config.o (.text.SYSCFG_DL_Pathfinding_TIM_init)
                  0000246c    00000048     ti_msp_dl_config.o (.text.SYSCFG_DL_PID_TIM_init)
                  000024b4    00000044     driverlib.a : dl_sysctl_mspm0g1x0x_g3x0x.o (.text.DL_SYSCTL_switchMCLKfromSYSOSCtoHSCLK)
                  000024f8    00000040     libclang_rt.builtins.a : aeabi_uidivmod.S.obj (.text.__aeabi_uidivmod)
                  00002538    0000003c     line.o (.text.Line_PID_Update)
                  00002574    0000003c     libclang_rt.builtins.a : floatsisf.S.obj (.text.__floatsisf)
                  000025b0    0000003c                            : comparesf2.S.obj (.text.__gtsf2)
                  000025ec    0000003c     libc.a : autoinit.c.obj (.text:__TI_auto_init_nobinit_nopinit)
                  00002628    0000003a     libclang_rt.builtins.a : comparesf2.S.obj (.text.__eqsf2)
                  00002662    00000002     --HOLE-- [fill = 0]
                  00002664    0000003a                            : muldsi3.S.obj (.text.__muldsi3)
                  0000269e    00000002     --HOLE-- [fill = 0]
                  000026a0    00000038                            : fixsfsi.S.obj (.text.__fixsfsi)
                  000026d8    00000034     ti_msp_dl_config.o (.text.SYSCFG_DL_init)
                  0000270c    00000032     libclang_rt.builtins.a : fixunssfsi.S.obj (.text.__fixunssfsi)
                  0000273e    00000002     --HOLE-- [fill = 0]
                  00002740    00000028     libc.a : boot_cortex_m.c.obj (.text:_c_int00_noargs)
                  00002768    00000026     driverlib.a : dl_i2c.o (.text.DL_I2C_setClockConfig)
                  0000278e    00000002     --HOLE-- [fill = 0]
                  00002790    00000020     Encoder_GPIO.o (.text.Encoder_GPIO_Init)
                  000027b0    00000020     Motor.o (.text.Motor_Init)
                  000027d0    0000001c     driverlib.a : dl_sysctl_mspm0g1x0x_g3x0x.o (.text.DL_SYSCTL_configFCC)
                  000027ec    0000001c                 : dl_timer.o (.text.DL_Timer_setCaptCompUpdateMethod)
                  00002808    0000001c                 : dl_timer.o (.text.DL_Timer_setClockConfig)
                  00002824    00000018                 : dl_timer.o (.text.DL_Timer_setCaptureCompareOutCtl)
                  0000283c    00000018     empty.o (.text.TIMA1_IRQHandler)
                  00002854    00000018     empty.o (.text.TIMG0_IRQHandler)
                  0000286c    00000014     PID_Control.o (.text.PID_Control_SetTarget)
                  00002880    00000012     libc.a : copy_decompress_none.c.obj (.text:decompress:none)
                  00002892    00000002     --HOLE-- [fill = 0]
                  00002894    00000010     driverlib.a : dl_timer.o (.text.DL_Timer_setCaptureCompareValue)
                  000028a4    00000010     Encoder_GPIO.o (.text.Encoder_GPIO_Get)
                  000028b4    00000010     Encoder.o (.text.Encoder_Get)
                  000028c4    00000010     empty.o (.text.delay_ms)
                  000028d4    00000010     libc.a : copy_zero_init.c.obj (.text:decompress:ZI)
                  000028e4    0000000c     libclang_rt.builtins.a : aeabi_memset.S.obj (.text.__aeabi_memclr)
                  000028f0    0000000a     driverlib.a : dl_common.o (.text.DL_Common_delayCycles)
                  000028fa    00000002     --HOLE-- [fill = 0]
                  000028fc    00000008     libclang_rt.builtins.a : aeabi_memcpy.S.obj (.text.__aeabi_memcpy)
                  00002904    00000006     libc.a : exit.c.obj (.text:abort)
                  0000290a    00000004     libsysbm.a : hostexit.c.obj (.text.HOSTexit)
                  0000290e    00000004     startup_mspm0g350x_ticlang.o (.text.Reset_Handler)
                  00002912    00000004     libc.a : pre_init.c.obj (.text._system_pre_init)
                  00002916    00000002     --HOLE-- [fill = 0]

.cinit     0    00004190    00000030     
                  00004190    0000000c     (__TI_handler_table)
                  0000419c    00000008     (.cinit..bss.load) [load image, compression = zero_init]
                  000041a4    00000008     (.cinit..data.load) [load image, compression = lzss]
                  000041ac    00000010     (__TI_cinit_table)
                  000041bc    00000004     --HOLE-- [fill = 0]

.rodata    0    00002918    00001878     
                  00002918    00000d5c     oled.o (.rodata.asc2_2412)
                  00003674    000005f0     oled.o (.rodata.asc2_1608)
                  00003c64    00000474     oled.o (.rodata.asc2_1206)
                  000040d8    00000028     ti_msp_dl_config.o (.rodata.gSYSPLLConfig)
                  00004100    0000001c     oled.o (.rodata.OLED_Init.init_cmds)
                  0000411c    00000014     ti_msp_dl_config.o (.rodata.gPID_TIMTimerConfig)
                  00004130    00000014     ti_msp_dl_config.o (.rodata.gPathfinding_TIMTimerConfig)
                  00004144    0000000c     empty.o (.rodata.str1.11898133897667081452.1)
                  00004150    00000009     empty.o (.rodata.str1.17669528882079347314.1)
                  00004159    00000009     empty.o (.rodata.str1.7401042497206923953.1)
                  00004162    00000002     ti_msp_dl_config.o (.rodata.gOLEDClockConfig)
                  00004164    00000008     ti_msp_dl_config.o (.rodata.gPWM_0Config)
                  0000416c    00000008     empty.o (.rodata.str1.9517790425240694019.1)
                  00004174    00000007     empty.o (.rodata.str1.14685083708502177989.1)
                  0000417b    00000007     empty.o (.rodata.str1.254342170260855183.1)
                  00004182    00000003     ti_msp_dl_config.o (.rodata.gPID_TIMClockConfig)
                  00004185    00000003     ti_msp_dl_config.o (.rodata.gPWM_0ClockConfig)
                  00004188    00000003     ti_msp_dl_config.o (.rodata.gPathfinding_TIMClockConfig)
                  0000418b    00000002     Motor.o (.rodata.motor_cc_idx)
                  0000418d    00000003     --HOLE-- [fill = 0]

.init_array 
*          0    00000000    00000000     UNINITIALIZED

.binit     0    00000000    00000000     

.bss       0    20200000    00000610     UNINITIALIZED
                  20200000    00000400     (.common:OLED_GRAM)
                  20200400    000000bc     (.common:gPWM_0Backup)
                  202004bc    000000bc     (.common:gPathfinding_TIMBackup)
                  20200578    00000038     (.common:PID_findway)
                  202005b0    00000030     (.common:PID_MotorA)
                  202005e0    00000030     (.common:PID_MotorB)

.data      0    20200610    0000001b     UNINITIALIZED
                  20200610    00000008     empty.o (.data.speedA)
                  20200618    00000008     empty.o (.data.speedB)
                  20200620    00000004     Encoder_GPIO.o (.data.encoder_count)
                  20200624    00000004     PID_Control.o (.data.startup_counter)
                  20200628    00000001     sensor.o (.data.check)
                  20200629    00000001     PID_Control.o (.data.pid_enabled)
                  2020062a    00000001     empty.o (.data.sensor_show_mode)

.stack     0    20207e00    00000200     UNINITIALIZED
                  20207e00    00000004     libc.a : boot_cortex_m.c.obj (.stack)
                  20207e04    000001fc     --HOLE--

__llvm_prf_cnts 
*          0    20200000    00000000     UNINITIALIZED

__llvm_prf_bits 
*          0    20200000    00000000     UNINITIALIZED

MODULE SUMMARY

       Module                         code    ro data   rw data
       ------                         ----    -------   -------
    .\
       oled.o                         3386    6108      1024   
       ti_msp_dl_config.o             1708    99        376    
       empty.o                        764     52        17     
       line.o                         540     0         56     
       PID_Control.o                  360     0         101    
       PID.o                          368     0         0      
       startup_mspm0g350x_ticlang.o   6       192       0      
       Motor.o                        188     2         0      
       Encoder.o                      152     0         0      
       Encoder_GPIO.o                 136     0         4      
       sensor.o                       100     0         1      
    +--+------------------------------+-------+---------+---------+
       Total:                         7708    6453      1579   
                                                               
    C:/ti/mspm0_sdk_2_11_00_07/source/ti/driverlib/lib/ticlang/m0p/mspm0g1x0x_g3x0x/driverlib.a
       dl_timer.o                     608     0         0      
       dl_sysctl_mspm0g1x0x_g3x0x.o   316     0         0      
       dl_i2c.o                       132     0         0      
       dl_common.o                    10      0         0      
    +--+------------------------------+-------+---------+---------+
       Total:                         1066    0         0      
                                                               
    C:\ti\ccs2020\ccs\tools\compiler\ti-cgt-armllvm_4.0.3.LTS\lib\armv6m-ti-none-eabi/c/libc.a
       memcpy16.S.obj                 154     0         0      
       copy_decompress_lzss.c.obj     124     0         0      
       memset16.S.obj                 98      0         0      
       autoinit.c.obj                 60      0         0      
       boot_cortex_m.c.obj            40      0         0      
       copy_decompress_none.c.obj     18      0         0      
       copy_zero_init.c.obj           16      0         0      
       exit.c.obj                     6       0         0      
       pre_init.c.obj                 4       0         0      
    +--+------------------------------+-------+---------+---------+
       Total:                         520     0         0      
                                                               
    C:\ti\ccs2020\ccs\tools\compiler\ti-cgt-armllvm_4.0.3.LTS\lib\armv6m-ti-none-eabi/c/libsysbm.a
       hostexit.c.obj                 4       0         0      
    +--+------------------------------+-------+---------+---------+
       Total:                         4       0         0      
                                                               
    C:\ti\ccs2020\ccs\tools\compiler\ti-cgt-armllvm_4.0.3.LTS\lib\armv6m-ti-none-eabi/libclang_rt.builtins.a
       addsf3.S.obj                   216     0         0      
       mulsf3.S.obj                   140     0         0      
       divsf3.S.obj                   130     0         0      
       comparesf2.S.obj               118     0         0      
       aeabi_fcmp.S.obj               98      0         0      
       aeabi_uidivmod.S.obj           64      0         0      
       floatsisf.S.obj                60      0         0      
       muldsi3.S.obj                  58      0         0      
       fixsfsi.S.obj                  56      0         0      
       fixunssfsi.S.obj               50      0         0      
       aeabi_memset.S.obj             12      0         0      
       aeabi_memcpy.S.obj             8       0         0      
       aeabi_div0.c.obj               2       0         0      
    +--+------------------------------+-------+---------+---------+
       Total:                         1012    0         0      
                                                               
       Stack:                         0       0         512    
       Linker Generated:              0       44        0      
    +--+------------------------------+-------+---------+---------+
       Grand Total:                   10310   6497      2091   


LINKER GENERATED COPY TABLES

__TI_cinit_table @ 000041ac records: 2, size/record: 8, table size: 16
	.bss: load addr=0000419c, load size=00000008 bytes, run addr=20200000, run size=00000610 bytes, compression=zero_init
	.data: load addr=000041a4, load size=00000008 bytes, run addr=20200610, run size=0000001b bytes, compression=lzss


LINKER GENERATED HANDLER TABLE

__TI_handler_table @ 00004190 records: 3, size/record: 4, table size: 12
	index: 0, handler: __TI_decompress_lzss
	index: 1, handler: __TI_decompress_none
	index: 2, handler: __TI_zero_init


GLOBAL SYMBOLS: SORTED ALPHABETICALLY BY Name 

address   name                                 
-------   ----                                 
0000044f  ADC0_IRQHandler                      
0000044f  ADC1_IRQHandler                      
0000044f  AES_IRQHandler                       
0000290a  C$$EXIT                              
0000044f  CANFD0_IRQHandler                    
0000044f  DAC0_IRQHandler                      
000028f1  DL_Common_delayCycles                
00002275  DL_I2C_fillControllerTXFIFO          
00002769  DL_I2C_setClockConfig                
000027d1  DL_SYSCTL_configFCC                  
000018e1  DL_SYSCTL_configSYSPLL               
000024b5  DL_SYSCTL_switchMCLKfromSYSOSCtoHSCLK
00001425  DL_Timer_initFourCCPWMMode           
00001529  DL_Timer_initTimerMode               
000027ed  DL_Timer_setCaptCompUpdateMethod     
00002825  DL_Timer_setCaptureCompareOutCtl     
00002895  DL_Timer_setCaptureCompareValue      
00002809  DL_Timer_setClockConfig              
0000044f  DMA_IRQHandler                       
0000044f  Default_Handler                      
000028a5  Encoder_GPIO_Get                     
00002791  Encoder_GPIO_Init                    
000028b5  Encoder_Get                          
00001e81  Encoder_Init                         
0000044f  GROUP0_IRQHandler                    
000022d5  GROUP1_IRQHandler                    
0000290b  HOSTexit                             
0000044f  HardFault_Handler                    
0000044f  I2C0_IRQHandler                      
0000044f  I2C1_IRQHandler                      
00001c21  Incremental_PID                      
000023d5  Line_PID_Init                        
00002539  Line_PID_Update                      
000027b1  Motor_Init                           
00001cbd  Motor_SetSpeed                       
0000044f  NMI_Handler                          
000011a9  OLED_Clear                           
0000207d  OLED_ClearArea                       
20200000  OLED_GRAM                            
00000cd9  OLED_Init                            
000012ed  OLED_Refresh                         
00001021  OLED_ShowChar                        
000000c1  OLED_ShowNum                         
00002215  OLED_ShowString                      
00002009  PID_Control_Init                     
0000286d  PID_Control_SetTarget                
00001721  PID_Control_Update                   
202005b0  PID_MotorA                           
202005e0  PID_MotorB                           
20200578  PID_findway                          
0000044f  PendSV_Handler                       
00001a95  Position_PID                         
0000044f  RTC_IRQHandler                       
0000290f  Reset_Handler                        
0000044f  SPI0_IRQHandler                      
0000044f  SPI1_IRQHandler                      
0000044f  SVC_Handler                          
00001625  SYSCFG_DL_GPIO_init                  
0000232d  SYSCFG_DL_OLED_init                  
0000246d  SYSCFG_DL_PID_TIM_init               
00001801  SYSCFG_DL_PWM_0_init                 
00002421  SYSCFG_DL_Pathfinding_TIM_init       
00000a31  SYSCFG_DL_SYSCTL_SYSPLL_init         
00001b69  SYSCFG_DL_SYSCTL_init                
000026d9  SYSCFG_DL_init                       
00002381  SYSCFG_DL_initPower                  
0000044f  SysTick_Handler                      
0000044f  TIMA0_IRQHandler                     
0000283d  TIMA1_IRQHandler                     
00002855  TIMG0_IRQHandler                     
0000044f  TIMG12_IRQHandler                    
0000044f  TIMG6_IRQHandler                     
0000044f  TIMG7_IRQHandler                     
0000044f  TIMG8_IRQHandler                     
0000044f  UART0_IRQHandler                     
0000044f  UART1_IRQHandler                     
0000044f  UART2_IRQHandler                     
0000044f  UART3_IRQHandler                     
20208000  __STACK_END                          
00000200  __STACK_SIZE                         
00000000  __TI_ATRegion0_region_sz             
00000000  __TI_ATRegion0_src_addr              
00000000  __TI_ATRegion0_trg_addr              
00000000  __TI_ATRegion1_region_sz             
00000000  __TI_ATRegion1_src_addr              
00000000  __TI_ATRegion1_trg_addr              
00000000  __TI_ATRegion2_region_sz             
00000000  __TI_ATRegion2_src_addr              
00000000  __TI_ATRegion2_trg_addr              
000041ac  __TI_CINIT_Base                      
000041bc  __TI_CINIT_Limit                     
000041bc  __TI_CINIT_Warm                      
00004190  __TI_Handler_Table_Base              
0000419c  __TI_Handler_Table_Limit             
000025ed  __TI_auto_init_nobinit_nopinit       
00001f8d  __TI_decompress_lzss                 
00002881  __TI_decompress_none                 
ffffffff  __TI_pprof_out_hndl                  
ffffffff  __TI_prof_data_size                  
ffffffff  __TI_prof_data_start                 
00000000  __TI_static_base__                   
000028d5  __TI_zero_init                       
000019c7  __addsf3                             
000026a1  __aeabi_f2iz                         
0000270d  __aeabi_f2uiz                        
000019c7  __aeabi_fadd                         
00002151  __aeabi_fcmpeq                       
0000218d  __aeabi_fcmpge                       
000021a1  __aeabi_fcmpgt                       
00002179  __aeabi_fcmple                       
00002165  __aeabi_fcmplt                       
00001f09  __aeabi_fdiv                         
00001df5  __aeabi_fmul                         
000019bd  __aeabi_fsub                         
00002575  __aeabi_i2f                          
00001df3  __aeabi_idiv0                        
000028e5  __aeabi_memclr                       
000028e5  __aeabi_memclr4                      
000028e5  __aeabi_memclr8                      
000028fd  __aeabi_memcpy                       
000028fd  __aeabi_memcpy4                      
000028fd  __aeabi_memcpy8                      
000024f9  __aeabi_uidiv                        
000024f9  __aeabi_uidivmod                     
ffffffff  __binit__                            
00002629  __cmpsf2                             
00001f09  __divsf3                             
00002629  __eqsf2                              
000026a1  __fixsfsi                            
0000270d  __fixunssfsi                         
00002575  __floatsisf                          
000025b1  __gesf2                              
000025b1  __gtsf2                              
00002629  __lesf2                              
00002629  __ltsf2                              
UNDEFED   __mpu_init                           
00002665  __muldsi3                            
00001df5  __mulsf3                             
00002629  __nesf2                              
20207e00  __stack                              
20200000  __start___llvm_prf_bits              
20200000  __start___llvm_prf_cnts              
20200000  __stop___llvm_prf_bits               
20200000  __stop___llvm_prf_cnts               
000019bd  __subsf3                             
00002741  _c_int00_noargs                      
UNDEFED   _system_post_cinit                   
00002913  _system_pre_init                     
00002905  abort                                
00003c64  asc2_1206                            
00003674  asc2_1608                            
00002918  asc2_2412                            
ffffffff  binit                                
20200628  check                                
000028c5  delay_ms                             
000020ed  digtal                               
20200400  gPWM_0Backup                         
202004bc  gPathfinding_TIMBackup               
00000000  interruptVectors                     
00000775  main                                 
00001d59  memcpy                               
000021b3  memset                               
20200629  pid_enabled                          
20200610  speedA                               
20200618  speedB                               
00000e8d  track_zhixian1                       


GLOBAL SYMBOLS: SORTED BY Symbol Address 

address   name                                 
-------   ----                                 
00000000  __TI_ATRegion0_region_sz             
00000000  __TI_ATRegion0_src_addr              
00000000  __TI_ATRegion0_trg_addr              
00000000  __TI_ATRegion1_region_sz             
00000000  __TI_ATRegion1_src_addr              
00000000  __TI_ATRegion1_trg_addr              
00000000  __TI_ATRegion2_region_sz             
00000000  __TI_ATRegion2_src_addr              
00000000  __TI_ATRegion2_trg_addr              
00000000  __TI_static_base__                   
00000000  interruptVectors                     
000000c1  OLED_ShowNum                         
00000200  __STACK_SIZE                         
0000044f  ADC0_IRQHandler                      
0000044f  ADC1_IRQHandler                      
0000044f  AES_IRQHandler                       
0000044f  CANFD0_IRQHandler                    
0000044f  DAC0_IRQHandler                      
0000044f  DMA_IRQHandler                       
0000044f  Default_Handler                      
0000044f  GROUP0_IRQHandler                    
0000044f  HardFault_Handler                    
0000044f  I2C0_IRQHandler                      
0000044f  I2C1_IRQHandler                      
0000044f  NMI_Handler                          
0000044f  PendSV_Handler                       
0000044f  RTC_IRQHandler                       
0000044f  SPI0_IRQHandler                      
0000044f  SPI1_IRQHandler                      
0000044f  SVC_Handler                          
0000044f  SysTick_Handler                      
0000044f  TIMA0_IRQHandler                     
0000044f  TIMG12_IRQHandler                    
0000044f  TIMG6_IRQHandler                     
0000044f  TIMG7_IRQHandler                     
0000044f  TIMG8_IRQHandler                     
0000044f  UART0_IRQHandler                     
0000044f  UART1_IRQHandler                     
0000044f  UART2_IRQHandler                     
0000044f  UART3_IRQHandler                     
00000775  main                                 
00000a31  SYSCFG_DL_SYSCTL_SYSPLL_init         
00000cd9  OLED_Init                            
00000e8d  track_zhixian1                       
00001021  OLED_ShowChar                        
000011a9  OLED_Clear                           
000012ed  OLED_Refresh                         
00001425  DL_Timer_initFourCCPWMMode           
00001529  DL_Timer_initTimerMode               
00001625  SYSCFG_DL_GPIO_init                  
00001721  PID_Control_Update                   
00001801  SYSCFG_DL_PWM_0_init                 
000018e1  DL_SYSCTL_configSYSPLL               
000019bd  __aeabi_fsub                         
000019bd  __subsf3                             
000019c7  __addsf3                             
000019c7  __aeabi_fadd                         
00001a95  Position_PID                         
00001b69  SYSCFG_DL_SYSCTL_init                
00001c21  Incremental_PID                      
00001cbd  Motor_SetSpeed                       
00001d59  memcpy                               
00001df3  __aeabi_idiv0                        
00001df5  __aeabi_fmul                         
00001df5  __mulsf3                             
00001e81  Encoder_Init                         
00001f09  __aeabi_fdiv                         
00001f09  __divsf3                             
00001f8d  __TI_decompress_lzss                 
00002009  PID_Control_Init                     
0000207d  OLED_ClearArea                       
000020ed  digtal                               
00002151  __aeabi_fcmpeq                       
00002165  __aeabi_fcmplt                       
00002179  __aeabi_fcmple                       
0000218d  __aeabi_fcmpge                       
000021a1  __aeabi_fcmpgt                       
000021b3  memset                               
00002215  OLED_ShowString                      
00002275  DL_I2C_fillControllerTXFIFO          
000022d5  GROUP1_IRQHandler                    
0000232d  SYSCFG_DL_OLED_init                  
00002381  SYSCFG_DL_initPower                  
000023d5  Line_PID_Init                        
00002421  SYSCFG_DL_Pathfinding_TIM_init       
0000246d  SYSCFG_DL_PID_TIM_init               
000024b5  DL_SYSCTL_switchMCLKfromSYSOSCtoHSCLK
000024f9  __aeabi_uidiv                        
000024f9  __aeabi_uidivmod                     
00002539  Line_PID_Update                      
00002575  __aeabi_i2f                          
00002575  __floatsisf                          
000025b1  __gesf2                              
000025b1  __gtsf2                              
000025ed  __TI_auto_init_nobinit_nopinit       
00002629  __cmpsf2                             
00002629  __eqsf2                              
00002629  __lesf2                              
00002629  __ltsf2                              
00002629  __nesf2                              
00002665  __muldsi3                            
000026a1  __aeabi_f2iz                         
000026a1  __fixsfsi                            
000026d9  SYSCFG_DL_init                       
0000270d  __aeabi_f2uiz                        
0000270d  __fixunssfsi                         
00002741  _c_int00_noargs                      
00002769  DL_I2C_setClockConfig                
00002791  Encoder_GPIO_Init                    
000027b1  Motor_Init                           
000027d1  DL_SYSCTL_configFCC                  
000027ed  DL_Timer_setCaptCompUpdateMethod     
00002809  DL_Timer_setClockConfig              
00002825  DL_Timer_setCaptureCompareOutCtl     
0000283d  TIMA1_IRQHandler                     
00002855  TIMG0_IRQHandler                     
0000286d  PID_Control_SetTarget                
00002881  __TI_decompress_none                 
00002895  DL_Timer_setCaptureCompareValue      
000028a5  Encoder_GPIO_Get                     
000028b5  Encoder_Get                          
000028c5  delay_ms                             
000028d5  __TI_zero_init                       
000028e5  __aeabi_memclr                       
000028e5  __aeabi_memclr4                      
000028e5  __aeabi_memclr8                      
000028f1  DL_Common_delayCycles                
000028fd  __aeabi_memcpy                       
000028fd  __aeabi_memcpy4                      
000028fd  __aeabi_memcpy8                      
00002905  abort                                
0000290a  C$$EXIT                              
0000290b  HOSTexit                             
0000290f  Reset_Handler                        
00002913  _system_pre_init                     
00002918  asc2_2412                            
00003674  asc2_1608                            
00003c64  asc2_1206                            
00004190  __TI_Handler_Table_Base              
0000419c  __TI_Handler_Table_Limit             
000041ac  __TI_CINIT_Base                      
000041bc  __TI_CINIT_Limit                     
000041bc  __TI_CINIT_Warm                      
20200000  OLED_GRAM                            
20200000  __start___llvm_prf_bits              
20200000  __start___llvm_prf_cnts              
20200000  __stop___llvm_prf_bits               
20200000  __stop___llvm_prf_cnts               
20200400  gPWM_0Backup                         
202004bc  gPathfinding_TIMBackup               
20200578  PID_findway                          
202005b0  PID_MotorA                           
202005e0  PID_MotorB                           
20200610  speedA                               
20200618  speedB                               
20200628  check                                
20200629  pid_enabled                          
20207e00  __stack                              
20208000  __STACK_END                          
ffffffff  __TI_pprof_out_hndl                  
ffffffff  __TI_prof_data_size                  
ffffffff  __TI_prof_data_start                 
ffffffff  __binit__                            
ffffffff  binit                                
UNDEFED   __mpu_init                           
UNDEFED   _system_post_cinit                   

[166 symbols]
